[2025-10-18 10:36:15] INFO: ================================================================================
[2025-10-18 10:36:15] INFO: 🔍 실시간 주식 모니터링 시작 (개선된 버전)
[2025-10-18 10:36:15] INFO: ⏰ 기본 모니터링 간격: 30초 (0분)
[2025-10-18 10:36:15] INFO: 📊 동적 간격: 1% 이내(1분), 3% 이내(3분), 10% 이내(10분)
[2025-10-18 10:36:15] INFO: 🎯 저가 기준 터치 감지 활성화
[2025-10-18 10:36:15] INFO: 🕐 모니터링 시간: 거래일 08:00-20:00
[2025-10-18 10:36:15] INFO: 📅 주말/공휴일 모니터링 중단
[2025-10-18 10:36:15] INFO: ================================================================================
[2025-10-18 10:36:15] INFO: 
[사이클 1] 비거래일입니다 (주말)
[2025-10-18 10:36:15] INFO: ⏰ 30초 후 재확인...
[2025-10-18 10:49:30] INFO: ================================================================================
[2025-10-18 10:49:30] INFO: 🔍 실시간 주식 모니터링 시작 (개선된 버전)
[2025-10-18 10:49:30] INFO: ⏰ 기본 모니터링 간격: 30초 (0분)
[2025-10-18 10:49:30] INFO: 📊 동적 간격: 1% 이내(1분), 3% 이내(3분), 10% 이내(10분)
[2025-10-18 10:49:30] INFO: 🎯 저가 기준 터치 감지 활성화
[2025-10-18 10:49:30] INFO: 🕐 모니터링 시간: 거래일 08:00-20:00
[2025-10-18 10:49:30] INFO: 📅 주말/공휴일 모니터링 중단
[2025-10-18 10:49:30] INFO: ================================================================================
[2025-10-18 10:49:30] INFO: 
================================================================================
[2025-10-18 10:49:30] INFO: [사이클 1] 2025-10-18 10:49:30
[2025-10-18 10:49:30] INFO: ================================================================================
[2025-10-18 10:49:30] INFO: ✓ 접근 토큰 발급 성공
[2025-10-18 10:49:31] INFO: [OK] Summary 탭에서 72개 종목 로드
[2025-10-18 10:49:31] INFO: 
[1] 삼성전자 (005930) 모니터링 중...
[2025-10-18 10:49:31] INFO:   [현재가] 현재가: 96,300원
[2025-10-18 10:49:31] INFO:   [저가] 저가: 94,400원
[2025-10-18 10:49:31] INFO:   [고가] 고가: 99,100원
[2025-10-18 10:49:31] INFO:   [20일선] 20일선: 87,505원
[2025-10-18 10:49:31] INFO:   [1차매수선] 1차 매수선: 70,104원 (이격도: 37.4%)
[2025-10-18 10:49:31] INFO:   [2차매수선] 2차 매수선: 63,194원 (이격도: 52.4%)
[2025-10-18 10:49:31] INFO:   [3차매수선] 3차 매수선: 56,974원 (이격도: 69.0%)
[2025-10-18 10:49:31] INFO:   [간격] 다음 모니터링 간격: 1800초 (30분)
[2025-10-18 10:49:31] INFO: 
[2] SK하이닉스 (000660) 모니터링 중...
[2025-10-18 10:49:32] INFO:   [현재가] 현재가: 454,500원
[2025-10-18 10:49:32] INFO:   [저가] 저가: 440,500원
[2025-10-18 10:49:32] INFO:   [고가] 고가: 475,000원
[2025-10-18 10:49:32] INFO:   [20일선] 20일선: 382,575원
[2025-10-18 10:49:32] INFO:   [1차매수선] 1차 매수선: 306,560원 (이격도: 48.3%)
[2025-10-18 10:49:32] INFO:   [2차매수선] 2차 매수선: 276,404원 (이격도: 64.4%)
[2025-10-18 10:49:32] INFO:   [3차매수선] 3차 매수선: 249,264원 (이격도: 82.3%)
[2025-10-18 10:49:32] INFO:   [간격] 다음 모니터링 간격: 1800초 (30분)
[2025-10-18 10:49:32] INFO: 
[3] 두산에너빌리티 (034020) 모니터링 중...
[2025-10-18 10:49:32] INFO:   [현재가] 현재가: 79,600원
[2025-10-18 10:49:32] INFO:   [저가] 저가: 76,200원
[2025-10-18 10:49:32] INFO:   [고가] 고가: 83,600원
[2025-10-18 10:49:32] INFO:   [20일선] 20일선: 68,690원
[2025-10-18 10:49:32] INFO:   [1차매수선] 1차 매수선: 55,052원 (이격도: 44.6%)
[2025-10-18 10:49:32] INFO:   [2차매수선] 2차 매수선: 49,597원 (이격도: 60.5%)
[2025-10-18 10:49:32] INFO:   [3차매수선] 3차 매수선: 44,687원 (이격도: 78.1%)
[2025-10-18 10:49:32] INFO:   [간격] 다음 모니터링 간격: 1800초 (30분)
[2025-10-18 10:49:32] INFO: 
[4] NAVER (035420) 모니터링 중...
[2025-10-18 10:49:33] INFO:   [현재가] 현재가: 250,500원
[2025-10-18 10:49:33] INFO:   [저가] 저가: 245,000원
[2025-10-18 10:49:33] INFO:   [고가] 고가: 262,500원
[2025-10-18 10:49:33] INFO:   [20일선] 20일선: 250,300원
[2025-10-18 10:49:33] INFO:   [1차매수선] 1차 매수선: 200,740원 (이격도: 24.8%)
[2025-10-18 10:49:33] INFO:   [2차매수선] 2차 매수선: 181,166원 (이격도: 38.3%)
[2025-10-18 10:49:33] INFO:   [3차매수선] 3차 매수선: 163,549원 (이격도: 53.2%)
[2025-10-18 10:49:33] INFO:   [간격] 다음 모니터링 간격: 1800초 (30분)
[2025-10-18 10:49:33] INFO: 
[5] 한미반도체 (042700) 모니터링 중...
[2025-10-18 10:49:34] INFO:   [현재가] 현재가: 139,500원
[2025-10-18 10:49:34] INFO:   [저가] 저가: 131,700원
[2025-10-18 10:49:34] INFO:   [고가] 고가: 147,900원
[2025-10-18 10:49:34] INFO:   [20일선] 20일선: 108,540원
[2025-10-18 10:49:34] INFO:   [1차매수선] 1차 매수선: 86,932원 (이격도: 60.5%)
[2025-10-18 10:49:34] INFO:   [2차매수선] 2차 매수선: 78,339원 (이격도: 78.1%)
[2025-10-18 10:49:34] INFO:   [3차매수선] 3차 매수선: 70,605원 (이격도: 97.6%)
[2025-10-18 10:49:34] INFO:   [간격] 다음 모니터링 간격: 1800초 (30분)
[2025-10-18 10:49:34] INFO: 
[6] 에코프로비엠 (247540) 모니터링 중...
[2025-10-18 10:49:34] INFO:   [현재가] 현재가: 152,900원
[2025-10-18 10:49:34] INFO:   [저가] 저가: 138,600원
[2025-10-18 10:49:34] INFO:   [고가] 고가: 167,400원
[2025-10-18 10:49:35] INFO:   [20일선] 20일선: 123,320원
[2025-10-18 10:49:35] INFO:   [1차매수선] 1차 매수선: 98,756원 (이격도: 54.8%)
[2025-10-18 10:49:35] INFO:   [2차매수선] 2차 매수선: 88,980원 (이격도: 71.8%)
[2025-10-18 10:49:35] INFO:   [3차매수선] 3차 매수선: 80,182원 (이격도: 90.7%)
[2025-10-18 10:49:35] INFO:   [간격] 다음 모니터링 간격: 1800초 (30분)
[2025-10-18 10:49:35] INFO: 
[7] 삼성SDI (006400) 모니터링 중...
[2025-10-18 10:49:35] INFO:   [현재가] 현재가: 249,000원
[2025-10-18 10:49:35] INFO:   [저가] 저가: 228,000원
[2025-10-18 10:49:35] INFO:   [고가] 고가: 259,500원
[2025-10-18 10:49:35] INFO:   [20일선] 20일선: 213,850원
[2025-10-18 10:49:35] INFO:   [1차매수선] 1차 매수선: 171,580원 (이격도: 45.1%)
[2025-10-18 10:49:35] INFO:   [2차매수선] 2차 매수선: 154,922원 (이격도: 60.7%)
[2025-10-18 10:49:35] INFO:   [3차매수선] 3차 매수선: 139,930원 (이격도: 77.9%)
[2025-10-18 10:49:35] INFO:   [간격] 다음 모니터링 간격: 1800초 (30분)
[2025-10-18 10:49:35] INFO: 
[8] 에코프로 (086520) 모니터링 중...
[2025-10-18 10:49:36] INFO:   [현재가] 현재가: 70,800원
[2025-10-18 10:49:36] INFO:   [저가] 저가: 58,600원
[2025-10-18 10:49:36] INFO:   [고가] 고가: 73,900원
[2025-10-18 10:49:36] INFO:   [20일선] 20일선: 51,680원
[2025-10-18 10:49:36] INFO:   [1차매수선] 1차 매수선: 41,394원 (이격도: 71.0%)
[2025-10-18 10:49:36] INFO:   [2차매수선] 2차 매수선: 37,305원 (이격도: 89.8%)
[2025-10-18 10:49:36] INFO:   [3차매수선] 3차 매수선: 33,624원 (이격도: 110.6%)
[2025-10-18 10:49:36] INFO:   [간격] 다음 모니터링 간격: 1800초 (30분)
[2025-10-18 10:49:36] INFO: 
[9] 에코프로머티 (450080) 모니터링 중...
[2025-10-18 10:49:37] INFO:   [현재가] 현재가: 61,700원
[2025-10-18 10:49:37] INFO:   [저가] 저가: 58,700원
[2025-10-18 10:49:37] INFO:   [고가] 고가: 69,200원
[2025-10-18 10:49:37] INFO:   [20일선] 20일선: 51,712원
[2025-10-18 10:49:37] INFO:   [1차매수선] 1차 매수선: 41,420원 (이격도: 49.0%)
[2025-10-18 10:49:37] INFO:   [2차매수선] 2차 매수선: 37,328원 (이격도: 65.3%)
[2025-10-18 10:49:37] INFO:   [3차매수선] 3차 매수선: 33,645원 (이격도: 83.4%)
[2025-10-18 10:49:37] INFO:   [간격] 다음 모니터링 간격: 1800초 (30분)
[2025-10-18 10:49:37] INFO: 
[10] LG에너지솔루션 (373220) 모니터링 중...
[2025-10-18 10:49:37] INFO:   [현재가] 현재가: 421,500원
[2025-10-18 10:49:37] INFO:   [저가] 저가: 406,000원
[2025-10-18 10:49:37] INFO:   [고가] 고가: 443,000원
[2025-10-18 10:49:37] INFO:   [20일선] 20일선: 369,025원
[2025-10-18 10:49:37] INFO:   [1차매수선] 1차 매수선: 295,720원 (이격도: 42.5%)
[2025-10-18 10:49:37] INFO:   [2차매수선] 2차 매수선: 266,648원 (이격도: 58.1%)
[2025-10-18 10:49:37] INFO:   [3차매수선] 3차 매수선: 240,483원 (이격도: 75.3%)
[2025-10-18 10:49:37] INFO:   [간격] 다음 모니터링 간격: 1800초 (30분)
[2025-10-18 10:49:37] INFO: 
[11] 한화오션 (042660) 모니터링 중...
[2025-10-18 10:49:38] INFO:   [현재가] 현재가: 107,300원
[2025-10-18 10:49:38] INFO:   [저가] 저가: 103,700원
[2025-10-18 10:49:38] INFO:   [고가] 고가: 113,700원
[2025-10-18 10:49:38] INFO:   [20일선] 20일선: 109,175원
[2025-10-18 10:49:38] INFO:   [1차매수선] 1차 매수선: 87,440원 (이격도: 22.7%)
[2025-10-18 10:49:38] INFO:   [2차매수선] 2차 매수선: 78,796원 (이격도: 36.2%)
[2025-10-18 10:49:38] INFO:   [3차매수선] 3차 매수선: 71,016원 (이격도: 51.1%)
[2025-10-18 10:49:38] INFO:   [간격] 다음 모니터링 간격: 1800초 (30분)
[2025-10-18 10:49:38] INFO: 
[12] 한국전력 (015760) 모니터링 중...
