======================================== 
S12 Trading System - Daily Run (20:10) 
Start Time: 2025-10-26 11:28:58.55 
======================================== 
[1/2] Daily Turnover Tracking... 
[2025-10-26 11:28:59] INFO: \u2713 API 토큰 획득 완료
[2025-10-26 11:28:59] INFO: ============================================================
[2025-10-26 11:28:59] INFO: 날짜: 2025-10-26
[2025-10-26 11:28:59] INFO: 임계값: 5,000억 이상
[2025-10-26 11:28:59] INFO: ============================================================
[2025-10-26 11:28:59] INFO: [KRX] 거래대금 순위 조회 중...
[2025-10-26 11:28:59] INFO:   \u2713 100개 종목 수신
[2025-10-26 11:28:59] INFO: [KOSDAQ] 거래대금 순위 조회 중...
[2025-10-26 11:28:59] INFO:   \u2713 100개 종목 수신
[2025-10-26 11:28:59] INFO: 
============================================================
[2025-10-26 11:28:59] INFO: 거래대금 5,000억 이상: 12개 종목
[2025-10-26 11:28:59] INFO: ============================================================
[2025-10-26 11:28:59] INFO: 
상위 10개:
[2025-10-26 11:28:59] INFO:    1. 000660 SK하이닉스                   36,422억
[2025-10-26 11:28:59] INFO:    2. 005930 삼성전자                     28,792억
[2025-10-26 11:28:59] INFO:    3. 034020 두산에너빌리티                  13,229억
[2025-10-26 11:28:59] INFO:    4. 006400 삼성SDI                     9,211억
[2025-10-26 11:28:59] INFO:    5. 042660 한화오션                      8,282억
[2025-10-26 11:28:59] INFO:    6. 003670 포스코퓨처엠                    7,396억
[2025-10-26 11:28:59] INFO:    7. 373220 LG에너지솔루션                  6,848억
[2025-10-26 11:28:59] INFO:    8. 090360 로보스타                      6,659억
[2025-10-26 11:28:59] INFO:    9. 010140 삼성중공업                     5,521억
[2025-10-26 11:28:59] INFO:   10. 247540 에코프로비엠                    5,452억
[2025-10-26 11:29:00] INFO: \u2713 데이터 저장 완료: 12개 종목의 누적횟수 증가
[2025-10-26 11:29:00] INFO: 
============================================================
[2025-10-26 11:29:00] INFO: 완료: 12개 종목 저장됨
[2025-10-26 11:29:00] INFO: 파일: C:\Coding\S12\output\turnover_universe.xlsx
[2025-10-26 11:29:00] INFO: ============================================================
Step 1 completed successfully 
[2/2] Trading Signal Generation... 
[2025-10-26 11:29:01] INFO: ================================================================================
[2025-10-26 11:29:01] INFO: Trading Signal System 시작
[2025-10-26 11:29:01] INFO: 실행 시간: 2025-10-26 11:29:01
[2025-10-26 11:29:01] INFO: ================================================================================
[2025-10-26 11:29:01] INFO: \U0001f4c5 비거래일입니다 (주말)
[2025-10-26 11:29:01] INFO: 거래일이 아닌 날에는 시그널 분석을 건너뜁니다.
[2025-10-26 11:29:01] INFO: 강제 실행하려면 --force 옵션을 사용하세요.
[2025-10-26 11:29:01] INFO: ================================================================================
Step 2 completed successfully 
Completion Time: 2025-10-26 11:29:01.55 
======================================== 
SUCCESS: All steps completed successfully 
