======================================== 
S12 Trading System - Daily Run (20:10) 
Start Time: 2025-10-19 14:18:12.79 
======================================== 
[1/2] Daily Turnover Tracking... 
Traceback (most recent call last):
  File "C:\Coding\S12\Daily_Turnover_Tracker.py", line 18, in <module>
    import requests
ModuleNotFoundError: No module named 'requests'
ERROR: Daily Turnover Tracker failed! 
ERROR: Process failed at 2025-10-19 14:18:14.81 
======================================== 
======================================== 
S12 Trading System - Daily Run (20:10) 
Start Time: 2025-10-19 20:10:01.62 
Traceback (most recent call last):
  File "C:\Coding\S12\Daily_Turnover_Tracker.py", line 18, in <module>
    import requests
ModuleNotFoundError: No module named 'requests'
ERROR: Daily Turnover Tracker failed! 
ERROR: Process failed at 2025-10-19 20:10:01.78 
======================================== 
