======================================== 
S12 Trading System - Daily Run (20:10) 
Start Time: 2025-10-21 20:10:01.31 
======================================== 
SUCCESS: All steps completed successfully 
Traceback (most recent call last):
  File "C:\Coding\S12\Daily_Turnover_Tracker.py", line 18, in <module>
    import requests
ModuleNotFoundError: No module named 'requests'
ERROR: Daily Turnover Tracker failed! 
ERROR: Process failed at 2025-10-21 20:10:01.45 
======================================== 
======================================== 
S12 Trading System - Daily Run (20:10) 
Start Time: 2025-10-21 20:44:11.22 
======================================== 
[1/2] Daily Turnover Tracking... 
[2025-10-21 20:44:12] INFO: \u2713 API 토큰 획득 완료
[2025-10-21 20:44:12] INFO: ============================================================
[2025-10-21 20:44:12] INFO: 날짜: 2025-10-21
[2025-10-21 20:44:12] INFO: 임계값: 5,000억 이상
[2025-10-21 20:44:12] INFO: ============================================================
[2025-10-21 20:44:12] INFO: [KRX] 거래대금 순위 조회 중...
[2025-10-21 20:44:12] INFO:   \u2713 100개 종목 수신
[2025-10-21 20:44:12] INFO: [KOSDAQ] 거래대금 순위 조회 중...
[2025-10-21 20:44:12] INFO:   \u2713 100개 종목 수신
[2025-10-21 20:44:12] INFO: 
============================================================
[2025-10-21 20:44:12] INFO: 거래대금 5,000억 이상: 10개 종목
[2025-10-21 20:44:12] INFO: ============================================================
[2025-10-21 20:44:12] INFO: 
상위 10개:
[2025-10-21 20:44:12] INFO:    1. 005930 삼성전자                     35,913억
[2025-10-21 20:44:12] INFO:    2. 000660 SK하이닉스                   32,692억
[2025-10-21 20:44:12] INFO:    3. 034020 두산에너빌리티                  11,508억
[2025-10-21 20:44:12] INFO:    4. 042660 한화오션                     11,078억
[2025-10-21 20:44:12] INFO:    5. 005380 현대차                       9,468억
[2025-10-21 20:44:12] INFO:    6. 042700 한미반도체                     9,017억
[2025-10-21 20:44:12] INFO:    7. 035720 카카오                       8,539억
[2025-10-21 20:44:12] INFO:    8. 086520 에코프로                      8,480억
[2025-10-21 20:44:12] INFO:    9. 090710 휴림로봇                      7,344억
[2025-10-21 20:44:12] INFO:   10. 035420 NAVER                     5,808억
[2025-10-21 20:44:13] INFO: \u2713 데이터 저장 완료: 신규 1개, 누적횟수 증가 9개
[2025-10-21 20:44:13] INFO: 
============================================================
[2025-10-21 20:44:13] INFO: 완료: 10개 종목 저장됨
[2025-10-21 20:44:13] INFO: 파일: C:\Coding\S12\output\turnover_universe.xlsx
[2025-10-21 20:44:13] INFO: ============================================================
Step 1 completed successfully 
[2/2] Trading Signal Generation... 
[2025-10-21 20:44:14] INFO: ================================================================================
[2025-10-21 20:44:14] INFO: Trading Signal System 시작
[2025-10-21 20:44:14] INFO: 실행 시간: 2025-10-21 20:44:14
[2025-10-21 20:44:14] INFO: ================================================================================
[2025-10-21 20:44:15] INFO: \u2713 API 토큰 획득 완료
[2025-10-21 20:44:15] INFO: \u2713 추적 대상: 73개 종목
[2025-10-21 20:44:15] INFO: \u2713 기존 시그널 로드: Summary 72개, History 0개
[2025-10-21 20:44:15] INFO: 
================================================================================
[2025-10-21 20:44:15] INFO: 종목별 분석 시작
[2025-10-21 20:44:15] INFO: ================================================================================
[2025-10-21 20:44:15] INFO: 
[1/73] 삼성전자 (005930) 분석 중...
[2025-10-21 20:44:15] INFO:   [2025-10-21] 종가: 97,900원, 20일선: 88,560원
[2025-10-21 20:44:15] INFO:   \U0001f4ca S20: 1,771,200, Close_D_19: 78,400, S19_next: 1,692,800
[2025-10-21 20:44:15] INFO:   \U0001f3af 정확한 매수선: 1차 70,600, 2차 63,700, 3차 57,500
[2025-10-21 20:44:15] INFO:   \U0001f4c8 기존 엔벨로프: 70,848원 (참고용)
[2025-10-21 20:44:15] INFO: 
[2/73] SK하이닉스 (000660) 분석 중...
[2025-10-21 20:44:15] INFO:   [2025-10-21] 종가: 486,000원, 20일선: 391,550원
[2025-10-21 20:44:15] INFO:   \U0001f4ca S20: 7,831,000, Close_D_19: 334,500, S19_next: 7,496,500
[2025-10-21 20:44:15] INFO:   \U0001f3af 정확한 매수선: 1차 312,500, 2차 282,000, 3차 254,500
[2025-10-21 20:44:15] INFO:   \U0001f4c8 기존 엔벨로프: 313,240원 (참고용)
[2025-10-21 20:44:16] INFO: 
[3/73] 두산에너빌리티 (034020) 분석 중...
[2025-10-21 20:44:16] INFO:   [2025-10-21] 종가: 80,500원, 20일선: 69,655원
[2025-10-21 20:44:16] INFO:   \U0001f4ca S20: 1,393,100, Close_D_19: 61,400, S19_next: 1,331,700
[2025-10-21 20:44:16] INFO:   \U0001f3af 정확한 매수선: 1차 55,500, 2차 50,000, 3차 45,050
[2025-10-21 20:44:16] INFO:   \U0001f4c8 기존 엔벨로프: 55,724원 (참고용)
[2025-10-21 20:44:16] INFO: 
[4/73] NAVER (035420) 분석 중...
[2025-10-21 20:44:16] INFO:   [2025-10-21] 종가: 255,500원, 20일선: 251,850원
[2025-10-21 20:44:16] INFO:   \U0001f4ca S20: 5,037,000, Close_D_19: 234,000, S19_next: 4,803,000
[2025-10-21 20:44:16] INFO:   \U0001f3af 정확한 매수선: 1차 200,500, 2차 180,600, 3차 162,700
[2025-10-21 20:44:16] INFO:   \U0001f4c8 기존 엔벨로프: 201,480원 (참고용)
[2025-10-21 20:44:16] INFO: 
[5/73] 한미반도체 (042700) 분석 중...
[2025-10-21 20:44:17] INFO:   [2025-10-21] 종가: 151,600원, 20일선: 111,915원
[2025-10-21 20:44:17] INFO:   \U0001f4ca S20: 2,238,300, Close_D_19: 90,900, S19_next: 2,147,400
[2025-10-21 20:44:17] INFO:   \U0001f3af 정확한 매수선: 1차 89,500, 2차 80,700, 3차 72,800
[2025-10-21 20:44:17] INFO:   \U0001f4c8 기존 엔벨로프: 89,532원 (참고용)
[2025-10-21 20:44:17] INFO: 
[6/73] 에코프로 (086520) 분석 중...
[2025-10-21 20:44:17] INFO:   [2025-10-21] 종가: 76,400원, 20일선: 53,418원
[2025-10-21 20:44:17] INFO:   \U0001f4ca S20: 1,068,350, Close_D_19: 49,750, S19_next: 1,018,600
[2025-10-21 20:44:17] INFO:   \U0001f3af 정확한 매수선: 1차 42,450, 2차 38,300, 3차 34,550
[2025-10-21 20:44:17] INFO:   \U0001f4c8 기존 엔벨로프: 42,734원 (참고용)
[2025-10-21 20:44:17] INFO: 
[7/73] 한화오션 (042660) 분석 중...
[2025-10-21 20:44:17] INFO:   [2025-10-21] 종가: 122,200원, 20일선: 110,095원
[2025-10-21 20:44:17] INFO:   \U0001f4ca S20: 2,201,900, Close_D_19: 112,400, S19_next: 2,089,500
[2025-10-21 20:44:17] INFO:   \U0001f3af 정확한 매수선: 1차 87,100, 2차 78,500, 3차 70,800
[2025-10-21 20:44:17] INFO:   \U0001f4c8 기존 엔벨로프: 88,076원 (참고용)
[2025-10-21 20:44:18] INFO: 
[8/73] 현대차 (005380) 분석 중...
[2025-10-21 20:44:18] INFO:   [2025-10-21] 종가: 260,500원, 20일선: 223,875원
[2025-10-21 20:44:18] INFO:   \U0001f4ca S20: 4,477,500, Close_D_19: 216,000, S19_next: 4,261,500
[2025-10-21 20:44:18] INFO:   \U0001f3af 정확한 매수선: 1차 177,600, 2차 160,000, 3차 144,100
[2025-10-21 20:44:18] INFO:   \U0001f4c8 기존 엔벨로프: 179,100원 (참고용)
[2025-10-21 20:44:18] INFO: 
[9/73] 에코프로비엠 (247540) 분석 중...
[2025-10-21 20:44:18] INFO:   [2025-10-21] 종가: 161,300원, 20일선: 125,340원
[2025-10-21 20:44:18] INFO:   \U0001f4ca S20: 2,506,800, Close_D_19: 121,400, S19_next: 2,385,400
[2025-10-21 20:44:18] INFO:   \U0001f3af 정확한 매수선: 1차 99,400, 2차 89,600, 3차 80,800
[2025-10-21 20:44:18] INFO:   \U0001f4c8 기존 엔벨로프: 100,272원 (참고용)
[2025-10-21 20:44:18] INFO: 
[10/73] 삼성SDI (006400) 분석 중...
[2025-10-21 20:44:18] INFO:   [2025-10-21] 종가: 261,000원, 20일선: 217,500원
[2025-10-21 20:44:18] INFO:   \U0001f4ca S20: 4,350,000, Close_D_19: 204,500, S19_next: 4,145,500
[2025-10-21 20:44:18] INFO:   \U0001f3af 정확한 매수선: 1차 172,800, 2차 155,700, 3차 140,300
[2025-10-21 20:44:18] INFO:   \U0001f4c8 기존 엔벨로프: 174,000원 (참고용)
[2025-10-21 20:44:19] INFO: 
[11/73] 에코프로머티 (450080) 분석 중...
[2025-10-21 20:44:19] INFO:   [2025-10-21] 종가: 65,200원, 20일선: 52,495원
[2025-10-21 20:44:19] INFO:   \U0001f4ca S20: 1,049,900, Close_D_19: 51,100, S19_next: 998,800
[2025-10-21 20:44:19] INFO:   \U0001f3af 정확한 매수선: 1차 41,650, 2차 37,550, 3차 33,850
[2025-10-21 20:44:19] INFO:   \U0001f4c8 기존 엔벨로프: 41,996원 (참고용)
[2025-10-21 20:44:19] INFO: 
[12/73] LG에너지솔루션 (373220) 분석 중...
[2025-10-21 20:44:19] INFO:   [2025-10-21] 종가: 437,000원, 20일선: 371,450원
[2025-10-21 20:44:19] INFO:   \U0001f4ca S20: 7,429,000, Close_D_19: 351,000, S19_next: 7,078,000
[2025-10-21 20:44:19] INFO:   \U0001f3af 정확한 매수선: 1차 295,000, 2차 266,000, 3차 240,000
[2025-10-21 20:44:19] INFO:   \U0001f4c8 기존 엔벨로프: 297,160원 (참고용)
[2025-10-21 20:44:19] INFO: 
[13/73] 한국전력 (015760) 분석 중...
[2025-10-21 20:44:19] INFO:   [2025-10-21] 종가: 44,200원, 20일선: 37,605원
[2025-10-21 20:44:19] INFO:   \U0001f4ca S20: 752,100, Close_D_19: 36,800, S19_next: 715,300
[2025-10-21 20:44:19] INFO:   \U0001f3af 정확한 매수선: 1차 29,850, 2차 26,950, 3차 24,350
[2025-10-21 20:44:19] INFO:   \U0001f4c8 기존 엔벨로프: 30,084원 (참고용)
[2025-10-21 20:44:20] INFO: 
[14/73] 포스코퓨처엠 (003670) 분석 중...
[2025-10-21 20:44:20] INFO:   [2025-10-21] 종가: 202,500원, 20일선: 156,600원
[2025-10-21 20:44:20] INFO:   \U0001f4ca S20: 3,132,000, Close_D_19: 133,400, S19_next: 2,998,600
[2025-10-21 20:44:20] INFO:   \U0001f3af 정확한 매수선: 1차 125,000, 2차 112,600, 3차 101,500
[2025-10-21 20:44:20] INFO:   \U0001f4c8 기존 엔벨로프: 125,280원 (참고용)
[2025-10-21 20:44:20] INFO: 
[15/73] 카카오 (035720) 분석 중...
[2025-10-21 20:44:20] INFO:   [2025-10-21] 종가: 62,600원, 20일선: 61,460원
[2025-10-21 20:44:20] INFO:   \U0001f4ca S20: 1,229,200, Close_D_19: 62,500, S19_next: 1,166,700
[2025-10-21 20:44:20] INFO:   \U0001f3af 정확한 매수선: 1차 48,650, 2차 43,850, 3차 39,550
[2025-10-21 20:44:20] INFO:   \U0001f4c8 기존 엔벨로프: 49,168원 (참고용)
[2025-10-21 20:44:20] INFO: 
[16/73] LG화학 (051910) 분석 중...
[2025-10-21 20:44:20] INFO:   [2025-10-21] 종가: 349,000원, 20일선: 297,900원
[2025-10-21 20:44:20] INFO:   \U0001f4ca S20: 5,958,000, Close_D_19: 292,000, S19_next: 5,666,000
[2025-10-21 20:44:20] INFO:   \U0001f3af 정확한 매수선: 1차 236,500, 2차 213,500, 3차 192,300
[2025-10-21 20:44:20] INFO:   \U0001f4c8 기존 엔벨로프: 238,320원 (참고용)
[2025-10-21 20:44:21] INFO: 
[17/73] 엘앤에프 (066970) 분석 중...
[2025-10-21 20:44:21] INFO:   [2025-10-21] 종가: 114,100원, 20일선: 82,170원
[2025-10-21 20:44:21] INFO:   \U0001f4ca S20: 1,643,400, Close_D_19: 77,200, S19_next: 1,566,200
[2025-10-21 20:44:21] INFO:   \U0001f3af 정확한 매수선: 1차 65,300, 2차 58,900, 3차 53,200
[2025-10-21 20:44:21] INFO:   \U0001f4c8 기존 엔벨로프: 65,736원 (참고용)
[2025-10-21 20:44:21] INFO: 
[18/73] 두산 (000150) 분석 중...
[2025-10-21 20:44:21] INFO:   [2025-10-21] 종가: 753,000원, 20일선: 603,350원
[2025-10-21 20:44:21] INFO:   \U0001f4ca S20: 12,067,000, Close_D_19: 616,000, S19_next: 11,451,000
[2025-10-21 20:44:21] INFO:   \U0001f3af 정확한 매수선: 1차 477,500, 2차 430,500, 3차 388,000
[2025-10-21 20:44:21] INFO:   \U0001f4c8 기존 엔벨로프: 482,680원 (참고용)
[2025-10-21 20:44:21] INFO: 
[19/73] 한라캐스트 (125490) 분석 중...
[2025-10-21 20:44:21] INFO:   [2025-10-21] 종가: 12,460원, 20일선: 9,075원
[2025-10-21 20:44:21] INFO:   \U0001f4ca S20: 181,500, Close_D_19: 7,610, S19_next: 173,890
[2025-10-21 20:44:21] INFO:   \U0001f3af 정확한 매수선: 1차 7,250, 2차 6,540, 3차 5,900
[2025-10-21 20:44:21] INFO:   \U0001f4c8 기존 엔벨로프: 7,260원 (참고용)
[2025-10-21 20:44:22] INFO: 
[20/73] 휴림로봇 (090710) 분석 중...
[2025-10-21 20:44:22] INFO:   [2025-10-21] 종가: 6,330원, 20일선: 3,795원
[2025-10-21 20:44:22] INFO:   \U0001f4ca S20: 75,905, Close_D_19: 3,360, S19_next: 72,545
[2025-10-21 20:44:22] INFO:   \U0001f3af 정확한 매수선: 1차 3,025, 2차 2,730, 3차 2,465
[2025-10-21 20:44:22] INFO:   \U0001f4c8 기존 엔벨로프: 3,036원 (참고용)
[2025-10-21 20:44:22] INFO: 
[21/73] 클로봇 (466100) 분석 중...
[2025-10-21 20:44:22] INFO:   [2025-10-21] 종가: 40,250원, 20일선: 33,785원
[2025-10-21 20:44:22] INFO:   \U0001f4ca S20: 675,700, Close_D_19: 26,650, S19_next: 649,050
[2025-10-21 20:44:22] INFO:   \U0001f3af 정확한 매수선: 1차 27,050, 2차 24,400, 3차 22,050
[2025-10-21 20:44:22] INFO:   \U0001f4c8 기존 엔벨로프: 27,028원 (참고용)
[2025-10-21 20:44:22] INFO: 
[22/73] 로보티즈 (108490) 분석 중...
[2025-10-21 20:44:22] INFO:   [2025-10-21] 종가: 186,700원, 20일선: 162,688원
[2025-10-21 20:44:22] INFO:   \U0001f4ca S20: 3,253,767, Close_D_19: 97,380, S19_next: 3,156,387
[2025-10-21 20:44:22] INFO:   \U0001f3af 정확한 매수선: 1차 131,600, 2차 118,600, 3차 106,900
[2025-10-21 20:44:22] INFO:   \U0001f4c8 기존 엔벨로프: 130,151원 (참고용)
[2025-10-21 20:44:23] INFO: 
[23/73] 삼성전자우 (005935) 분석 중...
[2025-10-21 20:44:23] INFO:   [2025-10-21] 종가: 77,700원, 20일선: 69,685원
[2025-10-21 20:44:23] INFO:   \U0001f4ca S20: 1,393,700, Close_D_19: 62,800, S19_next: 1,330,900
[2025-10-21 20:44:23] INFO:   \U0001f3af 정확한 매수선: 1차 55,500, 2차 50,000, 3차 45,050
[2025-10-21 20:44:23] INFO:   \U0001f4c8 기존 엔벨로프: 55,748원 (참고용)
[2025-10-21 20:44:23] INFO: 
[24/73] 일동제약 (249420) 분석 중...
[2025-10-21 20:44:23] INFO:   [2025-10-21] 종가: 21,600원, 20일선: 26,330원
[2025-10-21 20:44:23] INFO:   \U0001f4ca S20: 526,600, Close_D_19: 26,900, S19_next: 499,700
[2025-10-21 20:44:23] INFO:   \U0001f3af 정확한 매수선: 1차 20,850, 2차 18,780, 3차 16,920
[2025-10-21 20:44:23] INFO:   \U0001f4c8 기존 엔벨로프: 21,064원 (참고용)
[2025-10-21 20:44:23] ERROR: 예기치 않은 오류 발생: can't multiply sequence by non-int of type 'float'
Traceback (most recent call last):
  File "C:\Coding\S12\Trading_Signal_System.py", line 998, in main
    result = analyze_stock(token, ticker, name, df_summary, alert_threshold)
             ^^^^^^^^^^^^^^^^^^^^^^^^^^^^^^^^^^^^^^^^^^^^^^^^^^^^^^^^^^^^^^^
  File "C:\Coding\S12\Trading_Signal_System.py", line 588, in analyze_stock
    sell1 = avg_price * (1 + SELL_LEVELS[0] / 100)  # +3%
            ~~~~~~~~~~^~~~~~~~~~~~~~~~~~~~~~~~~~~~
TypeError: can't multiply sequence by non-int of type 'float'
[2025-10-21 20:44:24] INFO: \u2713 텔레그램 전송 성공: me
ERROR: Trading Signal System failed! 
ERROR: Process failed at 2025-10-21 20:44:24.74 
======================================== 
======================================== 
S12 Trading System - Daily Run (20:10) 
Start Time: 2025-10-21 20:44:42.33 
======================================== 
[1/2] Daily Turnover Tracking... 
[2025-10-21 20:44:43] INFO: \u2713 API 토큰 획득 완료
[2025-10-21 20:44:43] INFO: ============================================================
[2025-10-21 20:44:43] INFO: 날짜: 2025-10-21
[2025-10-21 20:44:43] INFO: 임계값: 5,000억 이상
[2025-10-21 20:44:43] INFO: ============================================================
[2025-10-21 20:44:43] INFO: [KRX] 거래대금 순위 조회 중...
[2025-10-21 20:44:43] INFO:   \u2713 100개 종목 수신
[2025-10-21 20:44:43] INFO: [KOSDAQ] 거래대금 순위 조회 중...
[2025-10-21 20:44:43] INFO:   \u2713 100개 종목 수신
[2025-10-21 20:44:43] INFO: 
============================================================
[2025-10-21 20:44:43] INFO: 거래대금 5,000억 이상: 10개 종목
[2025-10-21 20:44:43] INFO: ============================================================
[2025-10-21 20:44:43] INFO: 
상위 10개:
[2025-10-21 20:44:43] INFO:    1. 005930 삼성전자                     35,913억
[2025-10-21 20:44:43] INFO:    2. 000660 SK하이닉스                   32,692억
[2025-10-21 20:44:43] INFO:    3. 034020 두산에너빌리티                  11,508억
[2025-10-21 20:44:43] INFO:    4. 042660 한화오션                     11,078억
[2025-10-21 20:44:43] INFO:    5. 005380 현대차                       9,468억
[2025-10-21 20:44:43] INFO:    6. 042700 한미반도체                     9,017억
[2025-10-21 20:44:43] INFO:    7. 035720 카카오                       8,539억
[2025-10-21 20:44:43] INFO:    8. 086520 에코프로                      8,480억
[2025-10-21 20:44:43] INFO:    9. 090710 휴림로봇                      7,344억
[2025-10-21 20:44:43] INFO:   10. 035420 NAVER                     5,808억
[2025-10-21 20:44:44] INFO: \u2713 데이터 저장 완료: 10개 종목 갱신 (오늘 이미 실행함, 누적횟수 유지)
[2025-10-21 20:44:44] INFO: 
============================================================
[2025-10-21 20:44:44] INFO: 완료: 10개 종목 저장됨
[2025-10-21 20:44:44] INFO: 파일: C:\Coding\S12\output\turnover_universe.xlsx
[2025-10-21 20:44:44] INFO: ============================================================
Step 1 completed successfully 
[2/2] Trading Signal Generation... 
[2025-10-21 20:44:45] INFO: ================================================================================
[2025-10-21 20:44:45] INFO: Trading Signal System 시작
[2025-10-21 20:44:45] INFO: 실행 시간: 2025-10-21 20:44:45
[2025-10-21 20:44:45] INFO: ================================================================================
[2025-10-21 20:44:45] INFO: \u2713 API 토큰 획득 완료
[2025-10-21 20:44:45] INFO: \u2713 추적 대상: 73개 종목
[2025-10-21 20:44:45] INFO: \u2713 기존 시그널 로드: Summary 72개, History 0개
[2025-10-21 20:44:45] INFO: 
================================================================================
[2025-10-21 20:44:45] INFO: 종목별 분석 시작
[2025-10-21 20:44:45] INFO: ================================================================================
[2025-10-21 20:44:45] INFO: 
[1/73] 삼성전자 (005930) 분석 중...
[2025-10-21 20:44:46] INFO:   [2025-10-21] 종가: 97,900원, 20일선: 88,560원
[2025-10-21 20:44:46] INFO:   \U0001f4ca S20: 1,771,200, Close_D_19: 78,400, S19_next: 1,692,800
[2025-10-21 20:44:46] INFO:   \U0001f3af 정확한 매수선: 1차 70,600, 2차 63,700, 3차 57,500
[2025-10-21 20:44:46] INFO:   \U0001f4c8 기존 엔벨로프: 70,848원 (참고용)
[2025-10-21 20:44:46] INFO: 
[2/73] SK하이닉스 (000660) 분석 중...
[2025-10-21 20:44:46] INFO:   [2025-10-21] 종가: 486,000원, 20일선: 391,550원
[2025-10-21 20:44:46] INFO:   \U0001f4ca S20: 7,831,000, Close_D_19: 334,500, S19_next: 7,496,500
[2025-10-21 20:44:46] INFO:   \U0001f3af 정확한 매수선: 1차 312,500, 2차 282,000, 3차 254,500
[2025-10-21 20:44:46] INFO:   \U0001f4c8 기존 엔벨로프: 313,240원 (참고용)
[2025-10-21 20:44:46] INFO: 
[3/73] 두산에너빌리티 (034020) 분석 중...
[2025-10-21 20:44:46] INFO:   [2025-10-21] 종가: 80,500원, 20일선: 69,655원
[2025-10-21 20:44:46] INFO:   \U0001f4ca S20: 1,393,100, Close_D_19: 61,400, S19_next: 1,331,700
[2025-10-21 20:44:46] INFO:   \U0001f3af 정확한 매수선: 1차 55,500, 2차 50,000, 3차 45,050
[2025-10-21 20:44:46] INFO:   \U0001f4c8 기존 엔벨로프: 55,724원 (참고용)
[2025-10-21 20:44:46] INFO: 
[4/73] NAVER (035420) 분석 중...
[2025-10-21 20:44:47] INFO:   [2025-10-21] 종가: 255,500원, 20일선: 251,850원
[2025-10-21 20:44:47] INFO:   \U0001f4ca S20: 5,037,000, Close_D_19: 234,000, S19_next: 4,803,000
[2025-10-21 20:44:47] INFO:   \U0001f3af 정확한 매수선: 1차 200,500, 2차 180,600, 3차 162,700
[2025-10-21 20:44:47] INFO:   \U0001f4c8 기존 엔벨로프: 201,480원 (참고용)
[2025-10-21 20:44:47] INFO: 
[5/73] 한미반도체 (042700) 분석 중...
[2025-10-21 20:44:47] INFO:   [2025-10-21] 종가: 151,600원, 20일선: 111,915원
[2025-10-21 20:44:47] INFO:   \U0001f4ca S20: 2,238,300, Close_D_19: 90,900, S19_next: 2,147,400
[2025-10-21 20:44:47] INFO:   \U0001f3af 정확한 매수선: 1차 89,500, 2차 80,700, 3차 72,800
[2025-10-21 20:44:47] INFO:   \U0001f4c8 기존 엔벨로프: 89,532원 (참고용)
[2025-10-21 20:44:47] INFO: 
[6/73] 에코프로 (086520) 분석 중...
[2025-10-21 20:44:47] INFO:   [2025-10-21] 종가: 76,400원, 20일선: 53,418원
[2025-10-21 20:44:47] INFO:   \U0001f4ca S20: 1,068,350, Close_D_19: 49,750, S19_next: 1,018,600
[2025-10-21 20:44:47] INFO:   \U0001f3af 정확한 매수선: 1차 42,450, 2차 38,300, 3차 34,550
[2025-10-21 20:44:47] INFO:   \U0001f4c8 기존 엔벨로프: 42,734원 (참고용)
[2025-10-21 20:44:48] INFO: 
[7/73] 한화오션 (042660) 분석 중...
[2025-10-21 20:44:48] INFO:   [2025-10-21] 종가: 122,200원, 20일선: 110,095원
[2025-10-21 20:44:48] INFO:   \U0001f4ca S20: 2,201,900, Close_D_19: 112,400, S19_next: 2,089,500
[2025-10-21 20:44:48] INFO:   \U0001f3af 정확한 매수선: 1차 87,100, 2차 78,500, 3차 70,800
[2025-10-21 20:44:48] INFO:   \U0001f4c8 기존 엔벨로프: 88,076원 (참고용)
[2025-10-21 20:44:48] INFO: 
[8/73] 현대차 (005380) 분석 중...
[2025-10-21 20:44:48] INFO:   [2025-10-21] 종가: 260,500원, 20일선: 223,875원
[2025-10-21 20:44:48] INFO:   \U0001f4ca S20: 4,477,500, Close_D_19: 216,000, S19_next: 4,261,500
[2025-10-21 20:44:48] INFO:   \U0001f3af 정확한 매수선: 1차 177,600, 2차 160,000, 3차 144,100
[2025-10-21 20:44:48] INFO:   \U0001f4c8 기존 엔벨로프: 179,100원 (참고용)
[2025-10-21 20:44:48] INFO: 
[9/73] 에코프로비엠 (247540) 분석 중...
[2025-10-21 20:44:48] INFO:   [2025-10-21] 종가: 161,300원, 20일선: 125,340원
[2025-10-21 20:44:48] INFO:   \U0001f4ca S20: 2,506,800, Close_D_19: 121,400, S19_next: 2,385,400
[2025-10-21 20:44:48] INFO:   \U0001f3af 정확한 매수선: 1차 99,400, 2차 89,600, 3차 80,800
[2025-10-21 20:44:48] INFO:   \U0001f4c8 기존 엔벨로프: 100,272원 (참고용)
[2025-10-21 20:44:49] INFO: 
[10/73] 삼성SDI (006400) 분석 중...
[2025-10-21 20:44:49] INFO:   [2025-10-21] 종가: 261,000원, 20일선: 217,500원
[2025-10-21 20:44:49] INFO:   \U0001f4ca S20: 4,350,000, Close_D_19: 204,500, S19_next: 4,145,500
[2025-10-21 20:44:49] INFO:   \U0001f3af 정확한 매수선: 1차 172,800, 2차 155,700, 3차 140,300
[2025-10-21 20:44:49] INFO:   \U0001f4c8 기존 엔벨로프: 174,000원 (참고용)
[2025-10-21 20:44:49] INFO: 
[11/73] 에코프로머티 (450080) 분석 중...
[2025-10-21 20:44:49] INFO:   [2025-10-21] 종가: 65,200원, 20일선: 52,495원
[2025-10-21 20:44:49] INFO:   \U0001f4ca S20: 1,049,900, Close_D_19: 51,100, S19_next: 998,800
[2025-10-21 20:44:49] INFO:   \U0001f3af 정확한 매수선: 1차 41,650, 2차 37,550, 3차 33,850
[2025-10-21 20:44:49] INFO:   \U0001f4c8 기존 엔벨로프: 41,996원 (참고용)
[2025-10-21 20:44:49] INFO: 
[12/73] LG에너지솔루션 (373220) 분석 중...
[2025-10-21 20:44:49] INFO:   [2025-10-21] 종가: 437,000원, 20일선: 371,450원
[2025-10-21 20:44:49] INFO:   \U0001f4ca S20: 7,429,000, Close_D_19: 351,000, S19_next: 7,078,000
[2025-10-21 20:44:49] INFO:   \U0001f3af 정확한 매수선: 1차 295,000, 2차 266,000, 3차 240,000
[2025-10-21 20:44:49] INFO:   \U0001f4c8 기존 엔벨로프: 297,160원 (참고용)
[2025-10-21 20:44:50] INFO: 
[13/73] 한국전력 (015760) 분석 중...
[2025-10-21 20:44:50] INFO:   [2025-10-21] 종가: 44,200원, 20일선: 37,605원
[2025-10-21 20:44:50] INFO:   \U0001f4ca S20: 752,100, Close_D_19: 36,800, S19_next: 715,300
[2025-10-21 20:44:50] INFO:   \U0001f3af 정확한 매수선: 1차 29,850, 2차 26,950, 3차 24,350
[2025-10-21 20:44:50] INFO:   \U0001f4c8 기존 엔벨로프: 30,084원 (참고용)
[2025-10-21 20:44:50] INFO: 
[14/73] 포스코퓨처엠 (003670) 분석 중...
[2025-10-21 20:44:50] INFO:   [2025-10-21] 종가: 202,500원, 20일선: 156,600원
[2025-10-21 20:44:50] INFO:   \U0001f4ca S20: 3,132,000, Close_D_19: 133,400, S19_next: 2,998,600
[2025-10-21 20:44:50] INFO:   \U0001f3af 정확한 매수선: 1차 125,000, 2차 112,600, 3차 101,500
[2025-10-21 20:44:50] INFO:   \U0001f4c8 기존 엔벨로프: 125,280원 (참고용)
[2025-10-21 20:44:50] INFO: 
[15/73] 카카오 (035720) 분석 중...
[2025-10-21 20:44:51] INFO:   [2025-10-21] 종가: 62,600원, 20일선: 61,460원
[2025-10-21 20:44:51] INFO:   \U0001f4ca S20: 1,229,200, Close_D_19: 62,500, S19_next: 1,166,700
[2025-10-21 20:44:51] INFO:   \U0001f3af 정확한 매수선: 1차 48,650, 2차 43,850, 3차 39,550
[2025-10-21 20:44:51] INFO:   \U0001f4c8 기존 엔벨로프: 49,168원 (참고용)
[2025-10-21 20:44:51] INFO: 
[16/73] LG화학 (051910) 분석 중...
[2025-10-21 20:44:51] INFO:   [2025-10-21] 종가: 349,000원, 20일선: 297,900원
[2025-10-21 20:44:51] INFO:   \U0001f4ca S20: 5,958,000, Close_D_19: 292,000, S19_next: 5,666,000
[2025-10-21 20:44:51] INFO:   \U0001f3af 정확한 매수선: 1차 236,500, 2차 213,500, 3차 192,300
[2025-10-21 20:44:51] INFO:   \U0001f4c8 기존 엔벨로프: 238,320원 (참고용)
[2025-10-21 20:44:51] INFO: 
[17/73] 엘앤에프 (066970) 분석 중...
[2025-10-21 20:44:51] INFO:   [2025-10-21] 종가: 114,100원, 20일선: 82,170원
[2025-10-21 20:44:51] INFO:   \U0001f4ca S20: 1,643,400, Close_D_19: 77,200, S19_next: 1,566,200
[2025-10-21 20:44:51] INFO:   \U0001f3af 정확한 매수선: 1차 65,300, 2차 58,900, 3차 53,200
[2025-10-21 20:44:51] INFO:   \U0001f4c8 기존 엔벨로프: 65,736원 (참고용)
[2025-10-21 20:44:51] INFO: 
[18/73] 두산 (000150) 분석 중...
[2025-10-21 20:44:52] INFO:   [2025-10-21] 종가: 753,000원, 20일선: 603,350원
[2025-10-21 20:44:52] INFO:   \U0001f4ca S20: 12,067,000, Close_D_19: 616,000, S19_next: 11,451,000
[2025-10-21 20:44:52] INFO:   \U0001f3af 정확한 매수선: 1차 477,500, 2차 430,500, 3차 388,000
[2025-10-21 20:44:52] INFO:   \U0001f4c8 기존 엔벨로프: 482,680원 (참고용)
[2025-10-21 20:44:52] INFO: 
[19/73] 한라캐스트 (125490) 분석 중...
[2025-10-21 20:44:52] INFO:   [2025-10-21] 종가: 12,460원, 20일선: 9,075원
[2025-10-21 20:44:52] INFO:   \U0001f4ca S20: 181,500, Close_D_19: 7,610, S19_next: 173,890
[2025-10-21 20:44:52] INFO:   \U0001f3af 정확한 매수선: 1차 7,250, 2차 6,540, 3차 5,900
[2025-10-21 20:44:52] INFO:   \U0001f4c8 기존 엔벨로프: 7,260원 (참고용)
[2025-10-21 20:44:52] INFO: 
[20/73] 휴림로봇 (090710) 분석 중...
[2025-10-21 20:44:52] INFO:   [2025-10-21] 종가: 6,330원, 20일선: 3,795원
[2025-10-21 20:44:52] INFO:   \U0001f4ca S20: 75,905, Close_D_19: 3,360, S19_next: 72,545
[2025-10-21 20:44:52] INFO:   \U0001f3af 정확한 매수선: 1차 3,025, 2차 2,730, 3차 2,465
[2025-10-21 20:44:52] INFO:   \U0001f4c8 기존 엔벨로프: 3,036원 (참고용)
[2025-10-21 20:44:52] INFO: 
[21/73] 클로봇 (466100) 분석 중...
[2025-10-21 20:44:53] INFO:   [2025-10-21] 종가: 40,250원, 20일선: 33,785원
[2025-10-21 20:44:53] INFO:   \U0001f4ca S20: 675,700, Close_D_19: 26,650, S19_next: 649,050
[2025-10-21 20:44:53] INFO:   \U0001f3af 정확한 매수선: 1차 27,050, 2차 24,400, 3차 22,050
[2025-10-21 20:44:53] INFO:   \U0001f4c8 기존 엔벨로프: 27,028원 (참고용)
[2025-10-21 20:44:53] INFO: 
[22/73] 로보티즈 (108490) 분석 중...
[2025-10-21 20:44:53] INFO:   [2025-10-21] 종가: 186,700원, 20일선: 162,688원
[2025-10-21 20:44:53] INFO:   \U0001f4ca S20: 3,253,767, Close_D_19: 97,380, S19_next: 3,156,387
[2025-10-21 20:44:53] INFO:   \U0001f3af 정확한 매수선: 1차 131,600, 2차 118,600, 3차 106,900
[2025-10-21 20:44:53] INFO:   \U0001f4c8 기존 엔벨로프: 130,151원 (참고용)
[2025-10-21 20:44:53] INFO: 
[23/73] 삼성전자우 (005935) 분석 중...
[2025-10-21 20:44:53] INFO:   [2025-10-21] 종가: 77,700원, 20일선: 69,685원
[2025-10-21 20:44:53] INFO:   \U0001f4ca S20: 1,393,700, Close_D_19: 62,800, S19_next: 1,330,900
[2025-10-21 20:44:53] INFO:   \U0001f3af 정확한 매수선: 1차 55,500, 2차 50,000, 3차 45,050
[2025-10-21 20:44:53] INFO:   \U0001f4c8 기존 엔벨로프: 55,748원 (참고용)
[2025-10-21 20:44:53] INFO: 
[24/73] 일동제약 (249420) 분석 중...
[2025-10-21 20:44:54] INFO:   [2025-10-21] 종가: 21,600원, 20일선: 26,330원
[2025-10-21 20:44:54] INFO:   \U0001f4ca S20: 526,600, Close_D_19: 26,900, S19_next: 499,700
[2025-10-21 20:44:54] INFO:   \U0001f3af 정확한 매수선: 1차 20,850, 2차 18,780, 3차 16,920
[2025-10-21 20:44:54] INFO:   \U0001f4c8 기존 엔벨로프: 21,064원 (참고용)
[2025-10-21 20:44:54] INFO:   \U0001f514 +3% 매도선까지 0.4%
[2025-10-21 20:44:54] INFO: 
[25/73] 우리기술투자 (041190) 분석 중...
[2025-10-21 20:44:54] INFO:   [2025-10-21] 종가: 9,110원, 20일선: 10,594원
[2025-10-21 20:44:54] INFO:   \U0001f4ca S20: 211,890, Close_D_19: 11,000, S19_next: 200,890
[2025-10-21 20:44:54] INFO:   \U0001f3af 정확한 매수선: 1차 8,380, 2차 7,560, 3차 6,820
[2025-10-21 20:44:54] INFO:   \U0001f4c8 기존 엔벨로프: 8,476원 (참고용)
[2025-10-21 20:44:54] INFO:   \U0001f514 1차 매수선까지 8.7% (접근 중!)
[2025-10-21 20:44:54] INFO: 
[26/73] NHN KCP (060250) 분석 중...
[2025-10-21 20:44:54] INFO:   [2025-10-21] 종가: 16,480원, 20일선: 16,940원
[2025-10-21 20:44:54] INFO:   \U0001f4ca S20: 338,790, Close_D_19: 13,570, S19_next: 325,220
[2025-10-21 20:44:54] INFO:   \U0001f3af 정확한 매수선: 1차 13,560, 2차 12,220, 3차 11,010
[2025-10-21 20:44:54] INFO:   \U0001f4c8 기존 엔벨로프: 13,552원 (참고용)
[2025-10-21 20:44:54] INFO: 
[27/73] 레인보우로보틱스 (277810) 분석 중...
[2025-10-21 20:44:55] INFO:   [2025-10-21] 종가: 341,500원, 20일선: 320,075원
[2025-10-21 20:44:55] INFO:   \U0001f4ca S20: 6,401,500, Close_D_19: 284,500, S19_next: 6,117,000
[2025-10-21 20:44:55] INFO:   \U0001f3af 정확한 매수선: 1차 255,000, 2차 230,000, 3차 207,500
[2025-10-21 20:44:55] INFO:   \U0001f4c8 기존 엔벨로프: 256,060원 (참고용)
[2025-10-21 20:44:55] INFO: 
[28/73] 알테오젠 (196170) 분석 중...
[2025-10-21 20:44:55] INFO:   [2025-10-21] 종가: 444,500원, 20일선: 458,950원
[2025-10-21 20:44:55] INFO:   \U0001f4ca S20: 9,179,000, Close_D_19: 471,000, S19_next: 8,708,000
[2025-10-21 20:44:55] INFO:   \U0001f3af 정확한 매수선: 1차 363,000, 2차 327,500, 3차 295,500
[2025-10-21 20:44:55] INFO:   \U0001f4c8 기존 엔벨로프: 367,160원 (참고용)
[2025-10-21 20:44:55] INFO: 
[29/73] 셀트리온 (068270) 분석 중...
[2025-10-21 20:44:55] INFO:   [2025-10-21] 종가: 178,700원, 20일선: 174,235원
[2025-10-21 20:44:55] INFO:   \U0001f4ca S20: 3,484,700, Close_D_19: 168,500, S19_next: 3,316,200
[2025-10-21 20:44:55] INFO:   \U0001f3af 정확한 매수선: 1차 138,200, 2차 124,500, 3차 112,200
[2025-10-21 20:44:55] INFO:   \U0001f4c8 기존 엔벨로프: 139,388원 (참고용)
[2025-10-21 20:44:55] INFO: 
[30/73] 디앤디파마텍 (347850) 분석 중...
[2025-10-21 20:44:56] INFO:   [2025-10-21] 종가: 170,000원, 20일선: 185,530원
[2025-10-21 20:44:56] INFO:   \U0001f4ca S20: 3,710,600, Close_D_19: 164,600, S19_next: 3,546,000
[2025-10-21 20:44:56] INFO:   \U0001f3af 정확한 매수선: 1차 147,800, 2차 133,200, 3차 120,000
[2025-10-21 20:44:56] INFO:   \U0001f4c8 기존 엔벨로프: 148,424원 (참고용)
[2025-10-21 20:44:56] INFO: 
[31/73] 삼천당제약 (000250) 분석 중...
[2025-10-21 20:44:56] INFO:   [2025-10-21] 종가: 207,500원, 20일선: 217,890원
[2025-10-21 20:44:56] INFO:   \U0001f4ca S20: 4,357,800, Close_D_19: 216,500, S19_next: 4,141,300
[2025-10-21 20:44:56] INFO:   \U0001f3af 정확한 매수선: 1차 172,600, 2차 155,500, 3차 140,100
[2025-10-21 20:44:56] INFO:   \U0001f4c8 기존 엔벨로프: 174,312원 (참고용)
[2025-10-21 20:44:56] INFO: 
[32/73] 다날 (064260) 분석 중...
[2025-10-21 20:44:56] INFO:   [2025-10-21] 종가: 9,000원, 20일선: 9,781원
[2025-10-21 20:44:56] INFO:   \U0001f4ca S20: 195,620, Close_D_19: 8,500, S19_next: 187,120
[2025-10-21 20:44:56] INFO:   \U0001f3af 정확한 매수선: 1차 7,800, 2차 7,030, 3차 6,340
[2025-10-21 20:44:56] INFO:   \U0001f4c8 기존 엔벨로프: 7,825원 (참고용)
[2025-10-21 20:44:56] INFO: 
[33/73] 현대로템 (064350) 분석 중...
[2025-10-21 20:44:57] INFO:   [2025-10-21] 종가: 212,500원, 20일선: 215,950원
[2025-10-21 20:44:57] INFO:   \U0001f4ca S20: 4,319,000, Close_D_19: 213,000, S19_next: 4,106,000
[2025-10-21 20:44:57] INFO:   \U0001f3af 정확한 매수선: 1차 171,100, 2차 154,100, 3차 138,800
[2025-10-21 20:44:57] INFO:   \U0001f4c8 기존 엔벨로프: 172,760원 (참고용)
[2025-10-21 20:44:57] INFO: 
[34/73] 로보스타 (090360) 분석 중...
[2025-10-21 20:44:57] INFO:   [2025-10-21] 종가: 66,900원, 20일선: 52,178원
[2025-10-21 20:44:57] INFO:   \U0001f4ca S20: 1,043,550, Close_D_19: 34,100, S19_next: 1,009,450
[2025-10-21 20:44:57] INFO:   \U0001f3af 정확한 매수선: 1차 42,100, 2차 37,950, 3차 34,250
[2025-10-21 20:44:57] INFO:   \U0001f4c8 기존 엔벨로프: 41,742원 (참고용)
[2025-10-21 20:44:57] INFO: 
[35/73] 한국항공우주 (047810) 분석 중...
[2025-10-21 20:44:57] INFO:   [2025-10-21] 종가: 100,500원, 20일선: 104,960원
[2025-10-21 20:44:57] INFO:   \U0001f4ca S20: 2,099,200, Close_D_19: 114,000, S19_next: 1,985,200
[2025-10-21 20:44:57] INFO:   \U0001f3af 정확한 매수선: 1차 82,800, 2차 74,700, 3차 67,400
[2025-10-21 20:44:57] INFO:   \U0001f4c8 기존 엔벨로프: 83,968원 (참고용)
[2025-10-21 20:44:57] INFO: 
[36/73] 지투지바이오 (456160) 분석 중...
[2025-10-21 20:44:58] INFO:   [2025-10-21] 종가: 159,000원, 20일선: 201,915원
[2025-10-21 20:44:58] INFO:   \U0001f4ca S20: 4,038,300, Close_D_19: 212,500, S19_next: 3,825,800
[2025-10-21 20:44:58] INFO:   \U0001f3af 정확한 매수선: 1차 159,500, 2차 143,700, 3차 129,500
[2025-10-21 20:44:58] INFO:   \U0001f4c8 기존 엔벨로프: 161,532원 (참고용)
[2025-10-21 20:44:58] INFO:   \U0001f534 1차 매수 체결! 159,500원 x 100주
[2025-10-21 20:44:58] INFO:   \U0001f514 +3% 매도선까지 3.2%
[2025-10-21 20:44:58] INFO: 
[37/73] 농심 (004370) 분석 중...
[2025-10-21 20:44:58] INFO:   [2025-10-21] 종가: 429,500원, 20일선: 444,750원
[2025-10-21 20:44:58] INFO:   \U0001f4ca S20: 8,895,000, Close_D_19: 471,500, S19_next: 8,423,500
[2025-10-21 20:44:58] INFO:   \U0001f3af 정확한 매수선: 1차 351,000, 2차 316,500, 3차 285,500
[2025-10-21 20:44:58] INFO:   \U0001f4c8 기존 엔벨로프: 355,800원 (참고용)
[2025-10-21 20:44:58] INFO: 
[38/73] SK오션플랜트 (100090) 분석 중...
[2025-10-21 20:44:58] INFO:   [2025-10-21] 종가: 22,100원, 20일선: 24,125원
[2025-10-21 20:44:58] INFO:   \U0001f4ca S20: 482,500, Close_D_19: 28,000, S19_next: 454,500
[2025-10-21 20:44:58] INFO:   \U0001f3af 정확한 매수선: 1차 18,940, 2차 17,060, 3차 15,370
[2025-10-21 20:44:58] INFO:   \U0001f4c8 기존 엔벨로프: 19,300원 (참고용)
[2025-10-21 20:44:58] INFO: 
[39/73] HJ중공업 (097230) 분석 중...
[2025-10-21 20:44:59] INFO:   [2025-10-21] 종가: 27,900원, 20일선: 27,115원
[2025-10-21 20:44:59] INFO:   \U0001f4ca S20: 542,300, Close_D_19: 31,650, S19_next: 510,650
[2025-10-21 20:44:59] INFO:   \U0001f3af 정확한 매수선: 1차 21,300, 2차 19,180, 3차 17,280
[2025-10-21 20:44:59] INFO:   \U0001f4c8 기존 엔벨로프: 21,692원 (참고용)
[2025-10-21 20:44:59] INFO: 
[40/73] 세진중공업 (075580) 분석 중...
[2025-10-21 20:44:59] INFO:   [2025-10-21] 종가: 23,800원, 20일선: 21,400원
[2025-10-21 20:44:59] INFO:   \U0001f4ca S20: 427,990, Close_D_19: 24,300, S19_next: 403,690
[2025-10-21 20:44:59] INFO:   \U0001f3af 정확한 매수선: 1차 16,830, 2차 15,160, 3차 13,660
[2025-10-21 20:44:59] INFO:   \U0001f4c8 기존 엔벨로프: 17,120원 (참고용)
[2025-10-21 20:44:59] INFO: 
[41/73] 엘앤씨바이오 (290650) 분석 중...
[2025-10-21 20:44:59] INFO:   [2025-10-21] 종가: 50,300원, 20일선: 53,390원
[2025-10-21 20:44:59] INFO:   \U0001f4ca S20: 1,067,800, Close_D_19: 62,500, S19_next: 1,005,300
[2025-10-21 20:44:59] INFO:   \U0001f3af 정확한 매수선: 1차 41,900, 2차 37,800, 3차 34,100
[2025-10-21 20:44:59] INFO:   \U0001f4c8 기존 엔벨로프: 42,712원 (참고용)
[2025-10-21 20:45:00] INFO: 
[42/73] 한화엔진 (082740) 분석 중...
[2025-10-21 20:45:00] INFO:   [2025-10-21] 종가: 47,750원, 20일선: 45,235원
[2025-10-21 20:45:00] INFO:   \U0001f4ca S20: 904,700, Close_D_19: 43,750, S19_next: 860,950
[2025-10-21 20:45:00] INFO:   \U0001f3af 정확한 매수선: 1차 35,900, 2차 32,400, 3차 29,250
[2025-10-21 20:45:00] INFO:   \U0001f4c8 기존 엔벨로프: 36,188원 (참고용)
[2025-10-21 20:45:00] INFO: 
[43/73] 현대힘스 (460930) 분석 중...
[2025-10-21 20:45:00] INFO:   [2025-10-21] 종가: 23,700원, 20일선: 25,160원
[2025-10-21 20:45:00] INFO:   \U0001f4ca S20: 503,200, Close_D_19: 27,600, S19_next: 475,600
[2025-10-21 20:45:00] INFO:   \U0001f3af 정확한 매수선: 1차 19,820, 2차 17,850, 3차 16,080
[2025-10-21 20:45:00] INFO:   \U0001f4c8 기존 엔벨로프: 20,128원 (참고용)
[2025-10-21 20:45:00] INFO: 
[44/73] HD한국조선해양 (009540) 분석 중...
[2025-10-21 20:45:00] INFO:   [2025-10-21] 종가: 443,000원, 20일선: 413,025원
[2025-10-21 20:45:00] INFO:   \U0001f4ca S20: 8,260,500, Close_D_19: 416,000, S19_next: 7,844,500
[2025-10-21 20:45:00] INFO:   \U0001f3af 정확한 매수선: 1차 327,000, 2차 295,000, 3차 266,000
[2025-10-21 20:45:00] INFO:   \U0001f4c8 기존 엔벨로프: 330,420원 (참고용)
[2025-10-21 20:45:01] INFO: 
[45/73] HD현대미포 (010620) 분석 중...
[2025-10-21 20:45:01] INFO:   [2025-10-21] 종가: 229,000원, 20일선: 201,210원
[2025-10-21 20:45:01] INFO:   \U0001f4ca S20: 4,024,200, Close_D_19: 198,200, S19_next: 3,826,000
[2025-10-21 20:45:01] INFO:   \U0001f3af 정확한 매수선: 1차 159,500, 2차 143,700, 3차 129,500
[2025-10-21 20:45:01] INFO:   \U0001f4c8 기존 엔벨로프: 160,968원 (참고용)
[2025-10-21 20:45:01] INFO: 
[46/73] 삼성중공업 (010140) 분석 중...
[2025-10-21 20:45:01] INFO:   [2025-10-21] 종가: 23,850원, 20일선: 21,870원
[2025-10-21 20:45:01] INFO:   \U0001f4ca S20: 437,400, Close_D_19: 21,600, S19_next: 415,800
[2025-10-21 20:45:01] INFO:   \U0001f3af 정확한 매수선: 1차 17,330, 2차 15,610, 3차 14,060
[2025-10-21 20:45:01] INFO:   \U0001f4c8 기존 엔벨로프: 17,496원 (참고용)
[2025-10-21 20:45:01] INFO: 
[47/73] 효성중공업 (298040) 분석 중...
[2025-10-21 20:45:01] INFO:   [2025-10-21] 종가: 1,689,000원, 20일선: 1,457,700원
[2025-10-21 20:45:01] INFO:   \U0001f4ca S20: 29,154,000, Close_D_19: 1,377,000, S19_next: 27,777,000
[2025-10-21 20:45:01] INFO:   \U0001f3af 정확한 매수선: 1차 1,158,000, 2차 1,044,000, 3차 941,000
[2025-10-21 20:45:01] INFO:   \U0001f4c8 기존 엔벨로프: 1,166,160원 (참고용)
[2025-10-21 20:45:02] INFO: 
[48/73] LIG넥스원 (079550) 분석 중...
[2025-10-21 20:45:02] INFO:   [2025-10-21] 종가: 444,500원, 20일선: 484,100원
[2025-10-21 20:45:02] INFO:   \U0001f4ca S20: 9,682,000, Close_D_19: 520,000, S19_next: 9,162,000
[2025-10-21 20:45:02] INFO:   \U0001f3af 정확한 매수선: 1차 382,000, 2차 344,500, 3차 311,000
[2025-10-21 20:45:02] INFO:   \U0001f4c8 기존 엔벨로프: 387,280원 (참고용)
[2025-10-21 20:45:02] INFO: 
[49/73] 에스엔시스 (0008Z0) 분석 중...
[2025-10-21 20:45:02] INFO:   [2025-10-21] 종가: 43,650원, 20일선: 41,522원
[2025-10-21 20:45:02] INFO:   \U0001f4ca S20: 830,450, Close_D_19: 44,550, S19_next: 785,900
[2025-10-21 20:45:02] INFO:   \U0001f3af 정확한 매수선: 1차 32,750, 2차 29,550, 3차 26,650
[2025-10-21 20:45:02] INFO:   \U0001f4c8 기존 엔벨로프: 33,218원 (참고용)
[2025-10-21 20:45:02] INFO: 
[50/73] 삼양컴텍 (484590) 분석 중...
[2025-10-21 20:45:02] INFO:   [2025-10-21] 종가: 17,310원, 20일선: 18,115원
[2025-10-21 20:45:02] INFO:   \U0001f4ca S20: 362,300, Close_D_19: 20,450, S19_next: 341,850
[2025-10-21 20:45:02] INFO:   \U0001f3af 정확한 매수선: 1차 14,250, 2차 12,840, 3차 11,570
[2025-10-21 20:45:02] INFO:   \U0001f4c8 기존 엔벨로프: 14,492원 (참고용)
[2025-10-21 20:45:03] INFO: 
[51/73] 에이비엘바이오 (298380) 분석 중...
[2025-10-21 20:45:03] INFO:   [2025-10-21] 종가: 87,400원, 20일선: 94,730원
[2025-10-21 20:45:03] INFO:   \U0001f4ca S20: 1,894,600, Close_D_19: 99,900, S19_next: 1,794,700
[2025-10-21 20:45:03] INFO:   \U0001f3af 정확한 매수선: 1차 74,800, 2차 67,500, 3차 60,900
[2025-10-21 20:45:03] INFO:   \U0001f4c8 기존 엔벨로프: 75,784원 (참고용)
[2025-10-21 20:45:03] INFO: 
[52/73] LG디스플레이 (034220) 분석 중...
[2025-10-21 20:45:03] INFO:   [2025-10-21] 종가: 14,160원, 20일선: 14,118원
[2025-10-21 20:45:03] INFO:   \U0001f4ca S20: 282,360, Close_D_19: 12,880, S19_next: 269,480
[2025-10-21 20:45:03] INFO:   \U0001f3af 정확한 매수선: 1차 11,230, 2차 10,120, 3차 9,120
[2025-10-21 20:45:03] INFO:   \U0001f4c8 기존 엔벨로프: 11,294원 (참고용)
[2025-10-21 20:45:03] INFO: 
[53/73] 대한조선 (439260) 분석 중...
[2025-10-21 20:45:03] INFO:   [2025-10-21] 종가: 79,700원, 20일선: 79,265원
[2025-10-21 20:45:03] INFO:   \U0001f4ca S20: 1,585,300, Close_D_19: 81,900, S19_next: 1,503,400
[2025-10-21 20:45:03] INFO:   \U0001f3af 정확한 매수선: 1차 62,700, 2차 56,600, 3차 51,100
[2025-10-21 20:45:03] INFO:   \U0001f4c8 기존 엔벨로프: 63,412원 (참고용)
[2025-10-21 20:45:04] INFO: 
[54/73] 에이피알 (278470) 분석 중...
[2025-10-21 20:45:04] INFO:   [2025-10-21] 종가: 233,000원, 20일선: 237,150원
[2025-10-21 20:45:04] INFO:   \U0001f4ca S20: 4,743,000, Close_D_19: 217,000, S19_next: 4,526,000
[2025-10-21 20:45:04] INFO:   \U0001f3af 정확한 매수선: 1차 188,600, 2차 169,900, 3차 153,100
[2025-10-21 20:45:04] INFO:   \U0001f4c8 기존 엔벨로프: 189,720원 (참고용)
[2025-10-21 20:45:04] INFO: 
[55/73] SK바이오팜 (326030) 분석 중...
[2025-10-21 20:45:04] INFO:   [2025-10-21] 종가: 108,200원, 20일선: 105,070원
[2025-10-21 20:45:04] INFO:   \U0001f4ca S20: 2,101,400, Close_D_19: 107,400, S19_next: 1,994,000
[2025-10-21 20:45:04] INFO:   \U0001f3af 정확한 매수선: 1차 83,100, 2차 74,900, 3차 67,600
[2025-10-21 20:45:04] INFO:   \U0001f4c8 기존 엔벨로프: 84,056원 (참고용)
[2025-10-21 20:45:04] INFO: 
[56/73] 한화에어로스페이스 (012450) 분석 중...
[2025-10-21 20:45:04] INFO:   [2025-10-21] 종가: 981,000원, 20일선: 1,016,500원
[2025-10-21 20:45:04] INFO:   \U0001f4ca S20: 20,330,000, Close_D_19: 1,031,000, S19_next: 19,299,000
[2025-10-21 20:45:04] INFO:   \U0001f3af 정확한 매수선: 1차 805,000, 2차 726,000, 3차 655,000
[2025-10-21 20:45:04] INFO:   \U0001f4c8 기존 엔벨로프: 813,200원 (참고용)
[2025-10-21 20:45:05] INFO: 
[57/73] 한화시스템 (272210) 분석 중...
[2025-10-21 20:45:05] INFO:   [2025-10-21] 종가: 53,900원, 20일선: 57,060원
[2025-10-21 20:45:05] INFO:   \U0001f4ca S20: 1,141,200, Close_D_19: 57,800, S19_next: 1,083,400
[2025-10-21 20:45:05] INFO:   \U0001f3af 정확한 매수선: 1차 45,150, 2차 40,700, 3차 36,700
[2025-10-21 20:45:05] INFO:   \U0001f4c8 기존 엔벨로프: 45,648원 (참고용)
[2025-10-21 20:45:05] INFO: 
[58/73] 한화솔루션 (009830) 분석 중...
[2025-10-21 20:45:05] INFO:   [2025-10-21] 종가: 29,800원, 20일선: 29,140원
[2025-10-21 20:45:05] INFO:   \U0001f4ca S20: 582,800, Close_D_19: 29,850, S19_next: 552,950
[2025-10-21 20:45:05] INFO:   \U0001f3af 정확한 매수선: 1차 23,050, 2차 20,800, 3차 18,730
[2025-10-21 20:45:05] INFO:   \U0001f4c8 기존 엔벨로프: 23,312원 (참고용)
[2025-10-21 20:45:05] INFO: 
[59/73] 삼성전기 (009150) 분석 중...
[2025-10-21 20:45:05] INFO:   [2025-10-21] 종가: 217,000원, 20일선: 200,720원
[2025-10-21 20:45:05] INFO:   \U0001f4ca S20: 4,014,400, Close_D_19: 191,800, S19_next: 3,822,600
[2025-10-21 20:45:05] INFO:   \U0001f3af 정확한 매수선: 1차 159,300, 2차 143,500, 3차 129,300
[2025-10-21 20:45:05] INFO:   \U0001f4c8 기존 엔벨로프: 160,576원 (참고용)
[2025-10-21 20:45:06] INFO: 
[60/73] 한화비전 (489790) 분석 중...
[2025-10-21 20:45:06] INFO:   [2025-10-21] 종가: 53,000원, 20일선: 55,195원
[2025-10-21 20:45:06] INFO:   \U0001f4ca S20: 1,103,900, Close_D_19: 61,100, S19_next: 1,042,800
[2025-10-21 20:45:06] INFO:   \U0001f3af 정확한 매수선: 1차 43,450, 2차 39,200, 3차 35,350
[2025-10-21 20:45:06] INFO:   \U0001f4c8 기존 엔벨로프: 44,156원 (참고용)
[2025-10-21 20:45:06] INFO: 
[61/73] HD현대인프라코어 (042670) 분석 중...
[2025-10-21 20:45:06] INFO:   [2025-10-21] 종가: 15,980원, 20일선: 15,416원
[2025-10-21 20:45:06] INFO:   \U0001f4ca S20: 308,320, Close_D_19: 15,990, S19_next: 292,330
[2025-10-21 20:45:06] INFO:   \U0001f3af 정확한 매수선: 1차 12,190, 2차 10,990, 3차 9,910
[2025-10-21 20:45:06] INFO:   \U0001f4c8 기존 엔벨로프: 12,333원 (참고용)
[2025-10-21 20:45:06] INFO: 
[62/73] 도우인시스 (484120) 분석 중...
[2025-10-21 20:45:06] INFO:   [2025-10-21] 종가: 29,700원, 20일선: 30,195원
[2025-10-21 20:45:06] INFO:   \U0001f4ca S20: 603,900, Close_D_19: 31,600, S19_next: 572,300
[2025-10-21 20:45:06] INFO:   \U0001f3af 정확한 매수선: 1차 23,850, 2차 21,550, 3차 19,410
[2025-10-21 20:45:06] INFO:   \U0001f4c8 기존 엔벨로프: 24,156원 (참고용)
[2025-10-21 20:45:07] INFO: 
[63/73] KBI동양철관 (008970) 분석 중...
[2025-10-21 20:45:07] INFO:   [2025-10-21] 종가: 2,620원, 20일선: 2,592원
[2025-10-21 20:45:07] INFO:   \U0001f4ca S20: 51,845, Close_D_19: 2,865, S19_next: 48,980
[2025-10-21 20:45:07] INFO:   \U0001f3af 정확한 매수선: 1차 2,045, 2차 1,842, 3차 1,659
[2025-10-21 20:45:07] INFO:   \U0001f4c8 기존 엔벨로프: 2,074원 (참고용)
[2025-10-21 20:45:07] INFO: 
[64/73] YG PLUS (037270) 분석 중...
[2025-10-21 20:45:07] INFO:   [2025-10-21] 종가: 6,630원, 20일선: 7,607원
[2025-10-21 20:45:07] INFO:   \U0001f4ca S20: 152,140, Close_D_19: 8,510, S19_next: 143,630
[2025-10-21 20:45:07] INFO:   \U0001f3af 정확한 매수선: 1차 5,990, 2차 5,410, 3차 4,875
[2025-10-21 20:45:07] INFO:   \U0001f4c8 기존 엔벨로프: 6,086원 (참고용)
[2025-10-21 20:45:07] INFO: 
[65/73] 리가켐바이오 (141080) 분석 중...
[2025-10-21 20:45:08] INFO:   [2025-10-21] 종가: 135,700원, 20일선: 146,040원
[2025-10-21 20:45:08] INFO:   \U0001f4ca S20: 2,920,800, Close_D_19: 146,500, S19_next: 2,774,300
[2025-10-21 20:45:08] INFO:   \U0001f3af 정확한 매수선: 1차 115,600, 2차 104,200, 3차 93,900
[2025-10-21 20:45:08] INFO:   \U0001f4c8 기존 엔벨로프: 116,832원 (참고용)
[2025-10-21 20:45:08] INFO: 
[66/73] 쿠콘 (294570) 분석 중...
[2025-10-21 20:45:08] INFO:   [2025-10-21] 종가: 38,000원, 20일선: 38,340원
[2025-10-21 20:45:08] INFO:   \U0001f4ca S20: 766,800, Close_D_19: 36,250, S19_next: 730,550
[2025-10-21 20:45:08] INFO:   \U0001f3af 정확한 매수선: 1차 30,450, 2차 27,500, 3차 24,800
[2025-10-21 20:45:08] INFO:   \U0001f4c8 기존 엔벨로프: 30,672원 (참고용)
[2025-10-21 20:45:08] INFO: 
[67/73] 파인엠텍 (441270) 분석 중...
[2025-10-21 20:45:08] INFO:   [2025-10-21] 종가: 9,480원, 20일선: 10,822원
[2025-10-21 20:45:08] INFO:   \U0001f4ca S20: 216,440, Close_D_19: 11,980, S19_next: 204,460
[2025-10-21 20:45:08] INFO:   \U0001f3af 정확한 매수선: 1차 8,520, 2차 7,680, 3차 6,930
[2025-10-21 20:45:08] INFO:   \U0001f4c8 기존 엔벨로프: 8,658원 (참고용)
[2025-10-21 20:45:08] INFO: 
[68/73] SK스퀘어 (402340) 분석 중...
[2025-10-21 20:45:09] INFO:   [2025-10-21] 종가: 256,000원, 20일선: 226,805원
[2025-10-21 20:45:09] INFO:   \U0001f4ca S20: 4,536,100, Close_D_19: 201,000, S19_next: 4,335,100
[2025-10-21 20:45:09] INFO:   \U0001f3af 정확한 매수선: 1차 180,700, 2차 162,800, 3차 146,700
[2025-10-21 20:45:09] INFO:   \U0001f4c8 기존 엔벨로프: 181,444원 (참고용)
[2025-10-21 20:45:09] INFO: 
[69/73] POSCO홀딩스 (005490) 분석 중...
[2025-10-21 20:45:09] INFO:   [2025-10-21] 종가: 296,000원, 20일선: 280,425원
[2025-10-21 20:45:09] INFO:   \U0001f4ca S20: 5,608,500, Close_D_19: 282,500, S19_next: 5,326,000
[2025-10-21 20:45:09] INFO:   \U0001f3af 정확한 매수선: 1차 222,000, 2차 199,900, 3차 180,100
[2025-10-21 20:45:09] INFO:   \U0001f4c8 기존 엔벨로프: 224,340원 (참고용)
[2025-10-21 20:45:09] INFO: 
[70/73] HD현대건설기계 (267270) 분석 중...
[2025-10-21 20:45:09] INFO:   [2025-10-21] 종가: 99,700원, 20일선: 95,740원
[2025-10-21 20:45:09] INFO:   \U0001f4ca S20: 1,914,800, Close_D_19: 96,500, S19_next: 1,818,300
[2025-10-21 20:45:09] INFO:   \U0001f3af 정확한 매수선: 1차 75,800, 2차 68,400, 3차 61,700
[2025-10-21 20:45:09] INFO:   \U0001f4c8 기존 엔벨로프: 76,592원 (참고용)
[2025-10-21 20:45:10] INFO: 
[71/73] 한화 (000880) 분석 중...
[2025-10-21 20:45:10] INFO:   [2025-10-21] 종가: 92,200원, 20일선: 86,445원
[2025-10-21 20:45:10] INFO:   \U0001f4ca S20: 1,728,900, Close_D_19: 91,600, S19_next: 1,637,300
[2025-10-21 20:45:10] INFO:   \U0001f3af 정확한 매수선: 1차 68,300, 2차 61,600, 3차 55,600
[2025-10-21 20:45:10] INFO:   \U0001f4c8 기존 엔벨로프: 69,156원 (참고용)
[2025-10-21 20:45:10] INFO: 
[72/73] SK (034730) 분석 중...
[2025-10-21 20:45:10] INFO:   [2025-10-21] 종가: 227,500원, 20일선: 220,000원
[2025-10-21 20:45:10] INFO:   \U0001f4ca S20: 4,400,000, Close_D_19: 226,500, S19_next: 4,173,500
[2025-10-21 20:45:10] INFO:   \U0001f3af 정확한 매수선: 1차 173,900, 2차 156,700, 3차 141,200
[2025-10-21 20:45:10] INFO:   \U0001f4c8 기존 엔벨로프: 176,000원 (참고용)
[2025-10-21 20:45:10] INFO: 
[73/73] SK이노베이션 (096770) 분석 중...
[2025-10-21 20:45:10] INFO:   [2025-10-21] 종가: 124,600원, 20일선: 106,645원
[2025-10-21 20:45:10] INFO:   \U0001f4ca S20: 2,132,900, Close_D_19: 106,100, S19_next: 2,026,800
[2025-10-21 20:45:10] INFO:   \U0001f3af 정확한 매수선: 1차 84,500, 2차 76,200, 3차 68,700
[2025-10-21 20:45:10] INFO:   \U0001f4c8 기존 엔벨로프: 85,316원 (참고용)
[2025-10-21 20:45:11] INFO: \u2713 Summary 저장 완료: 73개 종목
[2025-10-21 20:45:11] INFO: 
================================================================================
[2025-10-21 20:45:11] INFO: \U0001f514 알람: 3개
[2025-10-21 20:45:11] INFO: ================================================================================
[2025-10-21 20:45:11] INFO: \U0001f534 일동제약 (249420): +3% 매도선까지 0.4%
[2025-10-21 20:45:11] INFO: \U0001f534 우리기술투자 (041190): 1차 매수선까지 8.7% (접근 중!)
[2025-10-21 20:45:11] INFO: \U0001f534 지투지바이오 (456160): +3% 매도선까지 3.2%
[2025-10-21 20:45:12] INFO: \u2713 텔레그램 전송 성공: me
[2025-10-21 20:45:13] INFO: \u2713 텔레그램 전송 성공: yoonjoo
[2025-10-21 20:45:14] INFO: \u2713 텔레그램 전송 성공: minjeong
[2025-10-21 20:45:15] INFO: \u2713 텔레그램 전송 성공: jumeoni
[2025-10-21 20:45:15] INFO: \u2713 텔레그램 일일 리포트 전송 완료
[2025-10-21 20:45:15] INFO: 
================================================================================
[2025-10-21 20:45:15] INFO: 완료
[2025-10-21 20:45:15] INFO: 분석: 73개 종목
[2025-10-21 20:45:15] INFO: 알람: 3개
[2025-10-21 20:45:15] INFO: ================================================================================
Step 2 completed successfully 
Completion Time: 2025-10-21 20:45:15.89 
======================================== 
SUCCESS: All steps completed successfully 
