======================================== 
S12 Trading System - Daily Run (20:10) 
Start Time: 2025-10-18  9:58:11.63 
======================================== 
[1/2] Daily Turnover Tracking... 
[2025-10-18 09:58:12] INFO: \u2713 API 토큰 획득 완료
[2025-10-18 09:58:12] INFO: ============================================================
[2025-10-18 09:58:12] INFO: 날짜: 2025-10-18
[2025-10-18 09:58:12] INFO: 임계값: 5,000억 이상
[2025-10-18 09:58:12] INFO: ============================================================
[2025-10-18 09:58:12] INFO: [KRX] 거래대금 순위 조회 중...
[2025-10-18 09:58:12] INFO:   \u2713 100개 종목 수신
[2025-10-18 09:58:12] INFO: [KOSDAQ] 거래대금 순위 조회 중...
[2025-10-18 09:58:12] INFO:   \u2713 100개 종목 수신
[2025-10-18 09:58:12] INFO: 
============================================================
[2025-10-18 09:58:12] INFO: 거래대금 5,000억 이상: 17개 종목
[2025-10-18 09:58:12] INFO: ============================================================
[2025-10-18 09:58:12] INFO: 
상위 10개:
[2025-10-18 09:58:12] INFO:    1. 005930 삼성전자                     40,889억
[2025-10-18 09:58:12] INFO:    2. 000660 SK하이닉스                   35,412억
[2025-10-18 09:58:12] INFO:    3. 086520 에코프로                     20,261억
[2025-10-18 09:58:12] INFO:    4. 247540 에코프로비엠                   16,883억
[2025-10-18 09:58:12] INFO:    5. 034020 두산에너빌리티                  15,762억
[2025-10-18 09:58:12] INFO:    6. 006400 삼성SDI                    11,006억
[2025-10-18 09:58:12] INFO:    7. 042660 한화오션                      8,110억
[2025-10-18 09:58:12] INFO:    8. 035420 NAVER                     7,389억
[2025-10-18 09:58:12] INFO:    9. 450080 에코프로머티                    7,222억
[2025-10-18 09:58:12] INFO:   10. 015760 한국전력                      6,619억
[2025-10-18 09:58:12] ERROR: 오류 발생: [Errno 13] Permission denied: 'C:\\Coding\\S12\\output\\turnover_universe.xlsx'
Traceback (most recent call last):
  File "C:\Coding\S12\Daily_Turnover_Tracker.py", line 310, in save_to_excel
    with pd.ExcelWriter(path, engine="openpyxl", mode="a", if_sheet_exists="replace") as writer:
         ^^^^^^^^^^^^^^^^^^^^^^^^^^^^^^^^^^^^^^^^^^^^^^^^^^^^^^^^^^^^^^^^^^^^^^^^^^^^
  File "C:\Program Files (x86)\Python311\Lib\site-packages\pandas\io\excel\_openpyxl.py", line 60, in __init__
    super().__init__(
  File "C:\Program Files (x86)\Python311\Lib\site-packages\pandas\io\excel\_base.py", line 1313, in __init__
    self._handles = get_handle(
                    ^^^^^^^^^^^
  File "C:\Program Files (x86)\Python311\Lib\site-packages\pandas\io\common.py", line 865, in get_handle
    handle = open(handle, ioargs.mode)
             ^^^^^^^^^^^^^^^^^^^^^^^^^
PermissionError: [Errno 13] Permission denied: 'C:\\Coding\\S12\\output\\turnover_universe.xlsx'

During handling of the above exception, another exception occurred:

Traceback (most recent call last):
  File "C:\Coding\S12\Daily_Turnover_Tracker.py", line 598, in main
    count = collect_today_data(token, args.threshold, excel_path)
            ^^^^^^^^^^^^^^^^^^^^^^^^^^^^^^^^^^^^^^^^^^^^^^^^^^^^^
  File "C:\Coding\S12\Daily_Turnover_Tracker.py", line 545, in collect_today_data
    append_to_excel(excel_path, rows_to_save)
  File "C:\Coding\S12\Daily_Turnover_Tracker.py", line 470, in append_to_excel
    save_to_excel(path, df_all, update_date)
  File "C:\Coding\S12\Daily_Turnover_Tracker.py", line 314, in save_to_excel
    with pd.ExcelWriter(path, engine="openpyxl") as writer:
         ^^^^^^^^^^^^^^^^^^^^^^^^^^^^^^^^^^^^^^^
  File "C:\Program Files (x86)\Python311\Lib\site-packages\pandas\io\excel\_openpyxl.py", line 60, in __init__
    super().__init__(
  File "C:\Program Files (x86)\Python311\Lib\site-packages\pandas\io\excel\_base.py", line 1313, in __init__
    self._handles = get_handle(
                    ^^^^^^^^^^^
  File "C:\Program Files (x86)\Python311\Lib\site-packages\pandas\io\common.py", line 865, in get_handle
    handle = open(handle, ioargs.mode)
             ^^^^^^^^^^^^^^^^^^^^^^^^^
PermissionError: [Errno 13] Permission denied: 'C:\\Coding\\S12\\output\\turnover_universe.xlsx'
ERROR: Daily Turnover Tracker failed! 
ERROR: Process failed at 2025-10-18  9:58:13.04 
======================================== 
======================================== 
S12 Trading System - Daily Run (20:10) 
Start Time: 2025-10-18  9:58:21.41 
======================================== 
[1/2] Daily Turnover Tracking... 
[2025-10-18 09:58:22] INFO: \u2713 API 토큰 획득 완료
[2025-10-18 09:58:22] INFO: ============================================================
[2025-10-18 09:58:22] INFO: 날짜: 2025-10-18
[2025-10-18 09:58:22] INFO: 임계값: 5,000억 이상
[2025-10-18 09:58:22] INFO: ============================================================
[2025-10-18 09:58:22] INFO: [KRX] 거래대금 순위 조회 중...
[2025-10-18 09:58:22] INFO:   \u2713 100개 종목 수신
[2025-10-18 09:58:22] INFO: [KOSDAQ] 거래대금 순위 조회 중...
[2025-10-18 09:58:22] INFO:   \u2713 100개 종목 수신
[2025-10-18 09:58:22] INFO: 
============================================================
[2025-10-18 09:58:22] INFO: 거래대금 5,000억 이상: 17개 종목
[2025-10-18 09:58:22] INFO: ============================================================
[2025-10-18 09:58:22] INFO: 
상위 10개:
[2025-10-18 09:58:22] INFO:    1. 005930 삼성전자                     40,889억
[2025-10-18 09:58:22] INFO:    2. 000660 SK하이닉스                   35,412억
[2025-10-18 09:58:22] INFO:    3. 086520 에코프로                     20,261억
[2025-10-18 09:58:22] INFO:    4. 247540 에코프로비엠                   16,883억
[2025-10-18 09:58:22] INFO:    5. 034020 두산에너빌리티                  15,762억
[2025-10-18 09:58:22] INFO:    6. 006400 삼성SDI                    11,006억
[2025-10-18 09:58:22] INFO:    7. 042660 한화오션                      8,110억
[2025-10-18 09:58:22] INFO:    8. 035420 NAVER                     7,389억
[2025-10-18 09:58:22] INFO:    9. 450080 에코프로머티                    7,222억
[2025-10-18 09:58:22] INFO:   10. 015760 한국전력                      6,619억
[2025-10-18 09:58:22] INFO: \u2713 데이터 저장 완료: 17개 종목 갱신 (오늘 이미 실행함, 누적횟수 유지)
[2025-10-18 09:58:22] INFO: 
============================================================
[2025-10-18 09:58:22] INFO: 완료: 17개 종목 저장됨
[2025-10-18 09:58:22] INFO: 파일: C:\Coding\S12\output\turnover_universe.xlsx
[2025-10-18 09:58:22] INFO: ============================================================
Step 1 completed successfully 
[2/2] Trading Signal Generation... 
[2025-10-18 09:58:23] INFO: ================================================================================
[2025-10-18 09:58:23] INFO: Trading Signal System 시작
[2025-10-18 09:58:23] INFO: 실행 시간: 2025-10-18 09:58:23
[2025-10-18 09:58:23] INFO: ================================================================================
[2025-10-18 09:58:23] INFO: \u2713 API 토큰 획득 완료
[2025-10-18 09:58:24] INFO: \u2713 추적 대상: 72개 종목
[2025-10-18 09:58:24] INFO: \u2713 기존 시그널 로드: Summary 72개, History 0개
[2025-10-18 09:58:24] INFO: 
================================================================================
[2025-10-18 09:58:24] INFO: 종목별 분석 시작
[2025-10-18 09:58:24] INFO: ================================================================================
[2025-10-18 09:58:24] INFO: 
[1/72] 삼성전자 (005930) 분석 중...
[2025-10-18 09:58:24] INFO:   \U0001f4c5 데이터 날짜: 2025-10-17 (1일 전)
[2025-10-18 09:58:24] INFO:   [2025-10-17] 종가: 96,300원, 20일선: 86,555원, 엔벨로프: 69,244원
[2025-10-18 09:58:24] INFO:   매수선: 1차 69,344, 2차 62,510, 3차 56,359
[2025-10-18 09:58:24] INFO: 
[2/72] SK하이닉스 (000660) 분석 중...
[2025-10-18 09:58:24] INFO:   \U0001f4c5 데이터 날짜: 2025-10-17 (1일 전)
[2025-10-18 09:58:24] INFO:   [2025-10-17] 종가: 454,500원, 20일선: 376,700원, 엔벨로프: 301,360원
[2025-10-18 09:58:24] INFO:   매수선: 1차 301,860, 2차 272,174, 3차 245,457
[2025-10-18 09:58:24] INFO: 
[3/72] 두산에너빌리티 (034020) 분석 중...
[2025-10-18 09:58:24] INFO:   \U0001f4c5 데이터 날짜: 2025-10-17 (1일 전)
[2025-10-18 09:58:24] INFO:   [2025-10-17] 종가: 79,600원, 20일선: 67,660원, 엔벨로프: 54,128원
[2025-10-18 09:58:24] INFO:   매수선: 1차 54,228, 2차 48,855, 3차 44,020
[2025-10-18 09:58:24] INFO: 
[4/72] NAVER (035420) 분석 중...
[2025-10-18 09:58:24] INFO:   \U0001f4c5 데이터 날짜: 2025-10-17 (1일 전)
[2025-10-18 09:58:24] INFO:   [2025-10-17] 종가: 250,500원, 20일선: 249,600원, 엔벨로프: 199,680원
[2025-10-18 09:58:24] INFO:   매수선: 1차 200,180, 2차 180,662, 3차 163,096
[2025-10-18 09:58:25] INFO: 
[5/72] 한미반도체 (042700) 분석 중...
[2025-10-18 09:58:25] INFO:   \U0001f4c5 데이터 날짜: 2025-10-17 (1일 전)
[2025-10-18 09:58:25] INFO:   [2025-10-17] 종가: 139,500원, 20일선: 106,110원, 엔벨로프: 84,888원
[2025-10-18 09:58:25] INFO:   매수선: 1차 84,988, 2차 76,589, 3차 69,030
[2025-10-18 09:58:25] INFO: 
[6/72] 에코프로비엠 (247540) 분석 중...
[2025-10-18 09:58:25] INFO:   \U0001f4c5 데이터 날짜: 2025-10-17 (1일 전)
[2025-10-18 09:58:25] INFO:   [2025-10-17] 종가: 152,900원, 20일선: 121,485원, 엔벨로프: 97,188원
[2025-10-18 09:58:25] INFO:   매수선: 1차 97,288, 2차 87,659, 3차 78,993
[2025-10-18 09:58:25] INFO: 
[7/72] 삼성SDI (006400) 분석 중...
[2025-10-18 09:58:25] INFO:   \U0001f4c5 데이터 날짜: 2025-10-17 (1일 전)
[2025-10-18 09:58:25] INFO:   [2025-10-17] 종가: 249,000원, 20일선: 211,700원, 엔벨로프: 169,360원
[2025-10-18 09:58:25] INFO:   매수선: 1차 169,860, 2차 153,374, 3차 138,537
[2025-10-18 09:58:25] INFO: 
[8/72] 에코프로 (086520) 분석 중...
[2025-10-18 09:58:26] INFO:   \U0001f4c5 데이터 날짜: 2025-10-17 (1일 전)
[2025-10-18 09:58:26] INFO:   [2025-10-17] 종가: 70,800원, 20일선: 50,715원, 엔벨로프: 40,572원
[2025-10-18 09:58:26] INFO:   매수선: 1차 40,622, 2차 36,610, 3차 32,999
[2025-10-18 09:58:26] INFO: 
[9/72] 에코프로머티 (450080) 분석 중...
[2025-10-18 09:58:26] INFO:   \U0001f4c5 데이터 날짜: 2025-10-17 (1일 전)
[2025-10-18 09:58:26] INFO:   [2025-10-17] 종가: 61,700원, 20일선: 51,130원, 엔벨로프: 40,904원
[2025-10-18 09:58:26] INFO:   매수선: 1차 40,954, 2차 36,909, 3차 33,268
[2025-10-18 09:58:26] INFO: 
[10/72] LG에너지솔루션 (373220) 분석 중...
[2025-10-18 09:58:26] INFO:   \U0001f4c5 데이터 날짜: 2025-10-17 (1일 전)
[2025-10-18 09:58:26] INFO:   [2025-10-17] 종가: 421,500원, 20일선: 363,350원, 엔벨로프: 290,680원
[2025-10-18 09:58:26] INFO:   매수선: 1차 291,180, 2차 262,562, 3차 236,806
[2025-10-18 09:58:26] INFO: 
[11/72] 한화오션 (042660) 분석 중...
[2025-10-18 09:58:26] INFO:   \U0001f4c5 데이터 날짜: 2025-10-17 (1일 전)
[2025-10-18 09:58:26] INFO:   [2025-10-17] 종가: 107,300원, 20일선: 109,295원, 엔벨로프: 87,436원
[2025-10-18 09:58:26] INFO:   매수선: 1차 87,536, 2차 78,882, 3차 71,094
[2025-10-18 09:58:27] INFO: 
[12/72] 한국전력 (015760) 분석 중...
[2025-10-18 09:58:27] INFO:   \U0001f4c5 데이터 날짜: 2025-10-17 (1일 전)
[2025-10-18 09:58:27] INFO:   [2025-10-17] 종가: 41,850원, 20일선: 36,962원, 엔벨로프: 29,570원
[2025-10-18 09:58:27] INFO:   매수선: 1차 29,620, 2차 26,708, 3차 24,087
[2025-10-18 09:58:27] INFO: 
[13/72] 현대차 (005380) 분석 중...
[2025-10-18 09:58:27] INFO:   \U0001f4c5 데이터 날짜: 2025-10-17 (1일 전)
[2025-10-18 09:58:27] INFO:   [2025-10-17] 종가: 240,500원, 20일선: 219,950원, 엔벨로프: 175,960원
[2025-10-18 09:58:27] INFO:   매수선: 1차 176,460, 2차 159,314, 3차 143,883
[2025-10-18 09:58:27] INFO: 
[14/72] 포스코퓨처엠 (003670) 분석 중...
[2025-10-18 09:58:27] INFO:   \U0001f4c5 데이터 날짜: 2025-10-17 (1일 전)
[2025-10-18 09:58:27] INFO:   [2025-10-17] 종가: 185,400원, 20일선: 149,940원, 엔벨로프: 119,952원
[2025-10-18 09:58:27] INFO:   매수선: 1차 120,452, 2차 108,907, 3차 98,116
[2025-10-18 09:58:28] INFO: 
[15/72] 한라캐스트 (125490) 분석 중...
[2025-10-18 09:58:28] INFO:   \U0001f4c5 데이터 날짜: 2025-10-17 (1일 전)
[2025-10-18 09:58:28] INFO:   [2025-10-17] 종가: 11,400원, 20일선: 8,526원, 엔벨로프: 6,820원
[2025-10-18 09:58:28] INFO:   매수선: 1차 6,830, 2차 6,157, 3차 5,552
[2025-10-18 09:58:28] INFO: 
[16/72] LG화학 (051910) 분석 중...
[2025-10-18 09:58:28] INFO:   \U0001f4c5 데이터 날짜: 2025-10-17 (1일 전)
[2025-10-18 09:58:28] INFO:   [2025-10-17] 종가: 331,500원, 20일선: 292,275원, 엔벨로프: 233,820원
[2025-10-18 09:58:28] INFO:   매수선: 1차 234,320, 2차 211,388, 3차 190,749
[2025-10-18 09:58:28] INFO: 
[17/72] 엘앤에프 (066970) 분석 중...
[2025-10-18 09:58:28] INFO:   \U0001f4c5 데이터 날짜: 2025-10-17 (1일 전)
[2025-10-18 09:58:28] INFO:   [2025-10-17] 종가: 105,100원, 20일선: 77,785원, 엔벨로프: 62,228원
[2025-10-18 09:58:28] INFO:   매수선: 1차 62,328, 2차 56,195, 3차 50,676
[2025-10-18 09:58:29] INFO: 
[18/72] 두산 (000150) 분석 중...
[2025-10-18 09:58:29] INFO:   \U0001f4c5 데이터 날짜: 2025-10-17 (1일 전)
[2025-10-18 09:58:29] INFO:   [2025-10-17] 종가: 678,000원, 20일선: 592,150원, 엔벨로프: 473,720원
[2025-10-18 09:58:29] INFO:   매수선: 1차 474,220, 2차 427,298, 3차 385,068
[2025-10-18 09:58:29] INFO: 
[19/72] 클로봇 (466100) 분석 중...
[2025-10-18 09:58:29] INFO:   \U0001f4c5 데이터 날짜: 2025-10-17 (1일 전)
[2025-10-18 09:58:29] INFO:   [2025-10-17] 종가: 41,800원, 20일선: 32,270원, 엔벨로프: 25,816원
[2025-10-18 09:58:29] INFO:   매수선: 1차 25,866, 2차 23,329, 3차 21,046
[2025-10-18 09:58:29] INFO: 
[20/72] 로보티즈 (108490) 분석 중...
[2025-10-18 09:58:29] INFO:   \U0001f4c5 데이터 날짜: 2025-10-17 (1일 전)
[2025-10-18 09:58:29] INFO:   [2025-10-17] 종가: 192,200원, 20일선: 153,449원, 엔벨로프: 122,760원
[2025-10-18 09:58:29] INFO:   매수선: 1차 123,260, 2차 111,434, 3차 100,790
[2025-10-18 09:58:30] INFO: 
[21/72] 삼성전자우 (005935) 분석 중...
[2025-10-18 09:58:30] INFO:   \U0001f4c5 데이터 날짜: 2025-10-17 (1일 전)
[2025-10-18 09:58:30] INFO:   [2025-10-17] 종가: 75,000원, 20일선: 68,285원, 엔벨로프: 54,628원
[2025-10-18 09:58:30] INFO:   매수선: 1차 54,728, 2차 49,305, 3차 44,425
[2025-10-18 09:58:30] INFO: 
[22/72] 일동제약 (249420) 분석 중...
[2025-10-18 09:58:30] INFO:   \U0001f4c5 데이터 날짜: 2025-10-17 (1일 전)
[2025-10-18 09:58:30] INFO:   [2025-10-17] 종가: 21,900원, 20일선: 26,608원, 엔벨로프: 21,286원
[2025-10-18 09:58:30] INFO:   매수선: 1차 21,336, 2차 19,252, 3차 17,377
[2025-10-18 09:58:30] INFO:   \U0001f514 1차 매수선까지 2.6% (접근 중!)
[2025-10-18 09:58:30] INFO: 
[23/72] 우리기술투자 (041190) 분석 중...
[2025-10-18 09:58:31] INFO:   \U0001f4c5 데이터 날짜: 2025-10-17 (1일 전)
[2025-10-18 09:58:31] INFO:   [2025-10-17] 종가: 9,010원, 20일선: 10,777원, 엔벨로프: 8,622원
[2025-10-18 09:58:31] INFO:   매수선: 1차 8,632, 2차 7,778, 3차 7,011
[2025-10-18 09:58:31] INFO:   \U0001f514 1차 매수선까지 4.4% (접근 중!)
[2025-10-18 09:58:31] INFO: 
[24/72] NHN KCP (060250) 분석 중...
[2025-10-18 09:58:31] INFO:   \U0001f4c5 데이터 날짜: 2025-10-17 (1일 전)
[2025-10-18 09:58:31] INFO:   [2025-10-17] 종가: 15,890원, 20일선: 16,652원, 엔벨로프: 13,321원
[2025-10-18 09:58:31] INFO:   매수선: 1차 13,371, 2차 12,084, 3차 10,926
[2025-10-18 09:58:31] INFO: 
[25/72] 카카오 (035720) 분석 중...
[2025-10-18 09:58:31] INFO:   \U0001f4c5 데이터 날짜: 2025-10-17 (1일 전)
[2025-10-18 09:58:31] INFO:   [2025-10-17] 종가: 57,800원, 20일선: 61,740원, 엔벨로프: 49,392원
[2025-10-18 09:58:31] INFO:   매수선: 1차 49,442, 2차 44,548, 3차 40,143
[2025-10-18 09:58:31] INFO: 
[26/72] 레인보우로보틱스 (277810) 분석 중...
[2025-10-18 09:58:32] INFO:   \U0001f4c5 데이터 날짜: 2025-10-17 (1일 전)
[2025-10-18 09:58:32] INFO:   [2025-10-17] 종가: 326,000원, 20일선: 314,900원, 엔벨로프: 251,920원
[2025-10-18 09:58:32] INFO:   매수선: 1차 252,420, 2차 227,678, 3차 205,410
[2025-10-18 09:58:32] INFO: 
[27/72] 알테오젠 (196170) 분석 중...
[2025-10-18 09:58:32] INFO:   \U0001f4c5 데이터 날짜: 2025-10-17 (1일 전)
[2025-10-18 09:58:32] INFO:   [2025-10-17] 종가: 427,500원, 20일선: 463,825원, 엔벨로프: 371,060원
[2025-10-18 09:58:32] INFO:   매수선: 1차 371,560, 2차 334,904, 3차 301,914
[2025-10-18 09:58:32] INFO: 
[28/72] 셀트리온 (068270) 분석 중...
[2025-10-18 09:58:32] INFO:   \U0001f4c5 데이터 날짜: 2025-10-17 (1일 전)
[2025-10-18 09:58:32] INFO:   [2025-10-17] 종가: 173,600원, 20일선: 173,395원, 엔벨로프: 138,716원
[2025-10-18 09:58:32] INFO:   매수선: 1차 139,216, 2차 125,794, 3차 113,715
[2025-10-18 09:58:32] INFO: 
[29/72] 디앤디파마텍 (347850) 분석 중...
[2025-10-18 09:58:33] INFO:   \U0001f4c5 데이터 날짜: 2025-10-17 (1일 전)
[2025-10-18 09:58:33] INFO:   [2025-10-17] 종가: 161,000원, 20일선: 184,660원, 엔벨로프: 147,728원
[2025-10-18 09:58:33] INFO:   매수선: 1차 148,228, 2차 133,905, 3차 121,015
[2025-10-18 09:58:33] INFO:   \U0001f514 1차 매수선까지 8.6% (접근 중!)
[2025-10-18 09:58:33] INFO: 
[30/72] 삼천당제약 (000250) 분석 중...
[2025-10-18 09:58:33] INFO:   \U0001f4c5 데이터 날짜: 2025-10-17 (1일 전)
[2025-10-18 09:58:33] INFO:   [2025-10-17] 종가: 199,500원, 20일선: 218,800원, 엔벨로프: 175,040원
[2025-10-18 09:58:33] INFO:   매수선: 1차 175,540, 2차 158,486, 3차 143,137
[2025-10-18 09:58:33] INFO: 
[31/72] 다날 (064260) 분석 중...
[2025-10-18 09:58:33] INFO:   \U0001f4c5 데이터 날짜: 2025-10-17 (1일 전)
[2025-10-18 09:58:33] INFO:   [2025-10-17] 종가: 8,940원, 20일선: 9,768원, 엔벨로프: 7,814원
[2025-10-18 09:58:33] INFO:   매수선: 1차 7,824, 2차 7,052, 3차 6,357
[2025-10-18 09:58:33] INFO: 
[32/72] 현대로템 (064350) 분석 중...
[2025-10-18 09:58:34] INFO:   \U0001f4c5 데이터 날짜: 2025-10-17 (1일 전)
[2025-10-18 09:58:34] INFO:   [2025-10-17] 종가: 201,000원, 20일선: 216,725원, 엔벨로프: 173,380원
[2025-10-18 09:58:34] INFO:   매수선: 1차 173,880, 2차 156,992, 3차 141,793
[2025-10-18 09:58:34] INFO: 
[33/72] 로보스타 (090360) 분석 중...
[2025-10-18 09:58:34] INFO:   \U0001f4c5 데이터 날짜: 2025-10-17 (1일 전)
[2025-10-18 09:58:34] INFO:   [2025-10-17] 종가: 64,400원, 20일선: 48,932원, 엔벨로프: 39,146원
[2025-10-18 09:58:34] INFO:   매수선: 1차 39,196, 2차 35,326, 3차 31,844
[2025-10-18 09:58:34] INFO: 
[34/72] 한국항공우주 (047810) 분석 중...
[2025-10-18 09:58:34] INFO:   \U0001f4c5 데이터 날짜: 2025-10-17 (1일 전)
[2025-10-18 09:58:34] INFO:   [2025-10-17] 종가: 95,400원, 20일선: 104,960원, 엔벨로프: 83,968원
[2025-10-18 09:58:34] INFO:   매수선: 1차 84,068, 2차 75,761, 3차 68,285
[2025-10-18 09:58:34] INFO: 
[35/72] 지투지바이오 (456160) 분석 중...
[2025-10-18 09:58:35] INFO:   \U0001f4c5 데이터 날짜: 2025-10-17 (1일 전)
[2025-10-18 09:58:35] INFO:   [2025-10-17] 종가: 166,300원, 20일선: 205,420원, 엔벨로프: 164,336원
[2025-10-18 09:58:35] INFO:   매수선: 1차 164,836, 2차 148,852, 3차 134,467
[2025-10-18 09:58:35] INFO:   \U0001f514 1차 매수선까지 0.9% (접근 중!)
[2025-10-18 09:58:35] INFO: 
[36/72] 농심 (004370) 분석 중...
[2025-10-18 09:58:35] INFO:   \U0001f4c5 데이터 날짜: 2025-10-17 (1일 전)
[2025-10-18 09:58:35] INFO:   [2025-10-17] 종가: 424,500원, 20일선: 451,325원, 엔벨로프: 361,060원
[2025-10-18 09:58:35] INFO:   매수선: 1차 361,560, 2차 325,904, 3차 293,814
[2025-10-18 09:58:35] INFO: 
[37/72] SK오션플랜트 (100090) 분석 중...
[2025-10-18 09:58:35] INFO:   \U0001f4c5 데이터 날짜: 2025-10-17 (1일 전)
[2025-10-18 09:58:35] INFO:   [2025-10-17] 종가: 21,400원, 20일선: 24,830원, 엔벨로프: 19,864원
[2025-10-18 09:58:35] INFO:   매수선: 1차 19,914, 2차 17,973, 3차 16,225
[2025-10-18 09:58:35] INFO:   \U0001f514 1차 매수선까지 7.5% (접근 중!)
[2025-10-18 09:58:35] INFO: 
[38/72] HJ중공업 (097230) 분석 중...
[2025-10-18 09:58:36] INFO:   \U0001f4c5 데이터 날짜: 2025-10-17 (1일 전)
[2025-10-18 09:58:36] INFO:   [2025-10-17] 종가: 25,650원, 20일선: 27,742원, 엔벨로프: 22,194원
[2025-10-18 09:58:36] INFO:   매수선: 1차 22,244, 2차 20,070, 3차 18,113
[2025-10-18 09:58:36] INFO: 
[39/72] 세진중공업 (075580) 분석 중...
[2025-10-18 09:58:36] INFO:   \U0001f4c5 데이터 날짜: 2025-10-17 (1일 전)
[2025-10-18 09:58:36] INFO:   [2025-10-17] 종가: 20,100원, 20일선: 21,594원, 엔벨로프: 17,276원
[2025-10-18 09:58:36] INFO:   매수선: 1차 17,326, 2차 15,643, 3차 14,129
[2025-10-18 09:58:36] INFO: 
[40/72] 엘앤씨바이오 (290650) 분석 중...
[2025-10-18 09:58:36] INFO:   \U0001f4c5 데이터 날짜: 2025-10-17 (1일 전)
[2025-10-18 09:58:36] INFO:   [2025-10-17] 종가: 48,200원, 20일선: 54,645원, 엔벨로프: 43,716원
[2025-10-18 09:58:36] INFO:   매수선: 1차 43,766, 2차 39,439, 3차 35,545
[2025-10-18 09:58:36] INFO: 
[41/72] 한화엔진 (082740) 분석 중...
[2025-10-18 09:58:37] INFO:   \U0001f4c5 데이터 날짜: 2025-10-17 (1일 전)
[2025-10-18 09:58:37] INFO:   [2025-10-17] 종가: 46,450원, 20일선: 44,998원, 엔벨로프: 35,998원
[2025-10-18 09:58:37] INFO:   매수선: 1차 36,048, 2차 32,493, 3차 29,294
[2025-10-18 09:58:37] INFO: 
[42/72] 현대힘스 (460930) 분석 중...
[2025-10-18 09:58:37] INFO:   \U0001f4c5 데이터 날짜: 2025-10-17 (1일 전)
[2025-10-18 09:58:37] INFO:   [2025-10-17] 종가: 22,550원, 20일선: 25,665원, 엔벨로프: 20,532원
[2025-10-18 09:58:37] INFO:   매수선: 1차 20,582, 2차 18,574, 3차 16,766
[2025-10-18 09:58:37] INFO:   \U0001f514 1차 매수선까지 9.6% (접근 중!)
[2025-10-18 09:58:37] INFO: 
[43/72] HD한국조선해양 (009540) 분석 중...
[2025-10-18 09:58:37] INFO:   \U0001f4c5 데이터 날짜: 2025-10-17 (1일 전)
[2025-10-18 09:58:37] INFO:   [2025-10-17] 종가: 413,500원, 20일선: 411,125원, 엔벨로프: 328,900원
[2025-10-18 09:58:37] INFO:   매수선: 1차 329,400, 2차 296,960, 3차 267,764
[2025-10-18 09:58:37] INFO: 
[44/72] HD현대미포 (010620) 분석 중...
[2025-10-18 09:58:38] INFO:   \U0001f4c5 데이터 날짜: 2025-10-17 (1일 전)
[2025-10-18 09:58:38] INFO:   [2025-10-17] 종가: 199,500원, 20일선: 199,315원, 엔벨로프: 159,452원
[2025-10-18 09:58:38] INFO:   매수선: 1차 159,952, 2차 144,457, 3차 130,511
[2025-10-18 09:58:38] INFO: 
[45/72] 삼성중공업 (010140) 분석 중...
[2025-10-18 09:58:38] INFO:   \U0001f4c5 데이터 날짜: 2025-10-17 (1일 전)
[2025-10-18 09:58:38] INFO:   [2025-10-17] 종가: 22,200원, 20일선: 21,710원, 엔벨로프: 17,368원
[2025-10-18 09:58:38] INFO:   매수선: 1차 17,418, 2차 15,726, 3차 14,204
[2025-10-18 09:58:38] INFO: 
[46/72] 효성중공업 (298040) 분석 중...
[2025-10-18 09:58:38] INFO:   \U0001f4c5 데이터 날짜: 2025-10-17 (1일 전)
[2025-10-18 09:58:38] INFO:   [2025-10-17] 종가: 1,580,000원, 20일선: 1,429,900원, 엔벨로프: 1,143,920원
[2025-10-18 09:58:38] INFO:   매수선: 1차 1,144,920, 2차 1,031,428, 3차 929,285
[2025-10-18 09:58:38] INFO: 
[47/72] LIG넥스원 (079550) 분석 중...
[2025-10-18 09:58:39] INFO:   \U0001f4c5 데이터 날짜: 2025-10-17 (1일 전)
[2025-10-18 09:58:39] INFO:   [2025-10-17] 종가: 432,500원, 20일선: 491,600원, 엔벨로프: 393,280원
[2025-10-18 09:58:39] INFO:   매수선: 1차 393,780, 2차 354,902, 3차 319,912
[2025-10-18 09:58:39] INFO:   \U0001f514 1차 매수선까지 9.8% (접근 중!)
[2025-10-18 09:58:39] INFO: 
[48/72] 에스엔시스 (0008Z0) 분석 중...
[2025-10-18 09:58:39] INFO:   \U0001f4c5 데이터 날짜: 2025-10-17 (1일 전)
[2025-10-18 09:58:39] INFO:   [2025-10-17] 종가: 40,100원, 20일선: 41,702원, 엔벨로프: 33,362원
[2025-10-18 09:58:39] INFO:   매수선: 1차 33,412, 2차 30,121, 3차 27,159
[2025-10-18 09:58:39] INFO: 
[49/72] 삼양컴텍 (484590) 분석 중...
[2025-10-18 09:58:39] INFO:   \U0001f4c5 데이터 날짜: 2025-10-17 (1일 전)
[2025-10-18 09:58:39] INFO:   [2025-10-17] 종가: 16,020원, 20일선: 18,538원, 엔벨로프: 14,830원
[2025-10-18 09:58:39] INFO:   매수선: 1차 14,880, 2차 13,442, 3차 12,148
[2025-10-18 09:58:39] INFO:   \U0001f514 1차 매수선까지 7.7% (접근 중!)
[2025-10-18 09:58:39] INFO: 
[50/72] 에이비엘바이오 (298380) 분석 중...
[2025-10-18 09:58:40] INFO:   \U0001f4c5 데이터 날짜: 2025-10-17 (1일 전)
[2025-10-18 09:58:40] INFO:   [2025-10-17] 종가: 84,900원, 20일선: 96,220원, 엔벨로프: 76,976원
[2025-10-18 09:58:40] INFO:   매수선: 1차 77,076, 2차 69,468, 3차 62,622
[2025-10-18 09:58:40] INFO: 
[51/72] LG디스플레이 (034220) 분석 중...
[2025-10-18 09:58:40] INFO:   \U0001f4c5 데이터 날짜: 2025-10-17 (1일 전)
[2025-10-18 09:58:40] INFO:   [2025-10-17] 종가: 14,200원, 20일선: 13,980원, 엔벨로프: 11,184원
[2025-10-18 09:58:40] INFO:   매수선: 1차 11,234, 2차 10,160, 3차 9,154
[2025-10-18 09:58:40] INFO: 
[52/72] 대한조선 (439260) 분석 중...
[2025-10-18 09:58:40] INFO:   \U0001f4c5 데이터 날짜: 2025-10-17 (1일 전)
[2025-10-18 09:58:40] INFO:   [2025-10-17] 종가: 76,000원, 20일선: 79,650원, 엔벨로프: 63,720원
[2025-10-18 09:58:40] INFO:   매수선: 1차 63,820, 2차 57,538, 3차 51,884
[2025-10-18 09:58:40] INFO: 
[53/72] 에이피알 (278470) 분석 중...
[2025-10-18 09:58:41] INFO:   \U0001f4c5 데이터 날짜: 2025-10-17 (1일 전)
[2025-10-18 09:58:41] INFO:   [2025-10-17] 종가: 237,000원, 20일선: 235,200원, 엔벨로프: 188,160원
[2025-10-18 09:58:41] INFO:   매수선: 1차 188,660, 2차 170,294, 3차 153,765
[2025-10-18 09:58:41] INFO: 
[54/72] SK바이오팜 (326030) 분석 중...
[2025-10-18 09:58:41] INFO:   \U0001f4c5 데이터 날짜: 2025-10-17 (1일 전)
[2025-10-18 09:58:41] INFO:   [2025-10-17] 종가: 100,700원, 20일선: 105,620원, 엔벨로프: 84,496원
[2025-10-18 09:58:41] INFO:   매수선: 1차 84,596, 2차 76,236, 3차 68,713
[2025-10-18 09:58:41] INFO: 
[55/72] 한화에어로스페이스 (012450) 분석 중...
[2025-10-18 09:58:41] INFO:   \U0001f4c5 데이터 날짜: 2025-10-17 (1일 전)
[2025-10-18 09:58:41] INFO:   [2025-10-17] 종가: 916,000원, 20일선: 1,020,850원, 엔벨로프: 816,680원
[2025-10-18 09:58:41] INFO:   매수선: 1차 817,680, 2차 736,912, 3차 664,221
[2025-10-18 09:58:41] INFO: 
[56/72] 한화시스템 (272210) 분석 중...
[2025-10-18 09:58:42] INFO:   \U0001f4c5 데이터 날짜: 2025-10-17 (1일 전)
[2025-10-18 09:58:42] INFO:   [2025-10-17] 종가: 51,300원, 20일선: 57,480원, 엔벨로프: 45,984원
[2025-10-18 09:58:42] INFO:   매수선: 1차 46,034, 2차 41,481, 3차 37,383
[2025-10-18 09:58:42] INFO: 
[57/72] 한화솔루션 (009830) 분석 중...
[2025-10-18 09:58:42] INFO:   \U0001f4c5 데이터 날짜: 2025-10-17 (1일 전)
[2025-10-18 09:58:42] INFO:   [2025-10-17] 종가: 29,400원, 20일선: 29,230원, 엔벨로프: 23,384원
[2025-10-18 09:58:42] INFO:   매수선: 1차 23,434, 2차 21,141, 3차 19,077
[2025-10-18 09:58:42] INFO: 
[58/72] 삼성전기 (009150) 분석 중...
[2025-10-18 09:58:42] INFO:   \U0001f4c5 데이터 날짜: 2025-10-17 (1일 전)
[2025-10-18 09:58:42] INFO:   [2025-10-17] 종가: 202,500원, 20일선: 198,300원, 엔벨로프: 158,640원
[2025-10-18 09:58:42] INFO:   매수선: 1차 159,140, 2차 143,726, 3차 129,853
[2025-10-18 09:58:42] INFO: 
[59/72] 한화비전 (489790) 분석 중...
[2025-10-18 09:58:43] INFO:   \U0001f4c5 데이터 날짜: 2025-10-17 (1일 전)
[2025-10-18 09:58:43] INFO:   [2025-10-17] 종가: 50,900원, 20일선: 55,960원, 엔벨로프: 44,768원
[2025-10-18 09:58:43] INFO:   매수선: 1차 44,818, 2차 40,386, 3차 36,398
[2025-10-18 09:58:43] INFO: 
[60/72] HD현대인프라코어 (042670) 분석 중...
[2025-10-18 09:58:43] INFO:   \U0001f4c5 데이터 날짜: 2025-10-17 (1일 전)
[2025-10-18 09:58:43] INFO:   [2025-10-17] 종가: 14,680원, 20일선: 15,396원, 엔벨로프: 12,317원
[2025-10-18 09:58:43] INFO:   매수선: 1차 12,367, 2차 11,180, 3차 10,112
[2025-10-18 09:58:43] INFO: 
[61/72] 도우인시스 (484120) 분석 중...
[2025-10-18 09:58:43] INFO:   \U0001f4c5 데이터 날짜: 2025-10-17 (1일 전)
[2025-10-18 09:58:43] INFO:   [2025-10-17] 종가: 30,200원, 20일선: 30,415원, 엔벨로프: 24,332원
[2025-10-18 09:58:43] INFO:   매수선: 1차 24,382, 2차 21,994, 3차 19,844
[2025-10-18 09:58:43] INFO: 
[62/72] KBI동양철관 (008970) 분석 중...
[2025-10-18 09:58:43] INFO:   \U0001f4c5 데이터 날짜: 2025-10-17 (1일 전)
[2025-10-18 09:58:43] INFO:   [2025-10-17] 종가: 2,610원, 20일선: 2,628원, 엔벨로프: 2,103원
[2025-10-18 09:58:43] INFO:   매수선: 1차 2,108, 2차 1,902, 3차 1,717
[2025-10-18 09:58:44] INFO: 
[63/72] YG PLUS (037270) 분석 중...
[2025-10-18 09:58:44] INFO:   \U0001f4c5 데이터 날짜: 2025-10-17 (1일 전)
[2025-10-18 09:58:44] INFO:   [2025-10-17] 종가: 6,550원, 20일선: 7,786원, 엔벨로프: 6,229원
[2025-10-18 09:58:44] INFO:   매수선: 1차 6,239, 2차 5,625, 3차 5,073
[2025-10-18 09:58:44] INFO:   \U0001f514 1차 매수선까지 5.0% (접근 중!)
[2025-10-18 09:58:44] INFO: 
[64/72] 리가켐바이오 (141080) 분석 중...
[2025-10-18 09:58:44] INFO:   \U0001f4c5 데이터 날짜: 2025-10-17 (1일 전)
[2025-10-18 09:58:44] INFO:   [2025-10-17] 종가: 130,400원, 20일선: 147,580원, 엔벨로프: 118,064원
[2025-10-18 09:58:44] INFO:   매수선: 1차 118,564, 2차 107,208, 3차 96,587
[2025-10-18 09:58:44] INFO:   \U0001f514 1차 매수선까지 10.0% (접근 중!)
[2025-10-18 09:58:44] INFO: 
[65/72] 쿠콘 (294570) 분석 중...
[2025-10-18 09:58:44] INFO:   \U0001f4c5 데이터 날짜: 2025-10-17 (1일 전)
[2025-10-18 09:58:44] INFO:   [2025-10-17] 종가: 36,900원, 20일선: 38,305원, 엔벨로프: 30,644원
[2025-10-18 09:58:44] INFO:   매수선: 1차 30,694, 2차 27,675, 3차 24,957
[2025-10-18 09:58:44] INFO: 
[66/72] 파인엠텍 (441270) 분석 중...
[2025-10-18 09:58:45] INFO:   \U0001f4c5 데이터 날짜: 2025-10-17 (1일 전)
[2025-10-18 09:58:45] INFO:   [2025-10-17] 종가: 9,580원, 20일선: 11,115원, 엔벨로프: 8,892원
[2025-10-18 09:58:45] INFO:   매수선: 1차 8,902, 2차 8,022, 3차 7,230
[2025-10-18 09:58:45] INFO:   \U0001f514 1차 매수선까지 7.6% (접근 중!)
[2025-10-18 09:58:45] INFO: 
[67/72] SK스퀘어 (402340) 분석 중...
[2025-10-18 09:58:45] INFO:   \U0001f4c5 데이터 날짜: 2025-10-17 (1일 전)
[2025-10-18 09:58:45] INFO:   [2025-10-17] 종가: 256,000원, 20일선: 220,995원, 엔벨로프: 176,796원
[2025-10-18 09:58:45] INFO:   매수선: 1차 177,296, 2차 160,066, 3차 144,560
[2025-10-18 09:58:45] INFO: 
[68/72] POSCO홀딩스 (005490) 분석 중...
[2025-10-18 09:58:45] INFO:   \U0001f4c5 데이터 날짜: 2025-10-17 (1일 전)
[2025-10-18 09:58:45] INFO:   [2025-10-17] 종가: 289,000원, 20일선: 279,350원, 엔벨로프: 223,480원
[2025-10-18 09:58:45] INFO:   매수선: 1차 223,980, 2차 202,082, 3차 182,374
[2025-10-18 09:58:45] INFO: 
[69/72] HD현대건설기계 (267270) 분석 중...
[2025-10-18 09:58:45] INFO:   \U0001f4c5 데이터 날짜: 2025-10-17 (1일 전)
[2025-10-18 09:58:45] INFO:   [2025-10-17] 종가: 94,400원, 20일선: 95,340원, 엔벨로프: 76,272원
[2025-10-18 09:58:45] INFO:   매수선: 1차 76,372, 2차 68,835, 3차 62,051
[2025-10-18 09:58:46] INFO: 
[70/72] 한화 (000880) 분석 중...
[2025-10-18 09:58:46] INFO:   \U0001f4c5 데이터 날짜: 2025-10-17 (1일 전)
[2025-10-18 09:58:46] INFO:   [2025-10-17] 종가: 81,800원, 20일선: 86,780원, 엔벨로프: 69,424원
[2025-10-18 09:58:46] INFO:   매수선: 1차 69,524, 2차 62,672, 3차 56,504
[2025-10-18 09:58:46] INFO: 
[71/72] SK (034730) 분석 중...
[2025-10-18 09:58:46] INFO:   \U0001f4c5 데이터 날짜: 2025-10-17 (1일 전)
[2025-10-18 09:58:46] INFO:   [2025-10-17] 종가: 216,500원, 20일선: 220,750원, 엔벨로프: 176,600원
[2025-10-18 09:58:46] INFO:   매수선: 1차 177,100, 2차 159,890, 3차 144,401
[2025-10-18 09:58:46] INFO: 
[72/72] SK이노베이션 (096770) 분석 중...
[2025-10-18 09:58:46] INFO:   \U0001f4c5 데이터 날짜: 2025-10-17 (1일 전)
[2025-10-18 09:58:46] INFO:   [2025-10-17] 종가: 113,900원, 20일선: 105,140원, 엔벨로프: 84,112원
[2025-10-18 09:58:46] INFO:   매수선: 1차 84,212, 2차 75,891, 3차 68,402
[2025-10-18 09:58:47] INFO: \u2713 Summary 저장 완료: 72개 종목
[2025-10-18 09:58:47] INFO: 
================================================================================
[2025-10-18 09:58:47] INFO: \U0001f514 알람: 11개
[2025-10-18 09:58:47] INFO: ================================================================================
[2025-10-18 09:58:47] INFO: \U0001f534 일동제약 (249420): 1차 매수선까지 2.6% (접근 중!)
[2025-10-18 09:58:47] INFO: \U0001f534 우리기술투자 (041190): 1차 매수선까지 4.4% (접근 중!)
[2025-10-18 09:58:47] INFO: \U0001f534 디앤디파마텍 (347850): 1차 매수선까지 8.6% (접근 중!)
[2025-10-18 09:58:47] INFO: \U0001f534 지투지바이오 (456160): 1차 매수선까지 0.9% (접근 중!)
[2025-10-18 09:58:47] INFO: \U0001f534 SK오션플랜트 (100090): 1차 매수선까지 7.5% (접근 중!)
[2025-10-18 09:58:47] INFO: \U0001f534 현대힘스 (460930): 1차 매수선까지 9.6% (접근 중!)
[2025-10-18 09:58:47] INFO: \U0001f534 LIG넥스원 (079550): 1차 매수선까지 9.8% (접근 중!)
[2025-10-18 09:58:47] INFO: \U0001f534 삼양컴텍 (484590): 1차 매수선까지 7.7% (접근 중!)
[2025-10-18 09:58:47] INFO: \U0001f534 YG PLUS (037270): 1차 매수선까지 5.0% (접근 중!)
[2025-10-18 09:58:47] INFO: \U0001f534 리가켐바이오 (141080): 1차 매수선까지 10.0% (접근 중!)
[2025-10-18 09:58:47] INFO: \U0001f534 파인엠텍 (441270): 1차 매수선까지 7.6% (접근 중!)
[2025-10-18 09:58:48] INFO: \u2713 텔레그램 전송 성공: me
[2025-10-18 09:58:49] INFO: \u2713 텔레그램 전송 성공: yoonjoo
[2025-10-18 09:58:50] INFO: \u2713 텔레그램 전송 성공: minjeong
[2025-10-18 09:58:51] INFO: \u2713 텔레그램 전송 성공: jumeoni
[2025-10-18 09:58:51] INFO: \u2713 텔레그램 일일 리포트 전송 완료
[2025-10-18 09:58:51] INFO: 
================================================================================
[2025-10-18 09:58:51] INFO: 완료
[2025-10-18 09:58:51] INFO: 분석: 72개 종목
[2025-10-18 09:58:51] INFO: 알람: 11개
[2025-10-18 09:58:51] INFO: ================================================================================
Step 2 completed successfully 
Completion Time: 2025-10-18  9:58:51.72 
======================================== 
SUCCESS: All steps completed successfully 
======================================== 
S12 Trading System - Daily Run (20:10) 
Start Time: 2025-10-18 10:01:00.06 
======================================== 
[1/2] Daily Turnover Tracking... 
Traceback (most recent call last):
  File "C:\Coding\S12\Daily_Turnover_Tracker.py", line 18, in <module>
    import requests
ModuleNotFoundError: No module named 'requests'
ERROR: Daily Turnover Tracker failed! 
ERROR: Process failed at 2025-10-18 10:01:00.19 
======================================== 
======================================== 
S12 Trading System - Daily Run (20:10) 
Start Time: 2025-10-18 10:06:00.06 
======================================== 
[1/2] Daily Turnover Tracking... 
지정된 경로를 찾을 수 없습니다.
ERROR: Daily Turnover Tracker failed! 
ERROR: Process failed at 2025-10-18 10:06:00.09 
======================================== 
======================================== 
S12 Trading System - Daily Run (20:10) 
Start Time: 2025-10-18 10:09:00.06 
======================================== 
[1/2] Daily Turnover Tracking... 
Traceback (most recent call last):
  File "C:\Coding\S12\Daily_Turnover_Tracker.py", line 18, in <module>
    import requests
ModuleNotFoundError: No module named 'requests'
ERROR: Daily Turnover Tracker failed! 
ERROR: Process failed at 2025-10-18 10:09:00.17 
======================================== 
======================================== 
S12 Trading System - Daily Run (20:10) 
Start Time: 2025-10-18 10:13:00.35 
======================================== 
[1/2] Daily Turnover Tracking... 
[2025-10-18 10:13:01] INFO: \u2713 API 토큰 획득 완료
[2025-10-18 10:13:01] INFO: ============================================================
[2025-10-18 10:13:01] INFO: 날짜: 2025-10-18
[2025-10-18 10:13:01] INFO: 임계값: 5,000억 이상
[2025-10-18 10:13:01] INFO: ============================================================
[2025-10-18 10:13:01] INFO: [KRX] 거래대금 순위 조회 중...
[2025-10-18 10:13:01] INFO:   \u2713 100개 종목 수신
[2025-10-18 10:13:01] INFO: [KOSDAQ] 거래대금 순위 조회 중...
[2025-10-18 10:13:01] INFO:   \u2713 100개 종목 수신
[2025-10-18 10:13:01] INFO: 
============================================================
[2025-10-18 10:13:01] INFO: 거래대금 5,000억 이상: 17개 종목
[2025-10-18 10:13:01] INFO: ============================================================
[2025-10-18 10:13:01] INFO: 
상위 10개:
[2025-10-18 10:13:01] INFO:    1. 005930 삼성전자                     40,889억
[2025-10-18 10:13:01] INFO:    2. 000660 SK하이닉스                   35,412억
[2025-10-18 10:13:01] INFO:    3. 086520 에코프로                     20,261억
[2025-10-18 10:13:01] INFO:    4. 247540 에코프로비엠                   16,883억
[2025-10-18 10:13:01] INFO:    5. 034020 두산에너빌리티                  15,762억
[2025-10-18 10:13:01] INFO:    6. 006400 삼성SDI                    11,006억
[2025-10-18 10:13:01] INFO:    7. 042660 한화오션                      8,110억
[2025-10-18 10:13:01] INFO:    8. 035420 NAVER                     7,389억
[2025-10-18 10:13:01] INFO:    9. 450080 에코프로머티                    7,222억
[2025-10-18 10:13:01] INFO:   10. 015760 한국전력                      6,619억
[2025-10-18 10:13:02] INFO: \u2713 데이터 저장 완료: 17개 종목 갱신 (오늘 이미 실행함, 누적횟수 유지)
[2025-10-18 10:13:02] INFO: 
============================================================
[2025-10-18 10:13:02] INFO: 완료: 17개 종목 저장됨
[2025-10-18 10:13:02] INFO: 파일: C:\Coding\S12\output\turnover_universe.xlsx
[2025-10-18 10:13:02] INFO: ============================================================
Step 1 completed successfully 
[2/2] Trading Signal Generation... 
[2025-10-18 10:13:03] INFO: ================================================================================
[2025-10-18 10:13:03] INFO: Trading Signal System 시작
[2025-10-18 10:13:03] INFO: 실행 시간: 2025-10-18 10:13:03
[2025-10-18 10:13:03] INFO: ================================================================================
[2025-10-18 10:13:03] INFO: \u2713 API 토큰 획득 완료
[2025-10-18 10:13:03] INFO: \u2713 추적 대상: 72개 종목
[2025-10-18 10:13:03] INFO: \u2713 기존 시그널 로드: Summary 72개, History 0개
[2025-10-18 10:13:03] INFO: 
================================================================================
[2025-10-18 10:13:03] INFO: 종목별 분석 시작
[2025-10-18 10:13:03] INFO: ================================================================================
[2025-10-18 10:13:03] INFO: 
[1/72] 삼성전자 (005930) 분석 중...
[2025-10-18 10:13:03] INFO:   \U0001f4c5 데이터 날짜: 2025-10-17 (1일 전)
[2025-10-18 10:13:03] INFO:   [2025-10-17] 종가: 96,300원, 20일선: 86,555원, 엔벨로프: 69,244원
[2025-10-18 10:13:03] INFO:   매수선: 1차 69,344, 2차 62,510, 3차 56,359
[2025-10-18 10:13:03] INFO: 
[2/72] SK하이닉스 (000660) 분석 중...
[2025-10-18 10:13:03] INFO:   \U0001f4c5 데이터 날짜: 2025-10-17 (1일 전)
[2025-10-18 10:13:03] INFO:   [2025-10-17] 종가: 454,500원, 20일선: 376,700원, 엔벨로프: 301,360원
[2025-10-18 10:13:03] INFO:   매수선: 1차 301,860, 2차 272,174, 3차 245,457
[2025-10-18 10:13:03] INFO: 
[3/72] 두산에너빌리티 (034020) 분석 중...
[2025-10-18 10:13:03] INFO:   \U0001f4c5 데이터 날짜: 2025-10-17 (1일 전)
[2025-10-18 10:13:03] INFO:   [2025-10-17] 종가: 79,600원, 20일선: 67,660원, 엔벨로프: 54,128원
[2025-10-18 10:13:03] INFO:   매수선: 1차 54,228, 2차 48,855, 3차 44,020
[2025-10-18 10:13:04] INFO: 
[4/72] NAVER (035420) 분석 중...
[2025-10-18 10:13:04] INFO:   \U0001f4c5 데이터 날짜: 2025-10-17 (1일 전)
[2025-10-18 10:13:04] INFO:   [2025-10-17] 종가: 250,500원, 20일선: 249,600원, 엔벨로프: 199,680원
[2025-10-18 10:13:04] INFO:   매수선: 1차 200,180, 2차 180,662, 3차 163,096
[2025-10-18 10:13:04] INFO: 
[5/72] 한미반도체 (042700) 분석 중...
[2025-10-18 10:13:04] INFO:   \U0001f4c5 데이터 날짜: 2025-10-17 (1일 전)
[2025-10-18 10:13:04] INFO:   [2025-10-17] 종가: 139,500원, 20일선: 106,110원, 엔벨로프: 84,888원
[2025-10-18 10:13:04] INFO:   매수선: 1차 84,988, 2차 76,589, 3차 69,030
[2025-10-18 10:13:04] INFO: 
[6/72] 에코프로비엠 (247540) 분석 중...
[2025-10-18 10:13:04] INFO:   \U0001f4c5 데이터 날짜: 2025-10-17 (1일 전)
[2025-10-18 10:13:04] INFO:   [2025-10-17] 종가: 152,900원, 20일선: 121,485원, 엔벨로프: 97,188원
[2025-10-18 10:13:04] INFO:   매수선: 1차 97,288, 2차 87,659, 3차 78,993
[2025-10-18 10:13:04] INFO: 
[7/72] 삼성SDI (006400) 분석 중...
[2025-10-18 10:13:04] INFO:   \U0001f4c5 데이터 날짜: 2025-10-17 (1일 전)
[2025-10-18 10:13:04] INFO:   [2025-10-17] 종가: 249,000원, 20일선: 211,700원, 엔벨로프: 169,360원
[2025-10-18 10:13:04] INFO:   매수선: 1차 169,860, 2차 153,374, 3차 138,537
[2025-10-18 10:13:05] INFO: 
[8/72] 에코프로 (086520) 분석 중...
[2025-10-18 10:13:05] INFO:   \U0001f4c5 데이터 날짜: 2025-10-17 (1일 전)
[2025-10-18 10:13:05] INFO:   [2025-10-17] 종가: 70,800원, 20일선: 50,715원, 엔벨로프: 40,572원
[2025-10-18 10:13:05] INFO:   매수선: 1차 40,622, 2차 36,610, 3차 32,999
[2025-10-18 10:13:05] INFO: 
[9/72] 에코프로머티 (450080) 분석 중...
[2025-10-18 10:13:05] INFO:   \U0001f4c5 데이터 날짜: 2025-10-17 (1일 전)
[2025-10-18 10:13:05] INFO:   [2025-10-17] 종가: 61,700원, 20일선: 51,130원, 엔벨로프: 40,904원
[2025-10-18 10:13:05] INFO:   매수선: 1차 40,954, 2차 36,909, 3차 33,268
[2025-10-18 10:13:05] INFO: 
[10/72] LG에너지솔루션 (373220) 분석 중...
[2025-10-18 10:13:05] INFO:   \U0001f4c5 데이터 날짜: 2025-10-17 (1일 전)
[2025-10-18 10:13:05] INFO:   [2025-10-17] 종가: 421,500원, 20일선: 363,350원, 엔벨로프: 290,680원
[2025-10-18 10:13:05] INFO:   매수선: 1차 291,180, 2차 262,562, 3차 236,806
[2025-10-18 10:13:05] INFO: 
[11/72] 한화오션 (042660) 분석 중...
[2025-10-18 10:13:06] INFO:   \U0001f4c5 데이터 날짜: 2025-10-17 (1일 전)
[2025-10-18 10:13:06] INFO:   [2025-10-17] 종가: 107,300원, 20일선: 109,295원, 엔벨로프: 87,436원
[2025-10-18 10:13:06] INFO:   매수선: 1차 87,536, 2차 78,882, 3차 71,094
[2025-10-18 10:13:06] INFO: 
[12/72] 한국전력 (015760) 분석 중...
[2025-10-18 10:13:06] INFO:   \U0001f4c5 데이터 날짜: 2025-10-17 (1일 전)
[2025-10-18 10:13:06] INFO:   [2025-10-17] 종가: 41,850원, 20일선: 36,962원, 엔벨로프: 29,570원
[2025-10-18 10:13:06] INFO:   매수선: 1차 29,620, 2차 26,708, 3차 24,087
[2025-10-18 10:13:06] INFO: 
[13/72] 현대차 (005380) 분석 중...
[2025-10-18 10:13:06] INFO:   \U0001f4c5 데이터 날짜: 2025-10-17 (1일 전)
[2025-10-18 10:13:06] INFO:   [2025-10-17] 종가: 240,500원, 20일선: 219,950원, 엔벨로프: 175,960원
[2025-10-18 10:13:06] INFO:   매수선: 1차 176,460, 2차 159,314, 3차 143,883
[2025-10-18 10:13:06] INFO: 
[14/72] 포스코퓨처엠 (003670) 분석 중...
[2025-10-18 10:13:06] INFO:   \U0001f4c5 데이터 날짜: 2025-10-17 (1일 전)
[2025-10-18 10:13:06] INFO:   [2025-10-17] 종가: 185,400원, 20일선: 149,940원, 엔벨로프: 119,952원
[2025-10-18 10:13:06] INFO:   매수선: 1차 120,452, 2차 108,907, 3차 98,116
[2025-10-18 10:13:07] INFO: 
[15/72] 한라캐스트 (125490) 분석 중...
[2025-10-18 10:13:07] INFO:   \U0001f4c5 데이터 날짜: 2025-10-17 (1일 전)
[2025-10-18 10:13:07] INFO:   [2025-10-17] 종가: 11,400원, 20일선: 8,526원, 엔벨로프: 6,820원
[2025-10-18 10:13:07] INFO:   매수선: 1차 6,830, 2차 6,157, 3차 5,552
[2025-10-18 10:13:07] INFO: 
[16/72] LG화학 (051910) 분석 중...
[2025-10-18 10:13:07] INFO:   \U0001f4c5 데이터 날짜: 2025-10-17 (1일 전)
[2025-10-18 10:13:07] INFO:   [2025-10-17] 종가: 331,500원, 20일선: 292,275원, 엔벨로프: 233,820원
[2025-10-18 10:13:07] INFO:   매수선: 1차 234,320, 2차 211,388, 3차 190,749
[2025-10-18 10:13:07] INFO: 
[17/72] 엘앤에프 (066970) 분석 중...
[2025-10-18 10:13:07] INFO:   \U0001f4c5 데이터 날짜: 2025-10-17 (1일 전)
[2025-10-18 10:13:07] INFO:   [2025-10-17] 종가: 105,100원, 20일선: 77,785원, 엔벨로프: 62,228원
[2025-10-18 10:13:07] INFO:   매수선: 1차 62,328, 2차 56,195, 3차 50,676
[2025-10-18 10:13:07] INFO: 
[18/72] 두산 (000150) 분석 중...
[2025-10-18 10:13:07] INFO:   \U0001f4c5 데이터 날짜: 2025-10-17 (1일 전)
[2025-10-18 10:13:07] INFO:   [2025-10-17] 종가: 678,000원, 20일선: 592,150원, 엔벨로프: 473,720원
[2025-10-18 10:13:07] INFO:   매수선: 1차 474,220, 2차 427,298, 3차 385,068
[2025-10-18 10:13:08] INFO: 
[19/72] 클로봇 (466100) 분석 중...
[2025-10-18 10:13:08] INFO:   \U0001f4c5 데이터 날짜: 2025-10-17 (1일 전)
[2025-10-18 10:13:08] INFO:   [2025-10-17] 종가: 41,800원, 20일선: 32,270원, 엔벨로프: 25,816원
[2025-10-18 10:13:08] INFO:   매수선: 1차 25,866, 2차 23,329, 3차 21,046
[2025-10-18 10:13:08] INFO: 
[20/72] 로보티즈 (108490) 분석 중...
[2025-10-18 10:13:08] INFO:   \U0001f4c5 데이터 날짜: 2025-10-17 (1일 전)
[2025-10-18 10:13:08] INFO:   [2025-10-17] 종가: 192,200원, 20일선: 153,449원, 엔벨로프: 122,760원
[2025-10-18 10:13:08] INFO:   매수선: 1차 123,260, 2차 111,434, 3차 100,790
[2025-10-18 10:13:08] INFO: 
[21/72] 삼성전자우 (005935) 분석 중...
[2025-10-18 10:13:08] INFO:   \U0001f4c5 데이터 날짜: 2025-10-17 (1일 전)
[2025-10-18 10:13:08] INFO:   [2025-10-17] 종가: 75,000원, 20일선: 68,285원, 엔벨로프: 54,628원
[2025-10-18 10:13:08] INFO:   매수선: 1차 54,728, 2차 49,305, 3차 44,425
[2025-10-18 10:13:09] INFO: 
[22/72] 일동제약 (249420) 분석 중...
[2025-10-18 10:13:09] INFO:   \U0001f4c5 데이터 날짜: 2025-10-17 (1일 전)
[2025-10-18 10:13:09] INFO:   [2025-10-17] 종가: 21,900원, 20일선: 26,608원, 엔벨로프: 21,286원
[2025-10-18 10:13:09] INFO:   매수선: 1차 21,336, 2차 19,252, 3차 17,377
[2025-10-18 10:13:09] INFO:   \U0001f514 1차 매수선까지 2.6% (접근 중!)
[2025-10-18 10:13:09] INFO: 
[23/72] 우리기술투자 (041190) 분석 중...
[2025-10-18 10:13:09] INFO:   \U0001f4c5 데이터 날짜: 2025-10-17 (1일 전)
[2025-10-18 10:13:09] INFO:   [2025-10-17] 종가: 9,010원, 20일선: 10,777원, 엔벨로프: 8,622원
[2025-10-18 10:13:09] INFO:   매수선: 1차 8,632, 2차 7,778, 3차 7,011
[2025-10-18 10:13:09] INFO:   \U0001f514 1차 매수선까지 4.4% (접근 중!)
[2025-10-18 10:13:09] INFO: 
[24/72] NHN KCP (060250) 분석 중...
[2025-10-18 10:13:09] INFO:   \U0001f4c5 데이터 날짜: 2025-10-17 (1일 전)
[2025-10-18 10:13:09] INFO:   [2025-10-17] 종가: 15,890원, 20일선: 16,652원, 엔벨로프: 13,321원
[2025-10-18 10:13:09] INFO:   매수선: 1차 13,371, 2차 12,084, 3차 10,926
[2025-10-18 10:13:09] INFO: 
[25/72] 카카오 (035720) 분석 중...
[2025-10-18 10:13:09] INFO:   \U0001f4c5 데이터 날짜: 2025-10-17 (1일 전)
[2025-10-18 10:13:09] INFO:   [2025-10-17] 종가: 57,800원, 20일선: 61,740원, 엔벨로프: 49,392원
[2025-10-18 10:13:09] INFO:   매수선: 1차 49,442, 2차 44,548, 3차 40,143
[2025-10-18 10:13:10] INFO: 
[26/72] 레인보우로보틱스 (277810) 분석 중...
[2025-10-18 10:13:10] INFO:   \U0001f4c5 데이터 날짜: 2025-10-17 (1일 전)
[2025-10-18 10:13:10] INFO:   [2025-10-17] 종가: 326,000원, 20일선: 314,900원, 엔벨로프: 251,920원
[2025-10-18 10:13:10] INFO:   매수선: 1차 252,420, 2차 227,678, 3차 205,410
[2025-10-18 10:13:10] INFO: 
[27/72] 알테오젠 (196170) 분석 중...
[2025-10-18 10:13:10] INFO:   \U0001f4c5 데이터 날짜: 2025-10-17 (1일 전)
[2025-10-18 10:13:10] INFO:   [2025-10-17] 종가: 427,500원, 20일선: 463,825원, 엔벨로프: 371,060원
[2025-10-18 10:13:10] INFO:   매수선: 1차 371,560, 2차 334,904, 3차 301,914
[2025-10-18 10:13:10] INFO: 
[28/72] 셀트리온 (068270) 분석 중...
[2025-10-18 10:13:10] INFO:   \U0001f4c5 데이터 날짜: 2025-10-17 (1일 전)
[2025-10-18 10:13:10] INFO:   [2025-10-17] 종가: 173,600원, 20일선: 173,395원, 엔벨로프: 138,716원
[2025-10-18 10:13:10] INFO:   매수선: 1차 139,216, 2차 125,794, 3차 113,715
[2025-10-18 10:13:10] INFO: 
[29/72] 디앤디파마텍 (347850) 분석 중...
[2025-10-18 10:13:10] INFO:   \U0001f4c5 데이터 날짜: 2025-10-17 (1일 전)
[2025-10-18 10:13:10] INFO:   [2025-10-17] 종가: 161,000원, 20일선: 184,660원, 엔벨로프: 147,728원
[2025-10-18 10:13:10] INFO:   매수선: 1차 148,228, 2차 133,905, 3차 121,015
[2025-10-18 10:13:10] INFO:   \U0001f514 1차 매수선까지 8.6% (접근 중!)
[2025-10-18 10:13:11] INFO: 
[30/72] 삼천당제약 (000250) 분석 중...
[2025-10-18 10:13:11] INFO:   \U0001f4c5 데이터 날짜: 2025-10-17 (1일 전)
[2025-10-18 10:13:11] INFO:   [2025-10-17] 종가: 199,500원, 20일선: 218,800원, 엔벨로프: 175,040원
[2025-10-18 10:13:11] INFO:   매수선: 1차 175,540, 2차 158,486, 3차 143,137
[2025-10-18 10:13:11] INFO: 
[31/72] 다날 (064260) 분석 중...
[2025-10-18 10:13:11] INFO:   \U0001f4c5 데이터 날짜: 2025-10-17 (1일 전)
[2025-10-18 10:13:11] INFO:   [2025-10-17] 종가: 8,940원, 20일선: 9,768원, 엔벨로프: 7,814원
[2025-10-18 10:13:11] INFO:   매수선: 1차 7,824, 2차 7,052, 3차 6,357
[2025-10-18 10:13:11] INFO: 
[32/72] 현대로템 (064350) 분석 중...
[2025-10-18 10:13:11] INFO:   \U0001f4c5 데이터 날짜: 2025-10-17 (1일 전)
[2025-10-18 10:13:11] INFO:   [2025-10-17] 종가: 201,000원, 20일선: 216,725원, 엔벨로프: 173,380원
[2025-10-18 10:13:11] INFO:   매수선: 1차 173,880, 2차 156,992, 3차 141,793
[2025-10-18 10:13:12] INFO: 
[33/72] 로보스타 (090360) 분석 중...
[2025-10-18 10:13:12] INFO:   \U0001f4c5 데이터 날짜: 2025-10-17 (1일 전)
[2025-10-18 10:13:12] INFO:   [2025-10-17] 종가: 64,400원, 20일선: 48,932원, 엔벨로프: 39,146원
[2025-10-18 10:13:12] INFO:   매수선: 1차 39,196, 2차 35,326, 3차 31,844
[2025-10-18 10:13:12] INFO: 
[34/72] 한국항공우주 (047810) 분석 중...
[2025-10-18 10:13:12] INFO:   \U0001f4c5 데이터 날짜: 2025-10-17 (1일 전)
[2025-10-18 10:13:12] INFO:   [2025-10-17] 종가: 95,400원, 20일선: 104,960원, 엔벨로프: 83,968원
[2025-10-18 10:13:12] INFO:   매수선: 1차 84,068, 2차 75,761, 3차 68,285
[2025-10-18 10:13:12] INFO: 
[35/72] 지투지바이오 (456160) 분석 중...
[2025-10-18 10:13:12] INFO:   \U0001f4c5 데이터 날짜: 2025-10-17 (1일 전)
[2025-10-18 10:13:12] INFO:   [2025-10-17] 종가: 166,300원, 20일선: 205,420원, 엔벨로프: 164,336원
[2025-10-18 10:13:12] INFO:   매수선: 1차 164,836, 2차 148,852, 3차 134,467
[2025-10-18 10:13:12] INFO:   \U0001f514 1차 매수선까지 0.9% (접근 중!)
[2025-10-18 10:13:12] INFO: 
[36/72] 농심 (004370) 분석 중...
[2025-10-18 10:13:12] INFO:   \U0001f4c5 데이터 날짜: 2025-10-17 (1일 전)
[2025-10-18 10:13:12] INFO:   [2025-10-17] 종가: 424,500원, 20일선: 451,325원, 엔벨로프: 361,060원
[2025-10-18 10:13:12] INFO:   매수선: 1차 361,560, 2차 325,904, 3차 293,814
[2025-10-18 10:13:13] INFO: 
[37/72] SK오션플랜트 (100090) 분석 중...
[2025-10-18 10:13:13] INFO:   \U0001f4c5 데이터 날짜: 2025-10-17 (1일 전)
[2025-10-18 10:13:13] INFO:   [2025-10-17] 종가: 21,400원, 20일선: 24,830원, 엔벨로프: 19,864원
[2025-10-18 10:13:13] INFO:   매수선: 1차 19,914, 2차 17,973, 3차 16,225
[2025-10-18 10:13:13] INFO:   \U0001f514 1차 매수선까지 7.5% (접근 중!)
[2025-10-18 10:13:13] INFO: 
[38/72] HJ중공업 (097230) 분석 중...
[2025-10-18 10:13:13] INFO:   \U0001f4c5 데이터 날짜: 2025-10-17 (1일 전)
[2025-10-18 10:13:13] INFO:   [2025-10-17] 종가: 25,650원, 20일선: 27,742원, 엔벨로프: 22,194원
[2025-10-18 10:13:13] INFO:   매수선: 1차 22,244, 2차 20,070, 3차 18,113
[2025-10-18 10:13:13] INFO: 
[39/72] 세진중공업 (075580) 분석 중...
[2025-10-18 10:13:13] INFO:   \U0001f4c5 데이터 날짜: 2025-10-17 (1일 전)
[2025-10-18 10:13:13] INFO:   [2025-10-17] 종가: 20,100원, 20일선: 21,594원, 엔벨로프: 17,276원
[2025-10-18 10:13:13] INFO:   매수선: 1차 17,326, 2차 15,643, 3차 14,129
[2025-10-18 10:13:13] INFO: 
[40/72] 엘앤씨바이오 (290650) 분석 중...
[2025-10-18 10:13:14] INFO:   \U0001f4c5 데이터 날짜: 2025-10-17 (1일 전)
[2025-10-18 10:13:14] INFO:   [2025-10-17] 종가: 48,200원, 20일선: 54,645원, 엔벨로프: 43,716원
[2025-10-18 10:13:14] INFO:   매수선: 1차 43,766, 2차 39,439, 3차 35,545
[2025-10-18 10:13:14] INFO: 
[41/72] 한화엔진 (082740) 분석 중...
[2025-10-18 10:13:14] INFO:   \U0001f4c5 데이터 날짜: 2025-10-17 (1일 전)
[2025-10-18 10:13:14] INFO:   [2025-10-17] 종가: 46,450원, 20일선: 44,998원, 엔벨로프: 35,998원
[2025-10-18 10:13:14] INFO:   매수선: 1차 36,048, 2차 32,493, 3차 29,294
[2025-10-18 10:13:14] INFO: 
[42/72] 현대힘스 (460930) 분석 중...
[2025-10-18 10:13:14] INFO:   \U0001f4c5 데이터 날짜: 2025-10-17 (1일 전)
[2025-10-18 10:13:14] INFO:   [2025-10-17] 종가: 22,550원, 20일선: 25,665원, 엔벨로프: 20,532원
[2025-10-18 10:13:14] INFO:   매수선: 1차 20,582, 2차 18,574, 3차 16,766
[2025-10-18 10:13:14] INFO:   \U0001f514 1차 매수선까지 9.6% (접근 중!)
[2025-10-18 10:13:14] INFO: 
[43/72] HD한국조선해양 (009540) 분석 중...
[2025-10-18 10:13:14] INFO:   \U0001f4c5 데이터 날짜: 2025-10-17 (1일 전)
[2025-10-18 10:13:14] INFO:   [2025-10-17] 종가: 413,500원, 20일선: 411,125원, 엔벨로프: 328,900원
[2025-10-18 10:13:14] INFO:   매수선: 1차 329,400, 2차 296,960, 3차 267,764
[2025-10-18 10:13:15] INFO: 
[44/72] HD현대미포 (010620) 분석 중...
[2025-10-18 10:13:15] INFO:   \U0001f4c5 데이터 날짜: 2025-10-17 (1일 전)
[2025-10-18 10:13:15] INFO:   [2025-10-17] 종가: 199,500원, 20일선: 199,315원, 엔벨로프: 159,452원
[2025-10-18 10:13:15] INFO:   매수선: 1차 159,952, 2차 144,457, 3차 130,511
[2025-10-18 10:13:15] INFO: 
[45/72] 삼성중공업 (010140) 분석 중...
[2025-10-18 10:13:15] INFO:   \U0001f4c5 데이터 날짜: 2025-10-17 (1일 전)
[2025-10-18 10:13:15] INFO:   [2025-10-17] 종가: 22,200원, 20일선: 21,710원, 엔벨로프: 17,368원
[2025-10-18 10:13:15] INFO:   매수선: 1차 17,418, 2차 15,726, 3차 14,204
[2025-10-18 10:13:15] INFO: 
[46/72] 효성중공업 (298040) 분석 중...
[2025-10-18 10:13:15] INFO:   \U0001f4c5 데이터 날짜: 2025-10-17 (1일 전)
[2025-10-18 10:13:15] INFO:   [2025-10-17] 종가: 1,580,000원, 20일선: 1,429,900원, 엔벨로프: 1,143,920원
[2025-10-18 10:13:15] INFO:   매수선: 1차 1,144,920, 2차 1,031,428, 3차 929,285
[2025-10-18 10:13:15] INFO: 
[47/72] LIG넥스원 (079550) 분석 중...
[2025-10-18 10:13:15] INFO:   \U0001f4c5 데이터 날짜: 2025-10-17 (1일 전)
[2025-10-18 10:13:15] INFO:   [2025-10-17] 종가: 432,500원, 20일선: 491,600원, 엔벨로프: 393,280원
[2025-10-18 10:13:15] INFO:   매수선: 1차 393,780, 2차 354,902, 3차 319,912
[2025-10-18 10:13:15] INFO:   \U0001f514 1차 매수선까지 9.8% (접근 중!)
[2025-10-18 10:13:16] INFO: 
[48/72] 에스엔시스 (0008Z0) 분석 중...
[2025-10-18 10:13:16] INFO:   \U0001f4c5 데이터 날짜: 2025-10-17 (1일 전)
[2025-10-18 10:13:16] INFO:   [2025-10-17] 종가: 40,100원, 20일선: 41,702원, 엔벨로프: 33,362원
[2025-10-18 10:13:16] INFO:   매수선: 1차 33,412, 2차 30,121, 3차 27,159
[2025-10-18 10:13:16] INFO: 
[49/72] 삼양컴텍 (484590) 분석 중...
[2025-10-18 10:13:16] INFO:   \U0001f4c5 데이터 날짜: 2025-10-17 (1일 전)
[2025-10-18 10:13:16] INFO:   [2025-10-17] 종가: 16,020원, 20일선: 18,538원, 엔벨로프: 14,830원
[2025-10-18 10:13:16] INFO:   매수선: 1차 14,880, 2차 13,442, 3차 12,148
[2025-10-18 10:13:16] INFO:   \U0001f514 1차 매수선까지 7.7% (접근 중!)
[2025-10-18 10:13:16] INFO: 
[50/72] 에이비엘바이오 (298380) 분석 중...
[2025-10-18 10:13:16] INFO:   \U0001f4c5 데이터 날짜: 2025-10-17 (1일 전)
[2025-10-18 10:13:16] INFO:   [2025-10-17] 종가: 84,900원, 20일선: 96,220원, 엔벨로프: 76,976원
[2025-10-18 10:13:16] INFO:   매수선: 1차 77,076, 2차 69,468, 3차 62,622
[2025-10-18 10:13:16] INFO: 
[51/72] LG디스플레이 (034220) 분석 중...
[2025-10-18 10:13:17] INFO:   \U0001f4c5 데이터 날짜: 2025-10-17 (1일 전)
[2025-10-18 10:13:17] INFO:   [2025-10-17] 종가: 14,200원, 20일선: 13,980원, 엔벨로프: 11,184원
[2025-10-18 10:13:17] INFO:   매수선: 1차 11,234, 2차 10,160, 3차 9,154
[2025-10-18 10:13:17] INFO: 
[52/72] 대한조선 (439260) 분석 중...
[2025-10-18 10:13:17] INFO:   \U0001f4c5 데이터 날짜: 2025-10-17 (1일 전)
[2025-10-18 10:13:17] INFO:   [2025-10-17] 종가: 76,000원, 20일선: 79,650원, 엔벨로프: 63,720원
[2025-10-18 10:13:17] INFO:   매수선: 1차 63,820, 2차 57,538, 3차 51,884
[2025-10-18 10:13:17] INFO: 
[53/72] 에이피알 (278470) 분석 중...
[2025-10-18 10:13:17] INFO:   \U0001f4c5 데이터 날짜: 2025-10-17 (1일 전)
[2025-10-18 10:13:17] INFO:   [2025-10-17] 종가: 237,000원, 20일선: 235,200원, 엔벨로프: 188,160원
[2025-10-18 10:13:17] INFO:   매수선: 1차 188,660, 2차 170,294, 3차 153,765
[2025-10-18 10:13:17] INFO: 
[54/72] SK바이오팜 (326030) 분석 중...
[2025-10-18 10:13:17] INFO:   \U0001f4c5 데이터 날짜: 2025-10-17 (1일 전)
[2025-10-18 10:13:17] INFO:   [2025-10-17] 종가: 100,700원, 20일선: 105,620원, 엔벨로프: 84,496원
[2025-10-18 10:13:17] INFO:   매수선: 1차 84,596, 2차 76,236, 3차 68,713
[2025-10-18 10:13:18] INFO: 
[55/72] 한화에어로스페이스 (012450) 분석 중...
[2025-10-18 10:13:18] INFO:   \U0001f4c5 데이터 날짜: 2025-10-17 (1일 전)
[2025-10-18 10:13:18] INFO:   [2025-10-17] 종가: 916,000원, 20일선: 1,020,850원, 엔벨로프: 816,680원
[2025-10-18 10:13:18] INFO:   매수선: 1차 817,680, 2차 736,912, 3차 664,221
[2025-10-18 10:13:18] INFO: 
[56/72] 한화시스템 (272210) 분석 중...
[2025-10-18 10:13:18] INFO:   \U0001f4c5 데이터 날짜: 2025-10-17 (1일 전)
[2025-10-18 10:13:18] INFO:   [2025-10-17] 종가: 51,300원, 20일선: 57,480원, 엔벨로프: 45,984원
[2025-10-18 10:13:18] INFO:   매수선: 1차 46,034, 2차 41,481, 3차 37,383
[2025-10-18 10:13:18] INFO: 
[57/72] 한화솔루션 (009830) 분석 중...
[2025-10-18 10:13:18] INFO:   \U0001f4c5 데이터 날짜: 2025-10-17 (1일 전)
[2025-10-18 10:13:18] INFO:   [2025-10-17] 종가: 29,400원, 20일선: 29,230원, 엔벨로프: 23,384원
[2025-10-18 10:13:18] INFO:   매수선: 1차 23,434, 2차 21,141, 3차 19,077
[2025-10-18 10:13:19] INFO: 
[58/72] 삼성전기 (009150) 분석 중...
[2025-10-18 10:13:19] INFO:   \U0001f4c5 데이터 날짜: 2025-10-17 (1일 전)
[2025-10-18 10:13:19] INFO:   [2025-10-17] 종가: 202,500원, 20일선: 198,300원, 엔벨로프: 158,640원
[2025-10-18 10:13:19] INFO:   매수선: 1차 159,140, 2차 143,726, 3차 129,853
[2025-10-18 10:13:19] INFO: 
[59/72] 한화비전 (489790) 분석 중...
[2025-10-18 10:13:19] INFO:   \U0001f4c5 데이터 날짜: 2025-10-17 (1일 전)
[2025-10-18 10:13:19] INFO:   [2025-10-17] 종가: 50,900원, 20일선: 55,960원, 엔벨로프: 44,768원
[2025-10-18 10:13:19] INFO:   매수선: 1차 44,818, 2차 40,386, 3차 36,398
[2025-10-18 10:13:19] INFO: 
[60/72] HD현대인프라코어 (042670) 분석 중...
[2025-10-18 10:13:19] INFO:   \U0001f4c5 데이터 날짜: 2025-10-17 (1일 전)
[2025-10-18 10:13:19] INFO:   [2025-10-17] 종가: 14,680원, 20일선: 15,396원, 엔벨로프: 12,317원
[2025-10-18 10:13:19] INFO:   매수선: 1차 12,367, 2차 11,180, 3차 10,112
[2025-10-18 10:13:19] INFO: 
[61/72] 도우인시스 (484120) 분석 중...
[2025-10-18 10:13:19] INFO:   \U0001f4c5 데이터 날짜: 2025-10-17 (1일 전)
[2025-10-18 10:13:19] INFO:   [2025-10-17] 종가: 30,200원, 20일선: 30,415원, 엔벨로프: 24,332원
[2025-10-18 10:13:19] INFO:   매수선: 1차 24,382, 2차 21,994, 3차 19,844
[2025-10-18 10:13:20] INFO: 
[62/72] KBI동양철관 (008970) 분석 중...
[2025-10-18 10:13:20] INFO:   \U0001f4c5 데이터 날짜: 2025-10-17 (1일 전)
[2025-10-18 10:13:20] INFO:   [2025-10-17] 종가: 2,610원, 20일선: 2,628원, 엔벨로프: 2,103원
[2025-10-18 10:13:20] INFO:   매수선: 1차 2,108, 2차 1,902, 3차 1,717
[2025-10-18 10:13:20] INFO: 
[63/72] YG PLUS (037270) 분석 중...
[2025-10-18 10:13:20] INFO:   \U0001f4c5 데이터 날짜: 2025-10-17 (1일 전)
[2025-10-18 10:13:20] INFO:   [2025-10-17] 종가: 6,550원, 20일선: 7,786원, 엔벨로프: 6,229원
[2025-10-18 10:13:20] INFO:   매수선: 1차 6,239, 2차 5,625, 3차 5,073
[2025-10-18 10:13:20] INFO:   \U0001f514 1차 매수선까지 5.0% (접근 중!)
[2025-10-18 10:13:20] INFO: 
[64/72] 리가켐바이오 (141080) 분석 중...
[2025-10-18 10:13:20] INFO:   \U0001f4c5 데이터 날짜: 2025-10-17 (1일 전)
[2025-10-18 10:13:20] INFO:   [2025-10-17] 종가: 130,400원, 20일선: 147,580원, 엔벨로프: 118,064원
[2025-10-18 10:13:20] INFO:   매수선: 1차 118,564, 2차 107,208, 3차 96,587
[2025-10-18 10:13:20] INFO:   \U0001f514 1차 매수선까지 10.0% (접근 중!)
[2025-10-18 10:13:20] INFO: 
[65/72] 쿠콘 (294570) 분석 중...
[2025-10-18 10:13:21] INFO:   \U0001f4c5 데이터 날짜: 2025-10-17 (1일 전)
[2025-10-18 10:13:21] INFO:   [2025-10-17] 종가: 36,900원, 20일선: 38,305원, 엔벨로프: 30,644원
[2025-10-18 10:13:21] INFO:   매수선: 1차 30,694, 2차 27,675, 3차 24,957
[2025-10-18 10:13:21] INFO: 
[66/72] 파인엠텍 (441270) 분석 중...
[2025-10-18 10:13:21] INFO:   \U0001f4c5 데이터 날짜: 2025-10-17 (1일 전)
[2025-10-18 10:13:21] INFO:   [2025-10-17] 종가: 9,580원, 20일선: 11,115원, 엔벨로프: 8,892원
[2025-10-18 10:13:21] INFO:   매수선: 1차 8,902, 2차 8,022, 3차 7,230
[2025-10-18 10:13:21] INFO:   \U0001f514 1차 매수선까지 7.6% (접근 중!)
[2025-10-18 10:13:21] INFO: 
[67/72] SK스퀘어 (402340) 분석 중...
[2025-10-18 10:13:21] INFO:   \U0001f4c5 데이터 날짜: 2025-10-17 (1일 전)
[2025-10-18 10:13:21] INFO:   [2025-10-17] 종가: 256,000원, 20일선: 220,995원, 엔벨로프: 176,796원
[2025-10-18 10:13:21] INFO:   매수선: 1차 177,296, 2차 160,066, 3차 144,560
[2025-10-18 10:13:21] INFO: 
[68/72] POSCO홀딩스 (005490) 분석 중...
[2025-10-18 10:13:21] INFO:   \U0001f4c5 데이터 날짜: 2025-10-17 (1일 전)
[2025-10-18 10:13:21] INFO:   [2025-10-17] 종가: 289,000원, 20일선: 279,350원, 엔벨로프: 223,480원
[2025-10-18 10:13:21] INFO:   매수선: 1차 223,980, 2차 202,082, 3차 182,374
[2025-10-18 10:13:22] INFO: 
[69/72] HD현대건설기계 (267270) 분석 중...
[2025-10-18 10:13:22] INFO:   \U0001f4c5 데이터 날짜: 2025-10-17 (1일 전)
[2025-10-18 10:13:22] INFO:   [2025-10-17] 종가: 94,400원, 20일선: 95,340원, 엔벨로프: 76,272원
[2025-10-18 10:13:22] INFO:   매수선: 1차 76,372, 2차 68,835, 3차 62,051
[2025-10-18 10:13:22] INFO: 
[70/72] 한화 (000880) 분석 중...
[2025-10-18 10:13:22] INFO:   \U0001f4c5 데이터 날짜: 2025-10-17 (1일 전)
[2025-10-18 10:13:22] INFO:   [2025-10-17] 종가: 81,800원, 20일선: 86,780원, 엔벨로프: 69,424원
[2025-10-18 10:13:22] INFO:   매수선: 1차 69,524, 2차 62,672, 3차 56,504
[2025-10-18 10:13:22] INFO: 
[71/72] SK (034730) 분석 중...
[2025-10-18 10:13:22] INFO:   \U0001f4c5 데이터 날짜: 2025-10-17 (1일 전)
[2025-10-18 10:13:22] INFO:   [2025-10-17] 종가: 216,500원, 20일선: 220,750원, 엔벨로프: 176,600원
[2025-10-18 10:13:22] INFO:   매수선: 1차 177,100, 2차 159,890, 3차 144,401
[2025-10-18 10:13:22] INFO: 
[72/72] SK이노베이션 (096770) 분석 중...
[2025-10-18 10:13:22] INFO:   \U0001f4c5 데이터 날짜: 2025-10-17 (1일 전)
[2025-10-18 10:13:22] INFO:   [2025-10-17] 종가: 113,900원, 20일선: 105,140원, 엔벨로프: 84,112원
[2025-10-18 10:13:22] INFO:   매수선: 1차 84,212, 2차 75,891, 3차 68,402
[2025-10-18 10:13:23] INFO: \u2713 Summary 저장 완료: 72개 종목
[2025-10-18 10:13:23] INFO: 
================================================================================
[2025-10-18 10:13:23] INFO: \U0001f514 알람: 11개
[2025-10-18 10:13:23] INFO: ================================================================================
[2025-10-18 10:13:23] INFO: \U0001f534 일동제약 (249420): 1차 매수선까지 2.6% (접근 중!)
[2025-10-18 10:13:23] INFO: \U0001f534 우리기술투자 (041190): 1차 매수선까지 4.4% (접근 중!)
[2025-10-18 10:13:23] INFO: \U0001f534 디앤디파마텍 (347850): 1차 매수선까지 8.6% (접근 중!)
[2025-10-18 10:13:23] INFO: \U0001f534 지투지바이오 (456160): 1차 매수선까지 0.9% (접근 중!)
[2025-10-18 10:13:23] INFO: \U0001f534 SK오션플랜트 (100090): 1차 매수선까지 7.5% (접근 중!)
[2025-10-18 10:13:23] INFO: \U0001f534 현대힘스 (460930): 1차 매수선까지 9.6% (접근 중!)
[2025-10-18 10:13:23] INFO: \U0001f534 LIG넥스원 (079550): 1차 매수선까지 9.8% (접근 중!)
[2025-10-18 10:13:23] INFO: \U0001f534 삼양컴텍 (484590): 1차 매수선까지 7.7% (접근 중!)
[2025-10-18 10:13:23] INFO: \U0001f534 YG PLUS (037270): 1차 매수선까지 5.0% (접근 중!)
[2025-10-18 10:13:23] INFO: \U0001f534 리가켐바이오 (141080): 1차 매수선까지 10.0% (접근 중!)
[2025-10-18 10:13:23] INFO: \U0001f534 파인엠텍 (441270): 1차 매수선까지 7.6% (접근 중!)
[2025-10-18 10:13:24] INFO: \u2713 텔레그램 전송 성공: me
[2025-10-18 10:13:25] INFO: \u2713 텔레그램 전송 성공: yoonjoo
[2025-10-18 10:13:26] INFO: \u2713 텔레그램 전송 성공: minjeong
[2025-10-18 10:13:27] INFO: \u2713 텔레그램 전송 성공: jumeoni
[2025-10-18 10:13:27] INFO: \u2713 텔레그램 일일 리포트 전송 완료
[2025-10-18 10:13:27] INFO: 
================================================================================
[2025-10-18 10:13:27] INFO: 완료
[2025-10-18 10:13:27] INFO: 분석: 72개 종목
[2025-10-18 10:13:27] INFO: 알람: 11개
[2025-10-18 10:13:27] INFO: ================================================================================
Step 2 completed successfully 
Completion Time: 2025-10-18 10:13:27.72 
======================================== 
SUCCESS: All steps completed successfully 
