======================================== 
S12 Trading System - Daily Run (20:10) 
Start Time: 2025-10-27  6:29:22.43 
======================================== 
[1/2] Daily Turnover Tracking... 
Traceback (most recent call last):
  File "C:\Coding\S12\Daily_Turnover_Tracker.py", line 18, in <module>
    import requests
ModuleNotFoundError: No module named 'requests'
ERROR: Daily Turnover Tracker failed! 
ERROR: Process failed at 2025-10-27  6:29:24.10 
======================================== 
======================================== 
S12 Trading System - Daily Run (20:10) 
======================================== 
Start Time: 2025-10-27 20:10:01.24 
======================================== 
[1/2] Daily Turnover Tracking... 
Traceback (most recent call last):
  File "C:\Coding\S12\Daily_Turnover_Tracker.py", line 18, in <module>
    import requests
ModuleNotFoundError: No module named 'requests'
ERROR: Daily Turnover Tracker failed! 
ERROR: Process failed at 2025-10-27 20:10:01.43 
======================================== 
======================================== 
S12 Trading System - Daily Run (20:10) 
Start Time: 2025-10-27 21:25:37.90 
======================================== 
[1/2] Daily Turnover Tracking... 
[2025-10-27 21:25:42] INFO: \u2713 API 토큰 획득 완료
[2025-10-27 21:25:42] INFO: ============================================================
[2025-10-27 21:25:42] INFO: 날짜: 2025-10-27
[2025-10-27 21:25:42] INFO: 임계값: 5,000억 이상
[2025-10-27 21:25:42] INFO: ============================================================
[2025-10-27 21:25:42] INFO: [KRX] 거래대금 순위 조회 중...
[2025-10-27 21:25:42] INFO:   \u2713 100개 종목 수신
[2025-10-27 21:25:42] INFO: [KOSDAQ] 거래대금 순위 조회 중...
[2025-10-27 21:25:42] INFO:   \u2713 100개 종목 수신
[2025-10-27 21:25:42] INFO: 
============================================================
[2025-10-27 21:25:42] INFO: 거래대금 5,000억 이상: 14개 종목
[2025-10-27 21:25:42] INFO: ============================================================
[2025-10-27 21:25:42] INFO: 
상위 10개:
[2025-10-27 21:25:42] INFO:    1. 005930 삼성전자                     45,596억
[2025-10-27 21:25:42] INFO:    2. 000660 SK하이닉스                   37,291억
[2025-10-27 21:25:42] INFO:    3. 010140 삼성중공업                    16,618억
[2025-10-27 21:25:42] INFO:    4. 042660 한화오션                     13,663억
[2025-10-27 21:25:42] INFO:    5. 247540 에코프로비엠                   12,072억
[2025-10-27 21:25:42] INFO:    6. 006400 삼성SDI                     9,716억
[2025-10-27 21:25:42] INFO:    7. 034020 두산에너빌리티                   9,668억
[2025-10-27 21:25:42] INFO:    8. 000720 현대건설                      7,483억
[2025-10-27 21:25:42] INFO:    9. 128940 한미약품                      7,324억
[2025-10-27 21:25:42] INFO:   10. 003670 포스코퓨처엠                    7,277억
[2025-10-27 21:25:42] INFO: \u2713 데이터 저장 완료: 신규 3개, 누적횟수 증가 11개
[2025-10-27 21:25:42] INFO: 
============================================================
[2025-10-27 21:25:42] INFO: 완료: 14개 종목 저장됨
[2025-10-27 21:25:42] INFO: 파일: C:\Coding\S12\output\turnover_universe.xlsx
[2025-10-27 21:25:42] INFO: ============================================================
Step 1 completed successfully 
[2/2] Trading Signal Generation... 
[2025-10-27 21:25:43] INFO: ================================================================================
[2025-10-27 21:25:43] INFO: Trading Signal System 시작
[2025-10-27 21:25:43] INFO: 실행 시간: 2025-10-27 21:25:43
[2025-10-27 21:25:43] INFO: ================================================================================
[2025-10-27 21:25:44] INFO: \u2713 API 토큰 획득 완료
[2025-10-27 21:25:44] INFO: \u2713 추적 대상: 76개 종목
[2025-10-27 21:25:44] INFO: \u2713 기존 시그널 로드: Summary 73개, History 0개
[2025-10-27 21:25:44] INFO: 
================================================================================
[2025-10-27 21:25:44] INFO: 종목별 분석 시작
[2025-10-27 21:25:44] INFO: ================================================================================
[2025-10-27 21:25:44] INFO: 
[1/76] 삼성전자 (005930) 분석 중...
[2025-10-27 21:25:44] INFO:   [2025-10-27] 종가: 101,700원, 20일선: 92,205원
[2025-10-27 21:25:44] INFO:   \U0001f4ca S20: 1,844,100, Close_D_19: 85,100, S19_next: 1,759,000
[2025-10-27 21:25:44] INFO:   \U0001f3af 정확한 매수선: 1차 73,300, 2차 66,100, 3차 59,600
[2025-10-27 21:25:44] INFO:   \U0001f4c8 기존 엔벨로프: 73,764원 (참고용)
[2025-10-27 21:25:44] INFO: 
[2/76] SK하이닉스 (000660) 분석 중...
[2025-10-27 21:25:44] INFO:   [2025-10-27] 종가: 553,000원, 20일선: 422,925원
[2025-10-27 21:25:44] INFO:   \U0001f4ca S20: 8,458,500, Close_D_19: 362,500, S19_next: 8,096,000
[2025-10-27 21:25:44] INFO:   \U0001f3af 정확한 매수선: 1차 337,500, 2차 304,500, 3차 275,000
[2025-10-27 21:25:44] INFO:   \U0001f4c8 기존 엔벨로프: 338,340원 (참고용)
[2025-10-27 21:25:44] INFO: 
[3/76] 두산에너빌리티 (034020) 분석 중...
[2025-10-27 21:25:45] INFO:   [2025-10-27] 종가: 82,000원, 20일선: 73,290원
[2025-10-27 21:25:45] INFO:   \U0001f4ca S20: 1,465,800, Close_D_19: 63,400, S19_next: 1,402,400
[2025-10-27 21:25:45] INFO:   \U0001f3af 정확한 매수선: 1차 58,500, 2차 52,800, 3차 47,600
[2025-10-27 21:25:45] INFO:   \U0001f4c8 기존 엔벨로프: 58,632원 (참고용)
[2025-10-27 21:25:45] INFO: 
[4/76] NAVER (035420) 분석 중...
[2025-10-27 21:25:45] INFO:   [2025-10-27] 종가: 251,500원, 20일선: 254,550원
[2025-10-27 21:25:45] INFO:   \U0001f4ca S20: 5,091,000, Close_D_19: 231,000, S19_next: 4,860,000
[2025-10-27 21:25:45] INFO:   \U0001f3af 정확한 매수선: 1차 202,500, 2차 182,400, 3차 164,300
[2025-10-27 21:25:45] INFO:   \U0001f4c8 기존 엔벨로프: 203,640원 (참고용)
[2025-10-27 21:25:45] INFO: 
[5/76] 한화오션 (042660) 분석 중...
[2025-10-27 21:25:45] INFO:   [2025-10-27] 종가: 139,700원, 20일선: 114,975원
[2025-10-27 21:25:45] INFO:   \U0001f4ca S20: 2,299,500, Close_D_19: 111,100, S19_next: 2,188,400
[2025-10-27 21:25:45] INFO:   \U0001f3af 정확한 매수선: 1차 91,200, 2차 82,200, 3차 74,100
[2025-10-27 21:25:45] INFO:   \U0001f4c8 기존 엔벨로프: 91,980원 (참고용)
[2025-10-27 21:25:46] INFO: 
[6/76] 한미반도체 (042700) 분석 중...
[2025-10-27 21:25:46] INFO:   [2025-10-27] 종가: 150,100원, 20일선: 123,255원
[2025-10-27 21:25:46] INFO:   \U0001f4ca S20: 2,465,100, Close_D_19: 97,000, S19_next: 2,368,100
[2025-10-27 21:25:46] INFO:   \U0001f3af 정확한 매수선: 1차 98,700, 2차 89,000, 3차 80,200
[2025-10-27 21:25:46] INFO:   \U0001f4c8 기존 엔벨로프: 98,604원 (참고용)
[2025-10-27 21:25:46] INFO: 
[7/76] 에코프로비엠 (247540) 분석 중...
[2025-10-27 21:25:46] INFO:   [2025-10-27] 종가: 174,300원, 20일선: 134,705원
[2025-10-27 21:25:46] INFO:   \U0001f4ca S20: 2,694,100, Close_D_19: 118,900, S19_next: 2,575,200
[2025-10-27 21:25:46] INFO:   \U0001f3af 정확한 매수선: 1차 107,300, 2차 96,700, 3차 87,200
[2025-10-27 21:25:46] INFO:   \U0001f4c8 기존 엔벨로프: 107,764원 (참고용)
[2025-10-27 21:25:46] INFO: 
[8/76] 삼성SDI (006400) 분석 중...
[2025-10-27 21:25:46] INFO:   [2025-10-27] 종가: 287,500원, 20일선: 231,075원
[2025-10-27 21:25:46] INFO:   \U0001f4ca S20: 4,621,500, Close_D_19: 210,000, S19_next: 4,411,500
[2025-10-27 21:25:46] INFO:   \U0001f3af 정확한 매수선: 1차 183,900, 2차 165,700, 3차 149,300
[2025-10-27 21:25:46] INFO:   \U0001f4c8 기존 엔벨로프: 184,860원 (참고용)
[2025-10-27 21:25:47] INFO: 
[9/76] 에코프로 (086520) 분석 중...
[2025-10-27 21:25:47] INFO:   [2025-10-27] 종가: 93,800원, 20일선: 61,002원
[2025-10-27 21:25:47] INFO:   \U0001f4ca S20: 1,220,050, Close_D_19: 49,700, S19_next: 1,170,350
[2025-10-27 21:25:47] INFO:   \U0001f3af 정확한 매수선: 1차 48,800, 2차 44,000, 3차 39,650
[2025-10-27 21:25:47] INFO:   \U0001f4c8 기존 엔벨로프: 48,802원 (참고용)
[2025-10-27 21:25:47] INFO: 
[10/76] 현대차 (005380) 분석 중...
[2025-10-27 21:25:47] INFO:   [2025-10-27] 종가: 256,000원, 20일선: 231,600원
[2025-10-27 21:25:47] INFO:   \U0001f4ca S20: 4,632,000, Close_D_19: 219,000, S19_next: 4,413,000
[2025-10-27 21:25:47] INFO:   \U0001f3af 정확한 매수선: 1차 183,900, 2차 165,700, 3차 149,300
[2025-10-27 21:25:47] INFO:   \U0001f4c8 기존 엔벨로프: 185,280원 (참고용)
[2025-10-27 21:25:47] INFO: 
[11/76] 포스코퓨처엠 (003670) 분석 중...
[2025-10-27 21:25:47] INFO:   [2025-10-27] 종가: 246,500원, 20일선: 173,325원
[2025-10-27 21:25:47] INFO:   \U0001f4ca S20: 3,466,500, Close_D_19: 143,900, S19_next: 3,322,600
[2025-10-27 21:25:47] INFO:   \U0001f3af 정확한 매수선: 1차 138,500, 2차 124,800, 3차 112,500
[2025-10-27 21:25:47] INFO:   \U0001f4c8 기존 엔벨로프: 138,660원 (참고용)
[2025-10-27 21:25:48] INFO: 
[12/76] LG화학 (051910) 분석 중...
[2025-10-27 21:25:48] INFO:   [2025-10-27] 종가: 405,000원, 20일선: 318,050원
[2025-10-27 21:25:48] INFO:   \U0001f4ca S20: 6,361,000, Close_D_19: 299,500, S19_next: 6,061,500
[2025-10-27 21:25:48] INFO:   \U0001f3af 정확한 매수선: 1차 253,000, 2차 228,500, 3차 206,500
[2025-10-27 21:25:48] INFO:   \U0001f4c8 기존 엔벨로프: 254,440원 (참고용)
[2025-10-27 21:25:48] INFO: 
[13/76] 에코프로머티 (450080) 분석 중...
[2025-10-27 21:25:48] INFO:   [2025-10-27] 종가: 66,900원, 20일선: 55,625원
[2025-10-27 21:25:48] INFO:   \U0001f4ca S20: 1,112,500, Close_D_19: 51,800, S19_next: 1,060,700
[2025-10-27 21:25:48] INFO:   \U0001f3af 정확한 매수선: 1차 44,200, 2차 39,850, 3차 35,950
[2025-10-27 21:25:48] INFO:   \U0001f4c8 기존 엔벨로프: 44,500원 (참고용)
[2025-10-27 21:25:48] INFO: 
[14/76] LG에너지솔루션 (373220) 분석 중...
[2025-10-27 21:25:49] INFO:   [2025-10-27] 종가: 495,500원, 20일선: 395,275원
[2025-10-27 21:25:49] INFO:   \U0001f4ca S20: 7,905,500, Close_D_19: 357,000, S19_next: 7,548,500
[2025-10-27 21:25:49] INFO:   \U0001f3af 정확한 매수선: 1차 315,000, 2차 284,000, 3차 256,500
[2025-10-27 21:25:49] INFO:   \U0001f4c8 기존 엔벨로프: 316,220원 (참고용)
[2025-10-27 21:25:49] INFO: 
[15/76] 한국전력 (015760) 분석 중...
[2025-10-27 21:25:49] INFO:   [2025-10-27] 종가: 43,250원, 20일선: 38,982원
[2025-10-27 21:25:49] INFO:   \U0001f4ca S20: 779,650, Close_D_19: 36,950, S19_next: 742,700
[2025-10-27 21:25:49] INFO:   \U0001f3af 정확한 매수선: 1차 30,950, 2차 27,950, 3차 25,250
[2025-10-27 21:25:49] INFO:   \U0001f4c8 기존 엔벨로프: 31,186원 (참고용)
[2025-10-27 21:25:49] INFO: 
[16/76] 알테오젠 (196170) 분석 중...
[2025-10-27 21:25:49] INFO:   [2025-10-27] 종가: 487,000원, 20일선: 454,725원
[2025-10-27 21:25:49] INFO:   \U0001f4ca S20: 9,094,500, Close_D_19: 482,500, S19_next: 8,612,000
[2025-10-27 21:25:49] INFO:   \U0001f3af 정확한 매수선: 1차 359,000, 2차 324,000, 3차 292,500
[2025-10-27 21:25:49] INFO:   \U0001f4c8 기존 엔벨로프: 363,780원 (참고용)
[2025-10-27 21:25:49] INFO: 
[17/76] HJ중공업 (097230) 분석 중...
[2025-10-27 21:25:50] INFO:   [2025-10-27] 종가: 31,550원, 20일선: 26,958원
[2025-10-27 21:25:50] INFO:   \U0001f4ca S20: 539,150, Close_D_19: 28,450, S19_next: 510,700
[2025-10-27 21:25:50] INFO:   \U0001f3af 정확한 매수선: 1차 21,300, 2차 19,180, 3차 17,280
[2025-10-27 21:25:50] INFO:   \U0001f4c8 기존 엔벨로프: 21,566원 (참고용)
[2025-10-27 21:25:50] INFO: 
[18/76] 삼성중공업 (010140) 분석 중...
[2025-10-27 21:25:50] INFO:   [2025-10-27] 종가: 30,050원, 20일선: 22,730원
[2025-10-27 21:25:50] INFO:   \U0001f4ca S20: 454,600, Close_D_19: 21,300, S19_next: 433,300
[2025-10-27 21:25:50] INFO:   \U0001f3af 정확한 매수선: 1차 18,060, 2차 16,270, 3차 14,660
[2025-10-27 21:25:50] INFO:   \U0001f4c8 기존 엔벨로프: 18,184원 (참고용)
[2025-10-27 21:25:50] INFO: 
[19/76] 현대로템 (064350) 분석 중...
[2025-10-27 21:25:50] INFO:   [2025-10-27] 종가: 235,500원, 20일선: 219,500원
[2025-10-27 21:25:50] INFO:   \U0001f4ca S20: 4,390,000, Close_D_19: 222,500, S19_next: 4,167,500
[2025-10-27 21:25:50] INFO:   \U0001f3af 정확한 매수선: 1차 173,700, 2차 156,500, 3차 141,000
[2025-10-27 21:25:50] INFO:   \U0001f4c8 기존 엔벨로프: 175,600원 (참고용)
[2025-10-27 21:25:51] INFO: 
[20/76] 카카오 (035720) 분석 중...
[2025-10-27 21:25:51] INFO:   [2025-10-27] 종가: 61,200원, 20일선: 60,450원
[2025-10-27 21:25:51] INFO:   \U0001f4ca S20: 1,209,000, Close_D_19: 63,600, S19_next: 1,145,400
[2025-10-27 21:25:51] INFO:   \U0001f3af 정확한 매수선: 1차 47,750, 2차 43,050, 3차 38,800
[2025-10-27 21:25:51] INFO:   \U0001f4c8 기존 엔벨로프: 48,360원 (참고용)
[2025-10-27 21:25:51] INFO: 
[21/76] 엘앤에프 (066970) 분석 중...
[2025-10-27 21:25:51] INFO:   [2025-10-27] 종가: 141,600원, 20일선: 92,030원
[2025-10-27 21:25:51] INFO:   \U0001f4ca S20: 1,840,600, Close_D_19: 77,000, S19_next: 1,763,600
[2025-10-27 21:25:51] INFO:   \U0001f3af 정확한 매수선: 1차 73,500, 2차 66,300, 3차 59,800
[2025-10-27 21:25:51] INFO:   \U0001f4c8 기존 엔벨로프: 73,624원 (참고용)
[2025-10-27 21:25:51] INFO: 
[22/76] 두산 (000150) 분석 중...
[2025-10-27 21:25:51] INFO:   [2025-10-27] 종가: 874,000원, 20일선: 644,350원
[2025-10-27 21:25:51] INFO:   \U0001f4ca S20: 12,887,000, Close_D_19: 593,000, S19_next: 12,294,000
[2025-10-27 21:25:51] INFO:   \U0001f3af 정확한 매수선: 1차 513,000, 2차 462,500, 3차 417,000
[2025-10-27 21:25:51] INFO:   \U0001f4c8 기존 엔벨로프: 515,480원 (참고용)
[2025-10-27 21:25:52] INFO: 
[23/76] 한라캐스트 (125490) 분석 중...
[2025-10-27 21:25:52] INFO:   [2025-10-27] 종가: 12,790원, 20일선: 10,229원
[2025-10-27 21:25:52] INFO:   \U0001f4ca S20: 204,580, Close_D_19: 8,660, S19_next: 195,920
[2025-10-27 21:25:52] INFO:   \U0001f3af 정확한 매수선: 1차 8,170, 2차 7,370, 3차 6,650
[2025-10-27 21:25:52] INFO:   \U0001f4c8 기존 엔벨로프: 8,183원 (참고용)
[2025-10-27 21:25:52] INFO: 
[24/76] 현대건설 (000720) 분석 중...
[2025-10-27 21:25:52] INFO:   [2025-10-27] 종가: 69,400원, 20일선: 58,105원
[2025-10-27 21:25:52] INFO:   \U0001f4ca S20: 1,162,100, Close_D_19: 55,600, S19_next: 1,106,500
[2025-10-27 21:25:52] INFO:   \U0001f3af 정확한 매수선: 1차 46,150, 2차 41,600, 3차 37,500
[2025-10-27 21:25:52] INFO:   \U0001f4c8 기존 엔벨로프: 46,484원 (참고용)
[2025-10-27 21:25:52] INFO: 
[25/76] 한미약품 (128940) 분석 중...
[2025-10-27 21:25:52] INFO:   [2025-10-27] 종가: 430,000원, 20일선: 363,225원
[2025-10-27 21:25:52] INFO:   \U0001f4ca S20: 7,264,500, Close_D_19: 387,000, S19_next: 6,877,500
[2025-10-27 21:25:52] INFO:   \U0001f3af 정확한 매수선: 1차 287,000, 2차 259,000, 3차 234,000
[2025-10-27 21:25:52] INFO:   \U0001f4c8 기존 엔벨로프: 290,580원 (참고용)
[2025-10-27 21:25:53] INFO: 
[26/76] 하이브 (352820) 분석 중...
[2025-10-27 21:25:53] INFO:   [2025-10-27] 종가: 311,000원, 20일선: 277,375원
[2025-10-27 21:25:53] INFO:   \U0001f4ca S20: 5,547,500, Close_D_19: 282,500, S19_next: 5,265,000
[2025-10-27 21:25:53] INFO:   \U0001f3af 정확한 매수선: 1차 219,500, 2차 197,700, 3차 178,100
[2025-10-27 21:25:53] INFO:   \U0001f4c8 기존 엔벨로프: 221,900원 (참고용)
[2025-10-27 21:25:53] INFO: 
[27/76] 휴림로봇 (090710) 분석 중...
[2025-10-27 21:25:53] INFO:   [2025-10-27] 종가: 6,020원, 20일선: 4,304원
[2025-10-27 21:25:53] INFO:   \U0001f4ca S20: 86,070, Close_D_19: 3,415, S19_next: 82,655
[2025-10-27 21:25:53] INFO:   \U0001f3af 정확한 매수선: 1차 3,445, 2차 3,110, 3차 2,805
[2025-10-27 21:25:53] INFO:   \U0001f4c8 기존 엔벨로프: 3,443원 (참고용)
[2025-10-27 21:25:54] INFO: 
[28/76] 클로봇 (466100) 분석 중...
[2025-10-27 21:25:54] INFO:   [2025-10-27] 종가: 40,000원, 20일선: 36,008원
[2025-10-27 21:25:54] INFO:   \U0001f4ca S20: 720,150, Close_D_19: 28,700, S19_next: 691,450
[2025-10-27 21:25:54] INFO:   \U0001f3af 정확한 매수선: 1차 28,850, 2차 26,050, 3차 23,500
[2025-10-27 21:25:54] INFO:   \U0001f4c8 기존 엔벨로프: 28,806원 (참고용)
[2025-10-27 21:25:54] INFO: 
[29/76] 로보티즈 (108490) 분석 중...
[2025-10-27 21:25:54] INFO:   [2025-10-27] 종가: 191,700원, 20일선: 176,643원
[2025-10-27 21:25:54] INFO:   \U0001f4ca S20: 3,532,854, Close_D_19: 157,366, S19_next: 3,375,488
[2025-10-27 21:25:54] INFO:   \U0001f3af 정확한 매수선: 1차 140,700, 2차 126,800, 3차 114,300
[2025-10-27 21:25:54] INFO:   \U0001f4c8 기존 엔벨로프: 141,314원 (참고용)
[2025-10-27 21:25:54] INFO: 
[30/76] 삼성전자우 (005935) 분석 중...
[2025-10-27 21:25:54] INFO:   [2025-10-27] 종가: 79,800원, 20일선: 72,395원
[2025-10-27 21:25:54] INFO:   \U0001f4ca S20: 1,447,900, Close_D_19: 67,200, S19_next: 1,380,700
[2025-10-27 21:25:54] INFO:   \U0001f3af 정확한 매수선: 1차 57,600, 2차 52,000, 3차 46,850
[2025-10-27 21:25:54] INFO:   \U0001f4c8 기존 엔벨로프: 57,916원 (참고용)
[2025-10-27 21:25:55] INFO: 
[31/76] 일동제약 (249420) 분석 중...
[2025-10-27 21:25:55] INFO:   [2025-10-27] 종가: 24,750원, 20일선: 25,098원
[2025-10-27 21:25:55] INFO:   \U0001f4ca S20: 501,950, Close_D_19: 27,700, S19_next: 474,250
[2025-10-27 21:25:55] INFO:   \U0001f3af 정확한 매수선: 1차 19,770, 2차 17,810, 3차 16,040
[2025-10-27 21:25:55] INFO:   \U0001f4c8 기존 엔벨로프: 20,078원 (참고용)
[2025-10-27 21:25:55] INFO: 
[32/76] 우리기술투자 (041190) 분석 중...
[2025-10-27 21:25:55] INFO:   [2025-10-27] 종가: 9,240원, 20일선: 10,149원
[2025-10-27 21:25:55] INFO:   \U0001f4ca S20: 202,980, Close_D_19: 10,890, S19_next: 192,090
[2025-10-27 21:25:55] INFO:   \U0001f3af 정확한 매수선: 1차 8,010, 2차 7,220, 3차 6,510
[2025-10-27 21:25:55] INFO:   \U0001f4c8 기존 엔벨로프: 8,119원 (참고용)
[2025-10-27 21:25:55] INFO: 
[33/76] NHN KCP (060250) 분석 중...
[2025-10-27 21:25:55] INFO:   [2025-10-27] 종가: 16,830원, 20일선: 17,239원
[2025-10-27 21:25:55] INFO:   \U0001f4ca S20: 344,780, Close_D_19: 14,720, S19_next: 330,060
[2025-10-27 21:25:55] INFO:   \U0001f3af 정확한 매수선: 1차 13,760, 2차 12,400, 3차 11,170
[2025-10-27 21:25:55] INFO:   \U0001f4c8 기존 엔벨로프: 13,791원 (참고용)
[2025-10-27 21:25:56] INFO: 
[34/76] 레인보우로보틱스 (277810) 분석 중...
[2025-10-27 21:25:56] INFO:   [2025-10-27] 종가: 342,500원, 20일선: 327,350원
[2025-10-27 21:25:56] INFO:   \U0001f4ca S20: 6,547,000, Close_D_19: 305,500, S19_next: 6,241,500
[2025-10-27 21:25:56] INFO:   \U0001f3af 정확한 매수선: 1차 260,500, 2차 235,000, 3차 212,000
[2025-10-27 21:25:56] INFO:   \U0001f4c8 기존 엔벨로프: 261,880원 (참고용)
[2025-10-27 21:25:56] INFO: 
[35/76] 셀트리온 (068270) 분석 중...
[2025-10-27 21:25:56] INFO:   [2025-10-27] 종가: 179,100원, 20일선: 175,575원
[2025-10-27 21:25:56] INFO:   \U0001f4ca S20: 3,511,500, Close_D_19: 183,800, S19_next: 3,327,700
[2025-10-27 21:25:56] INFO:   \U0001f3af 정확한 매수선: 1차 138,700, 2차 125,000, 3차 112,600
[2025-10-27 21:25:56] INFO:   \U0001f4c8 기존 엔벨로프: 140,460원 (참고용)
[2025-10-27 21:25:56] INFO: 
[36/76] 디앤디파마텍 (347850) 분석 중...
[2025-10-27 21:25:56] INFO:   [2025-10-27] 종가: 193,300원, 20일선: 185,050원
[2025-10-27 21:25:56] INFO:   \U0001f4ca S20: 3,701,000, Close_D_19: 205,500, S19_next: 3,495,500
[2025-10-27 21:25:56] INFO:   \U0001f3af 정확한 매수선: 1차 145,700, 2차 131,300, 3차 118,300
[2025-10-27 21:25:56] INFO:   \U0001f4c8 기존 엔벨로프: 148,040원 (참고용)
[2025-10-27 21:25:57] INFO: 
[37/76] 삼천당제약 (000250) 분석 중...
[2025-10-27 21:25:57] INFO:   [2025-10-27] 종가: 226,000원, 20일선: 212,665원
[2025-10-27 21:25:57] INFO:   \U0001f4ca S20: 4,253,300, Close_D_19: 255,000, S19_next: 3,998,300
[2025-10-27 21:25:57] INFO:   \U0001f3af 정확한 매수선: 1차 166,600, 2차 150,100, 3차 135,200
[2025-10-27 21:25:57] INFO:   \U0001f4c8 기존 엔벨로프: 170,132원 (참고용)
[2025-10-27 21:25:57] INFO: 
[38/76] 다날 (064260) 분석 중...
[2025-10-27 21:25:57] INFO:   [2025-10-27] 종가: 8,950원, 20일선: 9,591원
[2025-10-27 21:25:57] INFO:   \U0001f4ca S20: 191,820, Close_D_19: 10,090, S19_next: 181,730
[2025-10-27 21:25:57] INFO:   \U0001f3af 정확한 매수선: 1차 7,580, 2차 6,840, 3차 6,170
[2025-10-27 21:25:57] INFO:   \U0001f4c8 기존 엔벨로프: 7,673원 (참고용)
[2025-10-27 21:25:57] INFO: 
[39/76] 로보스타 (090360) 분석 중...
[2025-10-27 21:25:58] INFO:   [2025-10-27] 종가: 79,800원, 20일선: 58,205원
[2025-10-27 21:25:58] INFO:   \U0001f4ca S20: 1,164,100, Close_D_19: 50,700, S19_next: 1,113,400
[2025-10-27 21:25:58] INFO:   \U0001f3af 정확한 매수선: 1차 46,400, 2차 41,850, 3차 37,750
[2025-10-27 21:25:58] INFO:   \U0001f4c8 기존 엔벨로프: 46,564원 (참고용)
[2025-10-27 21:25:58] INFO: 
[40/76] 한국항공우주 (047810) 분석 중...
[2025-10-27 21:25:58] INFO:   [2025-10-27] 종가: 104,600원, 20일선: 103,495원
[2025-10-27 21:25:58] INFO:   \U0001f4ca S20: 2,069,900, Close_D_19: 106,100, S19_next: 1,963,800
[2025-10-27 21:25:58] INFO:   \U0001f3af 정확한 매수선: 1차 81,900, 2차 73,900, 3차 66,700
[2025-10-27 21:25:58] INFO:   \U0001f4c8 기존 엔벨로프: 82,796원 (참고용)
[2025-10-27 21:25:58] INFO: 
[41/76] 지투지바이오 (456160) 분석 중...
[2025-10-27 21:25:58] INFO:   [2025-10-27] 종가: 184,700원, 20일선: 192,380원
[2025-10-27 21:25:58] INFO:   \U0001f4ca S20: 3,847,600, Close_D_19: 235,000, S19_next: 3,612,600
[2025-10-27 21:25:58] INFO:   \U0001f3af 정확한 매수선: 1차 150,600, 2차 135,700, 3차 122,300
[2025-10-27 21:25:58] INFO:   \U0001f4c8 기존 엔벨로프: 153,904원 (참고용)
[2025-10-27 21:25:58] INFO: 
[42/76] 농심 (004370) 분석 중...
[2025-10-27 21:25:59] INFO:   [2025-10-27] 종가: 433,500원, 20일선: 436,775원
[2025-10-27 21:25:59] INFO:   \U0001f4ca S20: 8,735,500, Close_D_19: 455,500, S19_next: 8,280,000
[2025-10-27 21:25:59] INFO:   \U0001f3af 정확한 매수선: 1차 345,000, 2차 311,000, 3차 280,500
[2025-10-27 21:25:59] INFO:   \U0001f4c8 기존 엔벨로프: 349,420원 (참고용)
[2025-10-27 21:25:59] INFO: 
[43/76] SK오션플랜트 (100090) 분석 중...
[2025-10-27 21:25:59] INFO:   [2025-10-27] 종가: 23,750원, 20일선: 23,498원
[2025-10-27 21:25:59] INFO:   \U0001f4ca S20: 469,950, Close_D_19: 26,300, S19_next: 443,650
[2025-10-27 21:25:59] INFO:   \U0001f3af 정확한 매수선: 1차 18,490, 2차 16,660, 3차 15,010
[2025-10-27 21:25:59] INFO:   \U0001f4c8 기존 엔벨로프: 18,798원 (참고용)
[2025-10-27 21:25:59] INFO: 
[44/76] 세진중공업 (075580) 분석 중...
[2025-10-27 21:25:59] INFO:   [2025-10-27] 종가: 24,000원, 20일선: 21,414원
[2025-10-27 21:25:59] INFO:   \U0001f4ca S20: 428,290, Close_D_19: 21,450, S19_next: 406,840
[2025-10-27 21:25:59] INFO:   \U0001f3af 정확한 매수선: 1차 16,960, 2차 15,280, 3차 13,770
[2025-10-27 21:25:59] INFO:   \U0001f4c8 기존 엔벨로프: 17,132원 (참고용)
[2025-10-27 21:25:59] INFO: 
[45/76] 엘앤씨바이오 (290650) 분석 중...
[2025-10-27 21:26:00] INFO:   [2025-10-27] 종가: 52,700원, 20일선: 51,810원
[2025-10-27 21:26:00] INFO:   \U0001f4ca S20: 1,036,200, Close_D_19: 57,500, S19_next: 978,700
[2025-10-27 21:26:00] INFO:   \U0001f3af 정확한 매수선: 1차 40,800, 2차 36,800, 3차 33,200
[2025-10-27 21:26:00] INFO:   \U0001f4c8 기존 엔벨로프: 41,448원 (참고용)
[2025-10-27 21:26:00] INFO: 
[46/76] 한화엔진 (082740) 분석 중...
[2025-10-27 21:26:00] INFO:   [2025-10-27] 종가: 51,300원, 20일선: 46,510원
[2025-10-27 21:26:00] INFO:   \U0001f4ca S20: 930,200, Close_D_19: 43,400, S19_next: 886,800
[2025-10-27 21:26:00] INFO:   \U0001f3af 정확한 매수선: 1차 36,950, 2차 33,350, 3차 30,100
[2025-10-27 21:26:00] INFO:   \U0001f4c8 기존 엔벨로프: 37,208원 (참고용)
[2025-10-27 21:26:00] INFO: 
[47/76] 현대힘스 (460930) 분석 중...
[2025-10-27 21:26:00] INFO:   [2025-10-27] 종가: 23,900원, 20일선: 24,328원
[2025-10-27 21:26:00] INFO:   \U0001f4ca S20: 486,550, Close_D_19: 26,300, S19_next: 460,250
[2025-10-27 21:26:00] INFO:   \U0001f3af 정확한 매수선: 1차 19,180, 2차 17,280, 3차 15,570
[2025-10-27 21:26:00] INFO:   \U0001f4c8 기존 엔벨로프: 19,462원 (참고용)
[2025-10-27 21:26:00] INFO: 
[48/76] HD한국조선해양 (009540) 분석 중...
[2025-10-27 21:26:01] INFO:   [2025-10-27] 종가: 474,500원, 20일선: 422,750원
[2025-10-27 21:26:01] INFO:   \U0001f4ca S20: 8,455,000, Close_D_19: 400,000, S19_next: 8,055,000
[2025-10-27 21:26:01] INFO:   \U0001f3af 정확한 매수선: 1차 336,000, 2차 303,000, 3차 273,500
[2025-10-27 21:26:01] INFO:   \U0001f4c8 기존 엔벨로프: 338,200원 (참고용)
[2025-10-27 21:26:01] INFO: 
[49/76] HD현대미포 (010620) 분석 중...
[2025-10-27 21:26:01] INFO:   [2025-10-27] 종가: 248,500원, 20일선: 209,145원
[2025-10-27 21:26:01] INFO:   \U0001f4ca S20: 4,182,900, Close_D_19: 194,700, S19_next: 3,988,200
[2025-10-27 21:26:01] INFO:   \U0001f3af 정확한 매수선: 1차 166,200, 2차 149,700, 3차 134,900
[2025-10-27 21:26:01] INFO:   \U0001f4c8 기존 엔벨로프: 167,316원 (참고용)
[2025-10-27 21:26:01] INFO: 
[50/76] 효성중공업 (298040) 분석 중...
[2025-10-27 21:26:01] INFO:   [2025-10-27] 종가: 1,922,000원, 20일선: 1,548,500원
[2025-10-27 21:26:01] INFO:   \U0001f4ca S20: 30,970,000, Close_D_19: 1,406,000, S19_next: 29,564,000
[2025-10-27 21:26:01] INFO:   \U0001f3af 정확한 매수선: 1차 1,232,000, 2차 1,110,000, 3차 1,000,000
[2025-10-27 21:26:01] INFO:   \U0001f4c8 기존 엔벨로프: 1,238,800원 (참고용)
[2025-10-27 21:26:01] INFO: 
[51/76] LIG넥스원 (079550) 분석 중...
[2025-10-27 21:26:02] INFO:   [2025-10-27] 종가: 507,000원, 20일선: 477,350원
[2025-10-27 21:26:02] INFO:   \U0001f4ca S20: 9,547,000, Close_D_19: 494,500, S19_next: 9,052,500
[2025-10-27 21:26:02] INFO:   \U0001f3af 정확한 매수선: 1차 377,500, 2차 340,500, 3차 307,000
[2025-10-27 21:26:02] INFO:   \U0001f4c8 기존 엔벨로프: 381,880원 (참고용)
[2025-10-27 21:26:02] INFO: 
[52/76] 에스엔시스 (0008Z0) 분석 중...
[2025-10-27 21:26:02] INFO:   [2025-10-27] 종가: 45,450원, 20일선: 41,670원
[2025-10-27 21:26:02] INFO:   \U0001f4ca S20: 833,400, Close_D_19: 42,600, S19_next: 790,800
[2025-10-27 21:26:02] INFO:   \U0001f3af 정확한 매수선: 1차 32,950, 2차 29,750, 3차 26,850
[2025-10-27 21:26:02] INFO:   \U0001f4c8 기존 엔벨로프: 33,336원 (참고용)
[2025-10-27 21:26:02] INFO: 
[53/76] 삼양컴텍 (484590) 분석 중...
[2025-10-27 21:26:02] INFO:   [2025-10-27] 종가: 16,930원, 20일선: 17,616원
[2025-10-27 21:26:02] INFO:   \U0001f4ca S20: 352,320, Close_D_19: 19,490, S19_next: 332,830
[2025-10-27 21:26:02] INFO:   \U0001f3af 정확한 매수선: 1차 13,870, 2차 12,500, 3차 11,260
[2025-10-27 21:26:02] INFO:   \U0001f4c8 기존 엔벨로프: 14,093원 (참고용)
[2025-10-27 21:26:02] INFO: 
[54/76] 에이비엘바이오 (298380) 분석 중...
[2025-10-27 21:26:02] INFO:   [2025-10-27] 종가: 95,100원, 20일선: 91,540원
[2025-10-27 21:26:02] INFO:   \U0001f4ca S20: 1,830,800, Close_D_19: 107,300, S19_next: 1,723,500
[2025-10-27 21:26:02] INFO:   \U0001f3af 정확한 매수선: 1차 71,900, 2차 64,900, 3차 58,600
[2025-10-27 21:26:02] INFO:   \U0001f4c8 기존 엔벨로프: 73,232원 (참고용)
[2025-10-27 21:26:03] INFO: 
[55/76] LG디스플레이 (034220) 분석 중...
[2025-10-27 21:26:03] INFO:   [2025-10-27] 종가: 14,240원, 20일선: 14,316원
[2025-10-27 21:26:03] INFO:   \U0001f4ca S20: 286,330, Close_D_19: 13,310, S19_next: 273,020
[2025-10-27 21:26:03] INFO:   \U0001f3af 정확한 매수선: 1차 11,380, 2차 10,260, 3차 9,250
[2025-10-27 21:26:03] INFO:   \U0001f4c8 기존 엔벨로프: 11,453원 (참고용)
[2025-10-27 21:26:03] INFO: 
[56/76] 대한조선 (439260) 분석 중...
[2025-10-27 21:26:03] INFO:   [2025-10-27] 종가: 80,200원, 20일선: 78,745원
[2025-10-27 21:26:03] INFO:   \U0001f4ca S20: 1,574,900, Close_D_19: 82,700, S19_next: 1,492,200
[2025-10-27 21:26:03] INFO:   \U0001f3af 정확한 매수선: 1차 62,200, 2차 56,100, 3차 50,600
[2025-10-27 21:26:03] INFO:   \U0001f4c8 기존 엔벨로프: 62,996원 (참고용)
[2025-10-27 21:26:03] INFO: 
[57/76] 에이피알 (278470) 분석 중...
[2025-10-27 21:26:03] INFO:   [2025-10-27] 종가: 243,000원, 20일선: 241,200원
[2025-10-27 21:26:03] INFO:   \U0001f4ca S20: 4,824,000, Close_D_19: 218,500, S19_next: 4,605,500
[2025-10-27 21:26:03] INFO:   \U0001f3af 정확한 매수선: 1차 191,900, 2차 172,900, 3차 155,800
[2025-10-27 21:26:03] INFO:   \U0001f4c8 기존 엔벨로프: 192,960원 (참고용)
[2025-10-27 21:26:04] INFO: 
[58/76] SK바이오팜 (326030) 분석 중...
[2025-10-27 21:26:04] INFO:   [2025-10-27] 종가: 116,000원, 20일선: 104,920원
[2025-10-27 21:26:04] INFO:   \U0001f4ca S20: 2,098,400, Close_D_19: 110,300, S19_next: 1,988,100
[2025-10-27 21:26:04] INFO:   \U0001f3af 정확한 매수선: 1차 82,900, 2차 74,800, 3차 67,500
[2025-10-27 21:26:04] INFO:   \U0001f4c8 기존 엔벨로프: 83,936원 (참고용)
[2025-10-27 21:26:04] INFO: 
[59/76] 한화에어로스페이스 (012450) 분석 중...
[2025-10-27 21:26:04] INFO:   [2025-10-27] 종가: 1,038,000원, 20일선: 1,017,550원
[2025-10-27 21:26:04] INFO:   \U0001f4ca S20: 20,351,000, Close_D_19: 1,004,000, S19_next: 19,347,000
[2025-10-27 21:26:04] INFO:   \U0001f3af 정확한 매수선: 1차 807,000, 2차 728,000, 3차 657,000
[2025-10-27 21:26:04] INFO:   \U0001f4c8 기존 엔벨로프: 814,040원 (참고용)
[2025-10-27 21:26:04] INFO: 
[60/76] 한화시스템 (272210) 분석 중...
[2025-10-27 21:26:04] INFO:   [2025-10-27] 종가: 56,900원, 20일선: 56,505원
[2025-10-27 21:26:04] INFO:   \U0001f4ca S20: 1,130,100, Close_D_19: 58,400, S19_next: 1,071,700
[2025-10-27 21:26:04] INFO:   \U0001f3af 정확한 매수선: 1차 44,700, 2차 40,300, 3차 36,350
[2025-10-27 21:26:04] INFO:   \U0001f4c8 기존 엔벨로프: 45,204원 (참고용)
[2025-10-27 21:26:05] INFO: 
[61/76] 한화솔루션 (009830) 분석 중...
[2025-10-27 21:26:05] INFO:   [2025-10-27] 종가: 32,450원, 20일선: 29,430원
[2025-10-27 21:26:05] INFO:   \U0001f4ca S20: 588,600, Close_D_19: 30,000, S19_next: 558,600
[2025-10-27 21:26:05] INFO:   \U0001f3af 정확한 매수선: 1차 23,300, 2차 21,050, 3차 18,960
[2025-10-27 21:26:05] INFO:   \U0001f4c8 기존 엔벨로프: 23,544원 (참고용)
[2025-10-27 21:26:05] INFO: 
[62/76] 삼성전기 (009150) 분석 중...
[2025-10-27 21:26:05] INFO:   [2025-10-27] 종가: 227,500원, 20일선: 205,450원
[2025-10-27 21:26:05] INFO:   \U0001f4ca S20: 4,109,000, Close_D_19: 204,500, S19_next: 3,904,500
[2025-10-27 21:26:05] INFO:   \U0001f3af 정확한 매수선: 1차 162,700, 2차 146,600, 3차 132,100
[2025-10-27 21:26:05] INFO:   \U0001f4c8 기존 엔벨로프: 164,360원 (참고용)
[2025-10-27 21:26:05] INFO: 
[63/76] 한화비전 (489790) 분석 중...
[2025-10-27 21:26:05] INFO:   [2025-10-27] 종가: 54,800원, 20일선: 53,670원
[2025-10-27 21:26:05] INFO:   \U0001f4ca S20: 1,073,400, Close_D_19: 58,200, S19_next: 1,015,200
[2025-10-27 21:26:05] INFO:   \U0001f3af 정확한 매수선: 1차 42,300, 2차 38,150, 3차 34,400
[2025-10-27 21:26:05] INFO:   \U0001f4c8 기존 엔벨로프: 42,936원 (참고용)
[2025-10-27 21:26:06] INFO: 
[64/76] HD현대인프라코어 (042670) 분석 중...
[2025-10-27 21:26:06] INFO:   [2025-10-27] 종가: 17,270원, 20일선: 15,526원
[2025-10-27 21:26:06] INFO:   \U0001f4ca S20: 310,520, Close_D_19: 16,090, S19_next: 294,430
[2025-10-27 21:26:06] INFO:   \U0001f3af 정확한 매수선: 1차 12,270, 2차 11,060, 3차 9,970
[2025-10-27 21:26:06] INFO:   \U0001f4c8 기존 엔벨로프: 12,421원 (참고용)
[2025-10-27 21:26:06] INFO: 
[65/76] 도우인시스 (484120) 분석 중...
[2025-10-27 21:26:06] INFO:   [2025-10-27] 종가: 29,950원, 20일선: 29,710원
[2025-10-27 21:26:06] INFO:   \U0001f4ca S20: 594,200, Close_D_19: 31,200, S19_next: 563,000
[2025-10-27 21:26:06] INFO:   \U0001f3af 정확한 매수선: 1차 23,500, 2차 21,200, 3차 19,090
[2025-10-27 21:26:06] INFO:   \U0001f4c8 기존 엔벨로프: 23,768원 (참고용)
[2025-10-27 21:26:06] INFO: 
[66/76] KBI동양철관 (008970) 분석 중...
[2025-10-27 21:26:06] INFO:   [2025-10-27] 종가: 2,565원, 20일선: 2,414원
[2025-10-27 21:26:06] INFO:   \U0001f4ca S20: 48,287, Close_D_19: 2,341, S19_next: 45,946
[2025-10-27 21:26:06] INFO:   \U0001f3af 정확한 매수선: 1차 1,915, 2차 1,725, 3차 1,554
[2025-10-27 21:26:06] INFO:   \U0001f4c8 기존 엔벨로프: 1,931원 (참고용)
[2025-10-27 21:26:07] INFO: 
[67/76] YG PLUS (037270) 분석 중...
[2025-10-27 21:26:07] INFO:   [2025-10-27] 종가: 7,010원, 20일선: 7,206원
[2025-10-27 21:26:07] INFO:   \U0001f4ca S20: 144,110, Close_D_19: 8,540, S19_next: 135,570
[2025-10-27 21:26:07] INFO:   \U0001f3af 정확한 매수선: 1차 5,650, 2차 5,100, 3차 4,595
[2025-10-27 21:26:07] INFO:   \U0001f4c8 기존 엔벨로프: 5,764원 (참고용)
[2025-10-27 21:26:07] INFO: 
[68/76] 리가켐바이오 (141080) 분석 중...
[2025-10-27 21:26:07] INFO:   [2025-10-27] 종가: 145,000원, 20일선: 143,265원
[2025-10-27 21:26:07] INFO:   \U0001f4ca S20: 2,865,300, Close_D_19: 159,900, S19_next: 2,705,400
[2025-10-27 21:26:07] INFO:   \U0001f3af 정확한 매수선: 1차 112,800, 2차 101,700, 3차 91,700
[2025-10-27 21:26:07] INFO:   \U0001f4c8 기존 엔벨로프: 114,612원 (참고용)
[2025-10-27 21:26:07] INFO: 
[69/76] 쿠콘 (294570) 분석 중...
[2025-10-27 21:26:08] INFO:   [2025-10-27] 종가: 37,100원, 20일선: 38,335원
[2025-10-27 21:26:08] INFO:   \U0001f4ca S20: 766,700, Close_D_19: 36,050, S19_next: 730,650
[2025-10-27 21:26:08] INFO:   \U0001f3af 정확한 매수선: 1차 30,450, 2차 27,500, 3차 24,800
[2025-10-27 21:26:08] INFO:   \U0001f4c8 기존 엔벨로프: 30,668원 (참고용)
[2025-10-27 21:26:08] INFO: 
[70/76] 파인엠텍 (441270) 분석 중...
[2025-10-27 21:26:08] INFO:   [2025-10-27] 종가: 9,050원, 20일선: 10,196원
[2025-10-27 21:26:08] INFO:   \U0001f4ca S20: 203,920, Close_D_19: 11,280, S19_next: 192,640
[2025-10-27 21:26:08] INFO:   \U0001f3af 정확한 매수선: 1차 8,030, 2차 7,240, 3차 6,530
[2025-10-27 21:26:08] INFO:   \U0001f4c8 기존 엔벨로프: 8,157원 (참고용)
[2025-10-27 21:26:08] INFO: 
[71/76] SK스퀘어 (402340) 분석 중...
[2025-10-27 21:26:08] INFO:   [2025-10-27] 종가: 307,000원, 20일선: 239,180원
[2025-10-27 21:26:08] INFO:   \U0001f4ca S20: 4,783,600, Close_D_19: 222,000, S19_next: 4,561,600
[2025-10-27 21:26:08] INFO:   \U0001f3af 정확한 매수선: 1차 190,100, 2차 171,200, 3차 154,200
[2025-10-27 21:26:08] INFO:   \U0001f4c8 기존 엔벨로프: 191,344원 (참고용)
[2025-10-27 21:26:08] INFO: 
[72/76] POSCO홀딩스 (005490) 분석 중...
[2025-10-27 21:26:09] INFO:   [2025-10-27] 종가: 322,500원, 20일선: 287,125원
[2025-10-27 21:26:09] INFO:   \U0001f4ca S20: 5,742,500, Close_D_19: 279,000, S19_next: 5,463,500
[2025-10-27 21:26:09] INFO:   \U0001f3af 정확한 매수선: 1차 228,000, 2차 206,000, 3차 185,500
[2025-10-27 21:26:09] INFO:   \U0001f4c8 기존 엔벨로프: 229,700원 (참고용)
[2025-10-27 21:26:09] INFO: 
[73/76] HD현대건설기계 (267270) 분석 중...
[2025-10-27 21:26:09] INFO:   [2025-10-27] 종가: 111,200원, 20일선: 98,005원
[2025-10-27 21:26:09] INFO:   \U0001f4ca S20: 1,960,100, Close_D_19: 98,100, S19_next: 1,862,000
[2025-10-27 21:26:09] INFO:   \U0001f3af 정확한 매수선: 1차 77,600, 2차 70,000, 3차 63,100
[2025-10-27 21:26:09] INFO:   \U0001f4c8 기존 엔벨로프: 78,404원 (참고용)
[2025-10-27 21:26:09] INFO: 
[74/76] 한화 (000880) 분석 중...
[2025-10-27 21:26:09] INFO:   [2025-10-27] 종가: 107,300원, 20일선: 87,810원
[2025-10-27 21:26:09] INFO:   \U0001f4ca S20: 1,756,200, Close_D_19: 88,400, S19_next: 1,667,800
[2025-10-27 21:26:09] INFO:   \U0001f3af 정확한 매수선: 1차 69,500, 2차 62,700, 3차 56,600
[2025-10-27 21:26:09] INFO:   \U0001f4c8 기존 엔벨로프: 70,248원 (참고용)
[2025-10-27 21:26:09] INFO: 
[75/76] SK (034730) 분석 중...
[2025-10-27 21:26:10] INFO:   [2025-10-27] 종가: 250,500원, 20일선: 222,025원
[2025-10-27 21:26:10] INFO:   \U0001f4ca S20: 4,440,500, Close_D_19: 222,000, S19_next: 4,218,500
[2025-10-27 21:26:10] INFO:   \U0001f3af 정확한 매수선: 1차 175,800, 2차 158,400, 3차 142,700
[2025-10-27 21:26:10] INFO:   \U0001f4c8 기존 엔벨로프: 177,620원 (참고용)
[2025-10-27 21:26:10] INFO: 
[76/76] SK이노베이션 (096770) 분석 중...
[2025-10-27 21:26:10] INFO:   [2025-10-27] 종가: 132,300원, 20일선: 111,425원
[2025-10-27 21:26:10] INFO:   \U0001f4ca S20: 2,228,500, Close_D_19: 103,900, S19_next: 2,124,600
[2025-10-27 21:26:10] INFO:   \U0001f3af 정확한 매수선: 1차 88,600, 2차 79,900, 3차 72,100
[2025-10-27 21:26:10] INFO:   \U0001f4c8 기존 엔벨로프: 89,140원 (참고용)
[2025-10-27 21:26:10] INFO: \u2713 Summary 저장 완료: 76개 종목
[2025-10-27 21:26:10] INFO: 
================================================================================
[2025-10-27 21:26:10] INFO: \U0001f514 알람: 0개
[2025-10-27 21:26:10] INFO: ================================================================================
[2025-10-27 21:26:11] INFO: \u2713 텔레그램 전송 성공: me
[2025-10-27 21:26:12] INFO: \u2713 텔레그램 전송 성공: yoonjoo
[2025-10-27 21:26:13] INFO: \u2713 텔레그램 전송 성공: minjeong
[2025-10-27 21:26:14] INFO: \u2713 텔레그램 전송 성공: jumeoni
[2025-10-27 21:26:14] INFO: \u2713 텔레그램 일일 리포트 전송 완료
[2025-10-27 21:26:14] INFO: 
================================================================================
[2025-10-27 21:26:14] INFO: 완료
[2025-10-27 21:26:14] INFO: 분석: 76개 종목
[2025-10-27 21:26:14] INFO: 알람: 0개
[2025-10-27 21:26:14] INFO: ================================================================================
Step 2 completed successfully 
Completion Time: 2025-10-27 21:26:14.98 
======================================== 
SUCCESS: All steps completed successfully 
