======================================== 
S12 Trading System - Daily Run (20:10) 
Start Time: 2025-10-31 20:10:01.46 
[2/2] Trading Signal Generation... 
[1/2] Daily Turnover Tracking... 
Completion Time: 2025-10-31 20:10:01.48 
======================================== 
SUCCESS: All steps completed successfully 
Step 1 completed successfully 
[2/2] Trading Signal Generation... 
[2025-10-31 20:10:05] INFO: ================================================================================
[2025-10-31 20:10:05] INFO: Trading Signal System 시작
[2025-10-31 20:10:05] INFO: 실행 시간: 2025-10-31 20:10:05
[2025-10-31 20:10:05] INFO: ================================================================================
[2025-10-31 20:10:05] INFO: \u2713 API 토큰 획득 완료
[2025-10-31 20:10:05] INFO: \u2713 추적 대상: 80개 종목
[2025-10-31 20:10:05] INFO: \u2713 기존 시그널 로드: Summary 80개, History 0개
[2025-10-31 20:10:05] INFO: 
================================================================================
[2025-10-31 20:10:05] INFO: 종목별 분석 시작
[2025-10-31 20:10:05] INFO: ================================================================================
[2025-10-31 20:10:05] INFO: 
[1/80] 삼성전자 (005930) 분석 중...
[2025-10-31 20:10:05] INFO:   [2025-10-31] 종가: 107,700원, 20일선: 95,910원
[2025-10-31 20:10:05] INFO:   \U0001f4ca S20: 1,918,200, Close_D_19: 84,500, S19_next: 1,833,700
[2025-10-31 20:10:05] INFO:   \U0001f3af 정확한 매수선: 1차 76,500, 2차 69,000, 3차 62,200
[2025-10-31 20:10:05] INFO:   \U0001f4c8 기존 엔벨로프: 76,728원 (참고용)
[2025-10-31 20:10:06] INFO: 
[2/80] SK하이닉스 (000660) 분석 중...
[2025-10-31 20:10:06] INFO:   [2025-10-31] 종가: 560,000원, 20일선: 463,025원
[2025-10-31 20:10:06] INFO:   \U0001f4ca S20: 9,260,500, Close_D_19: 351,000, S19_next: 8,909,500
[2025-10-31 20:10:06] INFO:   \U0001f3af 정확한 매수선: 1차 371,500, 2차 335,000, 3차 302,000
[2025-10-31 20:10:06] INFO:   \U0001f4c8 기존 엔벨로프: 370,420원 (참고용)
[2025-10-31 20:10:06] INFO: 
[3/80] 두산에너빌리티 (034020) 분석 중...
[2025-10-31 20:10:06] INFO:   [2025-10-31] 종가: 88,800원, 20일선: 78,450원
[2025-10-31 20:10:06] INFO:   \U0001f4ca S20: 1,569,000, Close_D_19: 63,200, S19_next: 1,505,800
[2025-10-31 20:10:06] INFO:   \U0001f3af 정확한 매수선: 1차 62,800, 2차 56,700, 3차 51,200
[2025-10-31 20:10:06] INFO:   \U0001f4c8 기존 엔벨로프: 62,760원 (참고용)
[2025-10-31 20:10:06] INFO: 
[4/80] 한화오션 (042660) 분석 중...
[2025-10-31 20:10:06] INFO:   [2025-10-31] 종가: 137,600원, 20일선: 120,490원
[2025-10-31 20:10:06] INFO:   \U0001f4ca S20: 2,409,800, Close_D_19: 107,200, S19_next: 2,302,600
[2025-10-31 20:10:06] INFO:   \U0001f3af 정확한 매수선: 1차 96,000, 2차 86,500, 3차 78,000
[2025-10-31 20:10:06] INFO:   \U0001f4c8 기존 엔벨로프: 96,392원 (참고용)
[2025-10-31 20:10:07] INFO: 
[5/80] NAVER (035420) 분석 중...
[2025-10-31 20:10:07] INFO:   [2025-10-31] 종가: 270,500원, 20일선: 258,250원
[2025-10-31 20:10:07] INFO:   \U0001f4ca S20: 5,165,000, Close_D_19: 277,000, S19_next: 4,888,000
[2025-10-31 20:10:07] INFO:   \U0001f3af 정확한 매수선: 1차 204,000, 2차 183,700, 3차 165,500
[2025-10-31 20:10:07] INFO:   \U0001f4c8 기존 엔벨로프: 206,600원 (참고용)
[2025-10-31 20:10:07] INFO: 
[6/80] 삼성SDI (006400) 분석 중...
[2025-10-31 20:10:07] INFO:   [2025-10-31] 종가: 323,500원, 20일선: 253,975원
[2025-10-31 20:10:07] INFO:   \U0001f4ca S20: 5,079,500, Close_D_19: 206,500, S19_next: 4,873,000
[2025-10-31 20:10:07] INFO:   \U0001f3af 정확한 매수선: 1차 203,500, 2차 183,300, 3차 165,100
[2025-10-31 20:10:07] INFO:   \U0001f4c8 기존 엔벨로프: 203,180원 (참고용)
[2025-10-31 20:10:07] INFO: 
[7/80] 한미반도체 (042700) 분석 중...
[2025-10-31 20:10:07] INFO:   [2025-10-31] 종가: 141,500원, 20일선: 132,670원
[2025-10-31 20:10:07] INFO:   \U0001f4ca S20: 2,653,400, Close_D_19: 92,100, S19_next: 2,561,300
[2025-10-31 20:10:07] INFO:   \U0001f3af 정확한 매수선: 1차 106,800, 2차 96,300, 3차 86,800
[2025-10-31 20:10:07] INFO:   \U0001f4c8 기존 엔벨로프: 106,136원 (참고용)
[2025-10-31 20:10:08] INFO: 
[8/80] 현대차 (005380) 분석 중...
[2025-10-31 20:10:08] INFO:   [2025-10-31] 종가: 288,000원, 20일선: 242,925원
[2025-10-31 20:10:08] INFO:   \U0001f4ca S20: 4,858,500, Close_D_19: 215,500, S19_next: 4,643,000
[2025-10-31 20:10:08] INFO:   \U0001f3af 정확한 매수선: 1차 193,500, 2차 174,300, 3차 157,000
[2025-10-31 20:10:08] INFO:   \U0001f4c8 기존 엔벨로프: 194,340원 (참고용)
[2025-10-31 20:10:08] INFO: 
[9/80] 에코프로 (086520) 분석 중...
[2025-10-31 20:10:08] INFO:   [2025-10-31] 종가: 89,900원, 20일선: 69,475원
[2025-10-31 20:10:08] INFO:   \U0001f4ca S20: 1,389,500, Close_D_19: 48,250, S19_next: 1,341,250
[2025-10-31 20:10:08] INFO:   \U0001f3af 정확한 매수선: 1차 55,900, 2차 50,500, 3차 45,500
[2025-10-31 20:10:08] INFO:   \U0001f4c8 기존 엔벨로프: 55,580원 (참고용)
[2025-10-31 20:10:08] INFO: 
[10/80] 삼성중공업 (010140) 분석 중...
[2025-10-31 20:10:08] INFO:   [2025-10-31] 종가: 29,600원, 20일선: 24,470원
[2025-10-31 20:10:08] INFO:   \U0001f4ca S20: 489,400, Close_D_19: 21,350, S19_next: 468,050
[2025-10-31 20:10:08] INFO:   \U0001f3af 정확한 매수선: 1차 19,510, 2차 17,570, 3차 15,830
[2025-10-31 20:10:08] INFO:   \U0001f4c8 기존 엔벨로프: 19,576원 (참고용)
[2025-10-31 20:10:09] INFO: 
[11/80] 카카오 (035720) 분석 중...
[2025-10-31 20:10:09] INFO:   [2025-10-31] 종가: 65,500원, 20일선: 61,040원
[2025-10-31 20:10:09] INFO:   \U0001f4ca S20: 1,220,800, Close_D_19: 60,800, S19_next: 1,160,000
[2025-10-31 20:10:09] INFO:   \U0001f3af 정확한 매수선: 1차 48,350, 2차 43,600, 3차 39,300
[2025-10-31 20:10:09] INFO:   \U0001f4c8 기존 엔벨로프: 48,832원 (참고용)
[2025-10-31 20:10:09] INFO: 
[12/80] 포스코퓨처엠 (003670) 분석 중...
[2025-10-31 20:10:09] INFO:   [2025-10-31] 종가: 218,000원, 20일선: 190,435원
[2025-10-31 20:10:09] INFO:   \U0001f4ca S20: 3,808,700, Close_D_19: 145,700, S19_next: 3,663,000
[2025-10-31 20:10:09] INFO:   \U0001f3af 정확한 매수선: 1차 152,700, 2차 137,600, 3차 124,000
[2025-10-31 20:10:09] INFO:   \U0001f4c8 기존 엔벨로프: 152,348원 (참고용)
[2025-10-31 20:10:09] INFO: 
[13/80] 에코프로비엠 (247540) 분석 중...
[2025-10-31 20:10:09] INFO:   [2025-10-31] 종가: 162,200원, 20일선: 144,660원
[2025-10-31 20:10:09] INFO:   \U0001f4ca S20: 2,893,200, Close_D_19: 115,800, S19_next: 2,777,400
[2025-10-31 20:10:09] INFO:   \U0001f3af 정확한 매수선: 1차 115,800, 2차 104,400, 3차 94,100
[2025-10-31 20:10:09] INFO:   \U0001f4c8 기존 엔벨로프: 115,728원 (참고용)
[2025-10-31 20:10:10] INFO: 
[14/80] LG에너지솔루션 (373220) 분석 중...
[2025-10-31 20:10:10] INFO:   [2025-10-31] 종가: 473,500원, 20일선: 423,625원
[2025-10-31 20:10:10] INFO:   \U0001f4ca S20: 8,472,500, Close_D_19: 352,000, S19_next: 8,120,500
[2025-10-31 20:10:10] INFO:   \U0001f3af 정확한 매수선: 1차 338,500, 2차 305,500, 3차 275,500
[2025-10-31 20:10:10] INFO:   \U0001f4c8 기존 엔벨로프: 338,900원 (참고용)
[2025-10-31 20:10:10] INFO: 
[15/80] 엘앤에프 (066970) 분석 중...
[2025-10-31 20:10:10] INFO:   [2025-10-31] 종가: 123,100원, 20일선: 103,790원
[2025-10-31 20:10:10] INFO:   \U0001f4ca S20: 2,075,800, Close_D_19: 72,900, S19_next: 2,002,900
[2025-10-31 20:10:10] INFO:   \U0001f3af 정확한 매수선: 1차 83,500, 2차 75,300, 3차 67,900
[2025-10-31 20:10:10] INFO:   \U0001f4c8 기존 엔벨로프: 83,032원 (참고용)
[2025-10-31 20:10:10] INFO: 
[16/80] LG화학 (051910) 분석 중...
[2025-10-31 20:10:10] INFO:   [2025-10-31] 종가: 397,500원, 20일선: 341,475원
[2025-10-31 20:10:10] INFO:   \U0001f4ca S20: 6,829,500, Close_D_19: 281,500, S19_next: 6,548,000
[2025-10-31 20:10:10] INFO:   \U0001f3af 정확한 매수선: 1차 273,000, 2차 246,500, 3차 222,500
[2025-10-31 20:10:10] INFO:   \U0001f4c8 기존 엔벨로프: 273,180원 (참고용)
[2025-10-31 20:10:11] INFO: 
[17/80] 에코프로머티 (450080) 분석 중...
[2025-10-31 20:10:11] INFO:   [2025-10-31] 종가: 63,800원, 20일선: 58,605원
[2025-10-31 20:10:11] INFO:   \U0001f4ca S20: 1,172,100, Close_D_19: 48,350, S19_next: 1,123,750
[2025-10-31 20:10:11] INFO:   \U0001f3af 정확한 매수선: 1차 46,850, 2차 42,250, 3차 38,100
[2025-10-31 20:10:11] INFO:   \U0001f4c8 기존 엔벨로프: 46,884원 (참고용)
[2025-10-31 20:10:11] INFO: 
[18/80] 한국전력 (015760) 분석 중...
[2025-10-31 20:10:11] INFO:   [2025-10-31] 종가: 42,700원, 20일선: 40,408원
[2025-10-31 20:10:11] INFO:   \U0001f4ca S20: 808,150, Close_D_19: 36,850, S19_next: 771,300
[2025-10-31 20:10:11] INFO:   \U0001f3af 정확한 매수선: 1차 32,150, 2차 29,000, 3차 26,150
[2025-10-31 20:10:11] INFO:   \U0001f4c8 기존 엔벨로프: 32,326원 (참고용)
[2025-10-31 20:10:11] INFO: 
[19/80] 로보티즈 (108490) 분석 중...
[2025-10-31 20:10:11] INFO:   [2025-10-31] 종가: 220,500원, 20일선: 189,055원
[2025-10-31 20:10:11] INFO:   \U0001f4ca S20: 3,781,100, Close_D_19: 156,100, S19_next: 3,625,000
[2025-10-31 20:10:11] INFO:   \U0001f3af 정확한 매수선: 1차 151,100, 2차 136,100, 3차 122,600
[2025-10-31 20:10:11] INFO:   \U0001f4c8 기존 엔벨로프: 151,244원 (참고용)
[2025-10-31 20:10:12] INFO: 
[20/80] 삼성전자우 (005935) 분석 중...
[2025-10-31 20:10:12] INFO:   [2025-10-31] 종가: 84,400원, 20일선: 75,265원
[2025-10-31 20:10:12] INFO:   \U0001f4ca S20: 1,505,300, Close_D_19: 66,500, S19_next: 1,438,800
[2025-10-31 20:10:12] INFO:   \U0001f3af 정확한 매수선: 1차 60,000, 2차 54,100, 3차 48,750
[2025-10-31 20:10:12] INFO:   \U0001f4c8 기존 엔벨로프: 60,212원 (참고용)
[2025-10-31 20:10:12] INFO: 
[21/80] 한화시스템 (272210) 분석 중...
[2025-10-31 20:10:12] INFO:   [2025-10-31] 종가: 59,900원, 20일선: 56,485원
[2025-10-31 20:10:12] INFO:   \U0001f4ca S20: 1,129,700, Close_D_19: 59,500, S19_next: 1,070,200
[2025-10-31 20:10:12] INFO:   \U0001f3af 정확한 매수선: 1차 44,600, 2차 40,200, 3차 36,250
[2025-10-31 20:10:12] INFO:   \U0001f4c8 기존 엔벨로프: 45,188원 (참고용)
[2025-10-31 20:10:12] INFO: 
[22/80] 두산퓨얼셀 (336260) 분석 중...
[2025-10-31 20:10:12] INFO:   [2025-10-31] 종가: 42,700원, 20일선: 33,670원
[2025-10-31 20:10:12] INFO:   \U0001f4ca S20: 673,400, Close_D_19: 29,150, S19_next: 644,250
[2025-10-31 20:10:12] INFO:   \U0001f3af 정확한 매수선: 1차 26,850, 2차 24,250, 3차 21,900
[2025-10-31 20:10:12] INFO:   \U0001f4c8 기존 엔벨로프: 26,936원 (참고용)
[2025-10-31 20:10:13] INFO: 
[23/80] 현대건설 (000720) 분석 중...
[2025-10-31 20:10:13] INFO:   [2025-10-31] 종가: 70,300원, 20일선: 61,060원
[2025-10-31 20:10:13] INFO:   \U0001f4ca S20: 1,221,200, Close_D_19: 54,900, S19_next: 1,166,300
[2025-10-31 20:10:13] INFO:   \U0001f3af 정확한 매수선: 1차 48,600, 2차 43,800, 3차 39,500
[2025-10-31 20:10:13] INFO:   \U0001f4c8 기존 엔벨로프: 48,848원 (참고용)
[2025-10-31 20:10:13] INFO: 
[24/80] 알테오젠 (196170) 분석 중...
[2025-10-31 20:10:13] INFO:   [2025-10-31] 종가: 488,000원, 20일선: 457,625원
[2025-10-31 20:10:13] INFO:   \U0001f4ca S20: 9,152,500, Close_D_19: 467,000, S19_next: 8,685,500
[2025-10-31 20:10:13] INFO:   \U0001f3af 정확한 매수선: 1차 362,000, 2차 326,500, 3차 294,500
[2025-10-31 20:10:13] INFO:   \U0001f4c8 기존 엔벨로프: 366,100원 (참고용)
[2025-10-31 20:10:13] INFO: 
[25/80] HJ중공업 (097230) 분석 중...
[2025-10-31 20:10:13] INFO:   [2025-10-31] 종가: 28,100원, 20일선: 27,268원
[2025-10-31 20:10:13] INFO:   \U0001f4ca S20: 545,350, Close_D_19: 25,900, S19_next: 519,450
[2025-10-31 20:10:13] INFO:   \U0001f3af 정확한 매수선: 1차 21,650, 2차 19,500, 3차 17,560
[2025-10-31 20:10:13] INFO:   \U0001f4c8 기존 엔벨로프: 21,814원 (참고용)
[2025-10-31 20:10:13] INFO: 
[26/80] 현대로템 (064350) 분석 중...
[2025-10-31 20:10:14] INFO:   [2025-10-31] 종가: 232,000원, 20일선: 222,000원
[2025-10-31 20:10:14] INFO:   \U0001f4ca S20: 4,440,000, Close_D_19: 215,500, S19_next: 4,224,500
[2025-10-31 20:10:14] INFO:   \U0001f3af 정확한 매수선: 1차 176,100, 2차 158,600, 3차 142,900
[2025-10-31 20:10:14] INFO:   \U0001f4c8 기존 엔벨로프: 177,600원 (참고용)
[2025-10-31 20:10:14] INFO: 
[27/80] 두산 (000150) 분석 중...
[2025-10-31 20:10:14] INFO:   [2025-10-31] 종가: 966,000원, 20일선: 718,100원
[2025-10-31 20:10:14] INFO:   \U0001f4ca S20: 14,362,000, Close_D_19: 533,000, S19_next: 13,829,000
[2025-10-31 20:10:14] INFO:   \U0001f3af 정확한 매수선: 1차 577,000, 2차 521,000, 3차 469,500
[2025-10-31 20:10:14] INFO:   \U0001f4c8 기존 엔벨로프: 574,480원 (참고용)
[2025-10-31 20:10:14] INFO: 
[28/80] 한라캐스트 (125490) 분석 중...
[2025-10-31 20:10:14] INFO:   [2025-10-31] 종가: 11,820원, 20일선: 10,962원
[2025-10-31 20:10:14] INFO:   \U0001f4ca S20: 219,250, Close_D_19: 8,850, S19_next: 210,400
[2025-10-31 20:10:14] INFO:   \U0001f3af 정확한 매수선: 1차 8,770, 2차 7,910, 3차 7,130
[2025-10-31 20:10:14] INFO:   \U0001f4c8 기존 엔벨로프: 8,770원 (참고용)
[2025-10-31 20:10:14] INFO: 
[29/80] 기아 (000270) 분석 중...
[2025-10-31 20:10:15] INFO:   [2025-10-31] 종가: 120,400원, 20일선: 110,440원
[2025-10-31 20:10:15] INFO:   \U0001f4ca S20: 2,208,800, Close_D_19: 101,000, S19_next: 2,107,800
[2025-10-31 20:10:15] INFO:   \U0001f3af 정확한 매수선: 1차 87,900, 2차 79,300, 3차 71,500
[2025-10-31 20:10:15] INFO:   \U0001f4c8 기존 엔벨로프: 88,352원 (참고용)
[2025-10-31 20:10:15] INFO: 
[30/80] 대한전선 (001440) 분석 중...
[2025-10-31 20:10:15] INFO:   [2025-10-31] 종가: 24,300원, 20일선: 18,154원
[2025-10-31 20:10:15] INFO:   \U0001f4ca S20: 363,090, Close_D_19: 15,120, S19_next: 347,970
[2025-10-31 20:10:15] INFO:   \U0001f3af 정확한 매수선: 1차 14,500, 2차 13,060, 3차 11,770
[2025-10-31 20:10:15] INFO:   \U0001f4c8 기존 엔벨로프: 14,524원 (참고용)
[2025-10-31 20:10:15] INFO: 
[31/80] SKC (011790) 분석 중...
[2025-10-31 20:10:15] INFO:   [2025-10-31] 종가: 126,600원, 20일선: 109,445원
[2025-10-31 20:10:15] INFO:   \U0001f4ca S20: 2,188,900, Close_D_19: 99,700, S19_next: 2,089,200
[2025-10-31 20:10:15] INFO:   \U0001f3af 정확한 매수선: 1차 87,100, 2차 78,500, 3차 70,800
[2025-10-31 20:10:15] INFO:   \U0001f4c8 기존 엔벨로프: 87,556원 (참고용)
[2025-10-31 20:10:15] INFO: 
[32/80] 한미약품 (128940) 분석 중...
[2025-10-31 20:10:16] INFO:   [2025-10-31] 종가: 425,000원, 20일선: 367,250원
[2025-10-31 20:10:16] INFO:   \U0001f4ca S20: 7,345,000, Close_D_19: 396,000, S19_next: 6,949,000
[2025-10-31 20:10:16] INFO:   \U0001f3af 정확한 매수선: 1차 290,000, 2차 261,500, 3차 236,000
[2025-10-31 20:10:16] INFO:   \U0001f4c8 기존 엔벨로프: 293,800원 (참고용)
[2025-10-31 20:10:16] INFO: 
[33/80] 하이브 (352820) 분석 중...
[2025-10-31 20:10:16] INFO:   [2025-10-31] 종가: 343,000원, 20일선: 286,925원
[2025-10-31 20:10:16] INFO:   \U0001f4ca S20: 5,738,500, Close_D_19: 270,500, S19_next: 5,468,000
[2025-10-31 20:10:16] INFO:   \U0001f3af 정확한 매수선: 1차 228,000, 2차 206,000, 3차 185,500
[2025-10-31 20:10:16] INFO:   \U0001f4c8 기존 엔벨로프: 229,540원 (참고용)
[2025-10-31 20:10:16] INFO: 
[34/80] 휴림로봇 (090710) 분석 중...
[2025-10-31 20:10:16] INFO:   [2025-10-31] 종가: 6,450원, 20일선: 4,876원
[2025-10-31 20:10:16] INFO:   \U0001f4ca S20: 97,530, Close_D_19: 3,280, S19_next: 94,250
[2025-10-31 20:10:16] INFO:   \U0001f3af 정확한 매수선: 1차 3,930, 2차 3,545, 3차 3,200
[2025-10-31 20:10:16] INFO:   \U0001f4c8 기존 엔벨로프: 3,901원 (참고용)
[2025-10-31 20:10:16] INFO: 
[35/80] 클로봇 (466100) 분석 중...
[2025-10-31 20:10:17] INFO:   [2025-10-31] 종가: 40,600원, 20일선: 37,910원
[2025-10-31 20:10:17] INFO:   \U0001f4ca S20: 758,200, Close_D_19: 29,050, S19_next: 729,150
[2025-10-31 20:10:17] INFO:   \U0001f3af 정확한 매수선: 1차 30,400, 2차 27,450, 3차 24,800
[2025-10-31 20:10:17] INFO:   \U0001f4c8 기존 엔벨로프: 30,328원 (참고용)
[2025-10-31 20:10:17] INFO: 
[36/80] 일동제약 (249420) 분석 중...
[2025-10-31 20:10:17] INFO:   [2025-10-31] 종가: 23,500원, 20일선: 24,398원
[2025-10-31 20:10:17] INFO:   \U0001f4ca S20: 487,950, Close_D_19: 33,900, S19_next: 454,050
[2025-10-31 20:10:17] INFO:   \U0001f3af 정확한 매수선: 1차 18,920, 2차 17,040, 3차 15,350
[2025-10-31 20:10:17] INFO:   \U0001f4c8 기존 엔벨로프: 19,518원 (참고용)
[2025-10-31 20:10:17] INFO: 
[37/80] 우리기술투자 (041190) 분석 중...
[2025-10-31 20:10:17] INFO:   [2025-10-31] 종가: 9,010원, 20일선: 9,852원
[2025-10-31 20:10:17] INFO:   \U0001f4ca S20: 197,050, Close_D_19: 12,360, S19_next: 184,690
[2025-10-31 20:10:17] INFO:   \U0001f3af 정확한 매수선: 1차 7,700, 2차 6,940, 3차 6,260
[2025-10-31 20:10:17] INFO:   \U0001f4c8 기존 엔벨로프: 7,882원 (참고용)
[2025-10-31 20:10:17] INFO: 
[38/80] NHN KCP (060250) 분석 중...
[2025-10-31 20:10:18] INFO:   [2025-10-31] 종가: 15,950원, 20일선: 17,112원
[2025-10-31 20:10:18] INFO:   \U0001f4ca S20: 342,230, Close_D_19: 19,990, S19_next: 322,240
[2025-10-31 20:10:18] INFO:   \U0001f3af 정확한 매수선: 1차 13,430, 2차 12,100, 3차 10,900
[2025-10-31 20:10:18] INFO:   \U0001f4c8 기존 엔벨로프: 13,689원 (참고용)
[2025-10-31 20:10:18] INFO: 
[39/80] 레인보우로보틱스 (277810) 분석 중...
[2025-10-31 20:10:18] INFO:   [2025-10-31] 종가: 434,500원, 20일선: 339,700원
[2025-10-31 20:10:18] INFO:   \U0001f4ca S20: 6,794,000, Close_D_19: 314,000, S19_next: 6,480,000
[2025-10-31 20:10:18] INFO:   \U0001f3af 정확한 매수선: 1차 270,000, 2차 243,500, 3차 220,000
[2025-10-31 20:10:18] INFO:   \U0001f4c8 기존 엔벨로프: 271,760원 (참고용)
[2025-10-31 20:10:18] INFO: 
[40/80] 셀트리온 (068270) 분석 중...
[2025-10-31 20:10:18] INFO:   [2025-10-31] 종가: 175,800원, 20일선: 175,300원
[2025-10-31 20:10:18] INFO:   \U0001f4ca S20: 3,506,000, Close_D_19: 178,600, S19_next: 3,327,400
[2025-10-31 20:10:18] INFO:   \U0001f3af 정확한 매수선: 1차 138,700, 2차 125,000, 3차 112,600
[2025-10-31 20:10:18] INFO:   \U0001f4c8 기존 엔벨로프: 140,240원 (참고용)
[2025-10-31 20:10:18] INFO: 
[41/80] 디앤디파마텍 (347850) 분석 중...
[2025-10-31 20:10:19] INFO:   [2025-10-31] 종가: 278,000원, 20일선: 190,200원
[2025-10-31 20:10:19] INFO:   \U0001f4ca S20: 3,804,000, Close_D_19: 205,000, S19_next: 3,599,000
[2025-10-31 20:10:19] INFO:   \U0001f3af 정확한 매수선: 1차 150,000, 2차 135,100, 3차 121,700
[2025-10-31 20:10:19] INFO:   \U0001f4c8 기존 엔벨로프: 152,160원 (참고용)
[2025-10-31 20:10:19] INFO: 
[42/80] 삼천당제약 (000250) 분석 중...
[2025-10-31 20:10:19] INFO:   [2025-10-31] 종가: 234,000원, 20일선: 210,815원
[2025-10-31 20:10:19] INFO:   \U0001f4ca S20: 4,216,300, Close_D_19: 219,000, S19_next: 3,997,300
[2025-10-31 20:10:19] INFO:   \U0001f3af 정확한 매수선: 1차 166,600, 2차 150,100, 3차 135,200
[2025-10-31 20:10:19] INFO:   \U0001f4c8 기존 엔벨로프: 168,652원 (참고용)
[2025-10-31 20:10:19] INFO: 
[43/80] 다날 (064260) 분석 중...
[2025-10-31 20:10:19] INFO:   [2025-10-31] 종가: 8,060원, 20일선: 9,236원
[2025-10-31 20:10:19] INFO:   \U0001f4ca S20: 184,710, Close_D_19: 10,150, S19_next: 174,560
[2025-10-31 20:10:19] INFO:   \U0001f3af 정확한 매수선: 1차 7,280, 2차 6,570, 3차 5,930
[2025-10-31 20:10:19] INFO:   \U0001f4c8 기존 엔벨로프: 7,388원 (참고용)
[2025-10-31 20:10:19] INFO: 
[44/80] 로보스타 (090360) 분석 중...
[2025-10-31 20:10:20] INFO:   [2025-10-31] 종가: 86,900원, 20일선: 65,668원
[2025-10-31 20:10:20] INFO:   \U0001f4ca S20: 1,313,350, Close_D_19: 45,650, S19_next: 1,267,700
[2025-10-31 20:10:20] INFO:   \U0001f3af 정확한 매수선: 1차 52,900, 2차 47,700, 3차 43,000
[2025-10-31 20:10:20] INFO:   \U0001f4c8 기존 엔벨로프: 52,534원 (참고용)
[2025-10-31 20:10:20] INFO: 
[45/80] 한국항공우주 (047810) 분석 중...
[2025-10-31 20:10:20] INFO:   [2025-10-31] 종가: 103,700원, 20일선: 102,710원
[2025-10-31 20:10:20] INFO:   \U0001f4ca S20: 2,054,200, Close_D_19: 108,900, S19_next: 1,945,300
[2025-10-31 20:10:20] INFO:   \U0001f3af 정확한 매수선: 1차 81,100, 2차 73,100, 3차 65,900
[2025-10-31 20:10:20] INFO:   \U0001f4c8 기존 엔벨로프: 82,168원 (참고용)
[2025-10-31 20:10:20] INFO: 
[46/80] 지투지바이오 (456160) 분석 중...
[2025-10-31 20:10:20] INFO:   [2025-10-31] 종가: 167,000원, 20일선: 182,965원
[2025-10-31 20:10:20] INFO:   \U0001f4ca S20: 3,659,300, Close_D_19: 208,000, S19_next: 3,451,300
[2025-10-31 20:10:20] INFO:   \U0001f3af 정확한 매수선: 1차 143,900, 2차 129,700, 3차 116,900
[2025-10-31 20:10:20] INFO:   \U0001f4c8 기존 엔벨로프: 146,372원 (참고용)
[2025-10-31 20:10:20] INFO: 
[47/80] 농심 (004370) 분석 중...
[2025-10-31 20:10:21] INFO:   [2025-10-31] 종가: 435,500원, 20일선: 434,500원
[2025-10-31 20:10:21] INFO:   \U0001f4ca S20: 8,690,000, Close_D_19: 437,500, S19_next: 8,252,500
[2025-10-31 20:10:21] INFO:   \U0001f3af 정확한 매수선: 1차 344,000, 2차 310,500, 3차 280,000
[2025-10-31 20:10:21] INFO:   \U0001f4c8 기존 엔벨로프: 347,600원 (참고용)
[2025-10-31 20:10:21] INFO: 
[48/80] SK오션플랜트 (100090) 분석 중...
[2025-10-31 20:10:21] INFO:   [2025-10-31] 종가: 21,200원, 20일선: 22,648원
[2025-10-31 20:10:21] INFO:   \U0001f4ca S20: 452,950, Close_D_19: 24,050, S19_next: 428,900
[2025-10-31 20:10:21] INFO:   \U0001f3af 정확한 매수선: 1차 17,880, 2차 16,110, 3차 14,510
[2025-10-31 20:10:21] INFO:   \U0001f4c8 기존 엔벨로프: 18,118원 (참고용)
[2025-10-31 20:10:21] INFO: 
[49/80] 세진중공업 (075580) 분석 중...
[2025-10-31 20:10:21] INFO:   [2025-10-31] 종가: 22,050원, 20일선: 21,717원
[2025-10-31 20:10:21] INFO:   \U0001f4ca S20: 434,340, Close_D_19: 20,600, S19_next: 413,740
[2025-10-31 20:10:21] INFO:   \U0001f3af 정확한 매수선: 1차 17,240, 2차 15,530, 3차 13,990
[2025-10-31 20:10:21] INFO:   \U0001f4c8 기존 엔벨로프: 17,374원 (참고용)
[2025-10-31 20:10:21] INFO: 
[50/80] 엘앤씨바이오 (290650) 분석 중...
[2025-10-31 20:10:22] INFO:   [2025-10-31] 종가: 53,200원, 20일선: 51,265원
[2025-10-31 20:10:22] INFO:   \U0001f4ca S20: 1,025,300, Close_D_19: 54,700, S19_next: 970,600
[2025-10-31 20:10:22] INFO:   \U0001f3af 정확한 매수선: 1차 40,450, 2차 36,500, 3차 32,900
[2025-10-31 20:10:22] INFO:   \U0001f4c8 기존 엔벨로프: 41,012원 (참고용)
[2025-10-31 20:10:22] INFO: 
[51/80] 한화엔진 (082740) 분석 중...
[2025-10-31 20:10:22] INFO:   [2025-10-31] 종가: 49,400원, 20일선: 47,672원
[2025-10-31 20:10:22] INFO:   \U0001f4ca S20: 953,450, Close_D_19: 42,050, S19_next: 911,400
[2025-10-31 20:10:22] INFO:   \U0001f3af 정확한 매수선: 1차 38,000, 2차 34,250, 3차 30,900
[2025-10-31 20:10:22] INFO:   \U0001f4c8 기존 엔벨로프: 38,138원 (참고용)
[2025-10-31 20:10:22] INFO: 
[52/80] 현대힘스 (460930) 분석 중...
[2025-10-31 20:10:22] INFO:   [2025-10-31] 종가: 22,700원, 20일선: 23,712원
[2025-10-31 20:10:22] INFO:   \U0001f4ca S20: 474,250, Close_D_19: 25,050, S19_next: 449,200
[2025-10-31 20:10:22] INFO:   \U0001f3af 정확한 매수선: 1차 18,720, 2차 16,860, 3차 15,190
[2025-10-31 20:10:22] INFO:   \U0001f4c8 기존 엔벨로프: 18,970원 (참고용)
[2025-10-31 20:10:22] INFO: 
[53/80] HD한국조선해양 (009540) 분석 중...
[2025-10-31 20:10:23] INFO:   [2025-10-31] 종가: 477,000원, 20일선: 436,325원
[2025-10-31 20:10:23] INFO:   \U0001f4ca S20: 8,726,500, Close_D_19: 400,000, S19_next: 8,326,500
[2025-10-31 20:10:23] INFO:   \U0001f3af 정확한 매수선: 1차 347,000, 2차 313,000, 3차 282,500
[2025-10-31 20:10:23] INFO:   \U0001f4c8 기존 엔벨로프: 349,060원 (참고용)
[2025-10-31 20:10:23] INFO: 
[54/80] HD현대미포 (010620) 분석 중...
[2025-10-31 20:10:23] INFO:   [2025-10-31] 종가: 244,000원, 20일선: 218,130원
[2025-10-31 20:10:23] INFO:   \U0001f4ca S20: 4,362,600, Close_D_19: 194,800, S19_next: 4,167,800
[2025-10-31 20:10:23] INFO:   \U0001f3af 정확한 매수선: 1차 173,700, 2차 156,500, 3차 141,000
[2025-10-31 20:10:23] INFO:   \U0001f4c8 기존 엔벨로프: 174,504원 (참고용)
[2025-10-31 20:10:23] INFO: 
[55/80] 효성중공업 (298040) 분석 중...
[2025-10-31 20:10:23] INFO:   [2025-10-31] 종가: 2,300,000원, 20일선: 1,691,500원
[2025-10-31 20:10:23] INFO:   \U0001f4ca S20: 33,830,000, Close_D_19: 1,339,000, S19_next: 32,491,000
[2025-10-31 20:10:23] INFO:   \U0001f3af 정확한 매수선: 1차 1,354,000, 2차 1,220,000, 3차 1,099,000
[2025-10-31 20:10:23] INFO:   \U0001f4c8 기존 엔벨로프: 1,353,200원 (참고용)
[2025-10-31 20:10:23] INFO: 
[56/80] LIG넥스원 (079550) 분석 중...
[2025-10-31 20:10:23] INFO:   [2025-10-31] 종가: 519,000원, 20일선: 480,675원
[2025-10-31 20:10:23] INFO:   \U0001f4ca S20: 9,613,500, Close_D_19: 509,000, S19_next: 9,104,500
[2025-10-31 20:10:23] INFO:   \U0001f3af 정확한 매수선: 1차 379,500, 2차 342,500, 3차 309,000
[2025-10-31 20:10:23] INFO:   \U0001f4c8 기존 엔벨로프: 384,540원 (참고용)
[2025-10-31 20:10:24] INFO: 
[57/80] 에스엔시스 (0008Z0) 분석 중...
[2025-10-31 20:10:24] INFO:   [2025-10-31] 종가: 41,100원, 20일선: 41,845원
[2025-10-31 20:10:24] INFO:   \U0001f4ca S20: 836,900, Close_D_19: 40,150, S19_next: 796,750
[2025-10-31 20:10:24] INFO:   \U0001f3af 정확한 매수선: 1차 33,200, 2차 29,950, 3차 27,050
[2025-10-31 20:10:24] INFO:   \U0001f4c8 기존 엔벨로프: 33,476원 (참고용)
[2025-10-31 20:10:24] INFO: 
[58/80] 삼양컴텍 (484590) 분석 중...
[2025-10-31 20:10:24] INFO:   [2025-10-31] 종가: 15,900원, 20일선: 17,086원
[2025-10-31 20:10:24] INFO:   \U0001f4ca S20: 341,730, Close_D_19: 17,340, S19_next: 324,390
[2025-10-31 20:10:24] INFO:   \U0001f3af 정확한 매수선: 1차 13,520, 2차 12,180, 3차 10,980
[2025-10-31 20:10:24] INFO:   \U0001f4c8 기존 엔벨로프: 13,669원 (참고용)
[2025-10-31 20:10:24] INFO: 
[59/80] 에이비엘바이오 (298380) 분석 중...
[2025-10-31 20:10:25] INFO:   [2025-10-31] 종가: 100,900원, 20일선: 91,195원
[2025-10-31 20:10:25] INFO:   \U0001f4ca S20: 1,823,900, Close_D_19: 93,500, S19_next: 1,730,400
[2025-10-31 20:10:25] INFO:   \U0001f3af 정확한 매수선: 1차 72,100, 2차 65,000, 3차 58,600
[2025-10-31 20:10:25] INFO:   \U0001f4c8 기존 엔벨로프: 72,956원 (참고용)
[2025-10-31 20:10:25] INFO: 
[60/80] LG디스플레이 (034220) 분석 중...
[2025-10-31 20:10:25] INFO:   [2025-10-31] 종가: 14,680원, 20일선: 14,425원
[2025-10-31 20:10:25] INFO:   \U0001f4ca S20: 288,500, Close_D_19: 14,590, S19_next: 273,910
[2025-10-31 20:10:25] INFO:   \U0001f3af 정확한 매수선: 1차 11,420, 2차 10,290, 3차 9,280
[2025-10-31 20:10:25] INFO:   \U0001f4c8 기존 엔벨로프: 11,540원 (참고용)
[2025-10-31 20:10:25] INFO: 
[61/80] 대한조선 (439260) 분석 중...
[2025-10-31 20:10:25] INFO:   [2025-10-31] 종가: 74,100원, 20일선: 77,930원
[2025-10-31 20:10:25] INFO:   \U0001f4ca S20: 1,558,600, Close_D_19: 78,600, S19_next: 1,480,000
[2025-10-31 20:10:25] INFO:   \U0001f3af 정확한 매수선: 1차 61,700, 2차 55,700, 3차 50,300
[2025-10-31 20:10:25] INFO:   \U0001f4c8 기존 엔벨로프: 62,344원 (참고용)
[2025-10-31 20:10:26] INFO: 
[62/80] 에이피알 (278470) 분석 중...
[2025-10-31 20:10:26] INFO:   [2025-10-31] 종가: 257,000원, 20일선: 246,825원
[2025-10-31 20:10:26] INFO:   \U0001f4ca S20: 4,936,500, Close_D_19: 249,000, S19_next: 4,687,500
[2025-10-31 20:10:26] INFO:   \U0001f3af 정확한 매수선: 1차 195,400, 2차 176,000, 3차 158,500
[2025-10-31 20:10:26] INFO:   \U0001f4c8 기존 엔벨로프: 197,460원 (참고용)
[2025-10-31 20:10:26] INFO: 
[63/80] SK바이오팜 (326030) 분석 중...
[2025-10-31 20:10:26] INFO:   [2025-10-31] 종가: 115,900원, 20일선: 106,930원
[2025-10-31 20:10:26] INFO:   \U0001f4ca S20: 2,138,600, Close_D_19: 101,700, S19_next: 2,036,900
[2025-10-31 20:10:26] INFO:   \U0001f3af 정확한 매수선: 1차 84,900, 2차 76,600, 3차 69,100
[2025-10-31 20:10:26] INFO:   \U0001f4c8 기존 엔벨로프: 85,544원 (참고용)
[2025-10-31 20:10:26] INFO: 
[64/80] 한화에어로스페이스 (012450) 분석 중...
[2025-10-31 20:10:27] INFO:   [2025-10-31] 종가: 989,000원, 20일선: 1,009,350원
[2025-10-31 20:10:27] INFO:   \U0001f4ca S20: 20,187,000, Close_D_19: 1,057,000, S19_next: 19,130,000
[2025-10-31 20:10:27] INFO:   \U0001f3af 정확한 매수선: 1차 798,000, 2차 720,000, 3차 649,000
[2025-10-31 20:10:27] INFO:   \U0001f4c8 기존 엔벨로프: 807,480원 (참고용)
[2025-10-31 20:10:27] INFO: 
[65/80] 한화솔루션 (009830) 분석 중...
[2025-10-31 20:10:27] INFO:   [2025-10-31] 종가: 30,600원, 20일선: 29,765원
[2025-10-31 20:10:27] INFO:   \U0001f4ca S20: 595,300, Close_D_19: 28,500, S19_next: 566,800
[2025-10-31 20:10:27] INFO:   \U0001f3af 정확한 매수선: 1차 23,650, 2차 21,350, 3차 19,230
[2025-10-31 20:10:27] INFO:   \U0001f4c8 기존 엔벨로프: 23,812원 (참고용)
[2025-10-31 20:10:27] INFO: 
[66/80] 삼성전기 (009150) 분석 중...
[2025-10-31 20:10:27] INFO:   [2025-10-31] 종가: 242,000원, 20일선: 212,260원
[2025-10-31 20:10:27] INFO:   \U0001f4ca S20: 4,245,200, Close_D_19: 197,900, S19_next: 4,047,300
[2025-10-31 20:10:27] INFO:   \U0001f3af 정확한 매수선: 1차 168,700, 2차 152,000, 3차 136,900
[2025-10-31 20:10:27] INFO:   \U0001f4c8 기존 엔벨로프: 169,808원 (참고용)
[2025-10-31 20:10:27] INFO: 
[67/80] 한화비전 (489790) 분석 중...
[2025-10-31 20:10:28] INFO:   [2025-10-31] 종가: 49,950원, 20일선: 52,782원
[2025-10-31 20:10:28] INFO:   \U0001f4ca S20: 1,055,650, Close_D_19: 53,000, S19_next: 1,002,650
[2025-10-31 20:10:28] INFO:   \U0001f3af 정확한 매수선: 1차 41,800, 2차 37,700, 3차 34,000
[2025-10-31 20:10:28] INFO:   \U0001f4c8 기존 엔벨로프: 42,226원 (참고용)
[2025-10-31 20:10:28] INFO: 
[68/80] HD현대인프라코어 (042670) 분석 중...
[2025-10-31 20:10:28] INFO:   [2025-10-31] 종가: 15,250원, 20일선: 15,644원
[2025-10-31 20:10:28] INFO:   \U0001f4ca S20: 312,870, Close_D_19: 15,140, S19_next: 297,730
[2025-10-31 20:10:28] INFO:   \U0001f3af 정확한 매수선: 1차 12,410, 2차 11,180, 3차 10,080
[2025-10-31 20:10:28] INFO:   \U0001f4c8 기존 엔벨로프: 12,515원 (참고용)
[2025-10-31 20:10:28] INFO: 
[69/80] 도우인시스 (484120) 분석 중...
[2025-10-31 20:10:28] INFO:   [2025-10-31] 종가: 28,150원, 20일선: 29,258원
[2025-10-31 20:10:28] INFO:   \U0001f4ca S20: 585,150, Close_D_19: 29,900, S19_next: 555,250
[2025-10-31 20:10:28] INFO:   \U0001f3af 정확한 매수선: 1차 23,150, 2차 20,900, 3차 18,820
[2025-10-31 20:10:28] INFO:   \U0001f4c8 기존 엔벨로프: 23,406원 (참고용)
[2025-10-31 20:10:28] INFO: 
[70/80] KBI동양철관 (008970) 분석 중...
[2025-10-31 20:10:29] INFO:   [2025-10-31] 종가: 2,415원, 20일선: 2,433원
[2025-10-31 20:10:29] INFO:   \U0001f4ca S20: 48,660, Close_D_19: 2,425, S19_next: 46,235
[2025-10-31 20:10:29] INFO:   \U0001f3af 정확한 매수선: 1차 1,927, 2차 1,736, 3차 1,564
[2025-10-31 20:10:29] INFO:   \U0001f4c8 기존 엔벨로프: 1,946원 (참고용)
[2025-10-31 20:10:29] INFO: 
[71/80] YG PLUS (037270) 분석 중...
[2025-10-31 20:10:29] INFO:   [2025-10-31] 종가: 7,110원, 20일선: 7,043원
[2025-10-31 20:10:29] INFO:   \U0001f4ca S20: 140,860, Close_D_19: 7,790, S19_next: 133,070
[2025-10-31 20:10:29] INFO:   \U0001f3af 정확한 매수선: 1차 5,550, 2차 5,000, 3차 4,505
[2025-10-31 20:10:29] INFO:   \U0001f4c8 기존 엔벨로프: 5,634원 (참고용)
[2025-10-31 20:10:29] INFO: 
[72/80] 리가켐바이오 (141080) 분석 중...
[2025-10-31 20:10:30] INFO:   [2025-10-31] 종가: 146,800원, 20일선: 141,755원
[2025-10-31 20:10:30] INFO:   \U0001f4ca S20: 2,835,100, Close_D_19: 143,800, S19_next: 2,691,300
[2025-10-31 20:10:30] INFO:   \U0001f3af 정확한 매수선: 1차 112,200, 2차 101,100, 3차 91,100
[2025-10-31 20:10:30] INFO:   \U0001f4c8 기존 엔벨로프: 113,404원 (참고용)
[2025-10-31 20:10:30] INFO: 
[73/80] 쿠콘 (294570) 분석 중...
[2025-10-31 20:10:30] INFO:   [2025-10-31] 종가: 35,300원, 20일선: 38,008원
[2025-10-31 20:10:30] INFO:   \U0001f4ca S20: 760,150, Close_D_19: 43,450, S19_next: 716,700
[2025-10-31 20:10:30] INFO:   \U0001f3af 정확한 매수선: 1차 29,900, 2차 27,000, 3차 24,350
[2025-10-31 20:10:30] INFO:   \U0001f4c8 기존 엔벨로프: 30,406원 (참고용)
[2025-10-31 20:10:30] INFO: 
[74/80] 파인엠텍 (441270) 분석 중...
[2025-10-31 20:10:30] INFO:   [2025-10-31] 종가: 8,730원, 20일선: 9,764원
[2025-10-31 20:10:30] INFO:   \U0001f4ca S20: 195,280, Close_D_19: 11,090, S19_next: 184,190
[2025-10-31 20:10:30] INFO:   \U0001f3af 정확한 매수선: 1차 7,680, 2차 6,930, 3차 6,250
[2025-10-31 20:10:30] INFO:   \U0001f4c8 기존 엔벨로프: 7,811원 (참고용)
[2025-10-31 20:10:30] INFO: 
[75/80] SK스퀘어 (402340) 분석 중...
[2025-10-31 20:10:31] INFO:   [2025-10-31] 종가: 260,000원, 20일선: 251,340원
[2025-10-31 20:10:31] INFO:   \U0001f4ca S20: 5,026,800, Close_D_19: 197,800, S19_next: 4,829,000
[2025-10-31 20:10:31] INFO:   \U0001f3af 정확한 매수선: 1차 201,500, 2차 181,500, 3차 163,500
[2025-10-31 20:10:31] INFO:   \U0001f4c8 기존 엔벨로프: 201,072원 (참고용)
[2025-10-31 20:10:31] INFO: 
[76/80] POSCO홀딩스 (005490) 분석 중...
[2025-10-31 20:10:31] INFO:   [2025-10-31] 종가: 311,500원, 20일선: 295,400원
[2025-10-31 20:10:31] INFO:   \U0001f4ca S20: 5,908,000, Close_D_19: 279,000, S19_next: 5,629,000
[2025-10-31 20:10:31] INFO:   \U0001f3af 정확한 매수선: 1차 235,000, 2차 212,000, 3차 190,900
[2025-10-31 20:10:31] INFO:   \U0001f4c8 기존 엔벨로프: 236,320원 (참고용)
[2025-10-31 20:10:31] INFO: 
[77/80] HD현대건설기계 (267270) 분석 중...
[2025-10-31 20:10:31] INFO:   [2025-10-31] 종가: 100,000원, 20일선: 99,740원
[2025-10-31 20:10:31] INFO:   \U0001f4ca S20: 1,994,800, Close_D_19: 93,100, S19_next: 1,901,700
[2025-10-31 20:10:31] INFO:   \U0001f3af 정확한 매수선: 1차 79,300, 2차 71,500, 3차 64,500
[2025-10-31 20:10:31] INFO:   \U0001f4c8 기존 엔벨로프: 79,792원 (참고용)
[2025-10-31 20:10:32] INFO: 
[78/80] 한화 (000880) 분석 중...
[2025-10-31 20:10:32] INFO:   [2025-10-31] 종가: 96,400원, 20일선: 90,180원
[2025-10-31 20:10:32] INFO:   \U0001f4ca S20: 1,803,600, Close_D_19: 83,500, S19_next: 1,720,100
[2025-10-31 20:10:32] INFO:   \U0001f3af 정확한 매수선: 1차 71,700, 2차 64,700, 3차 58,400
[2025-10-31 20:10:32] INFO:   \U0001f4c8 기존 엔벨로프: 72,144원 (참고용)
[2025-10-31 20:10:32] INFO: 
[79/80] SK (034730) 분석 중...
[2025-10-31 20:10:32] INFO:   [2025-10-31] 종가: 249,000원, 20일선: 229,025원
[2025-10-31 20:10:32] INFO:   \U0001f4ca S20: 4,580,500, Close_D_19: 209,000, S19_next: 4,371,500
[2025-10-31 20:10:32] INFO:   \U0001f3af 정확한 매수선: 1차 182,200, 2차 164,100, 3차 147,800
[2025-10-31 20:10:32] INFO:   \U0001f4c8 기존 엔벨로프: 183,220원 (참고용)
[2025-10-31 20:10:32] INFO: 
[80/80] SK이노베이션 (096770) 분석 중...
[2025-10-31 20:10:32] INFO:   [2025-10-31] 종가: 129,600원, 20일선: 117,585원
[2025-10-31 20:10:32] INFO:   \U0001f4ca S20: 2,351,700, Close_D_19: 101,700, S19_next: 2,250,000
[2025-10-31 20:10:32] INFO:   \U0001f3af 정확한 매수선: 1차 93,800, 2차 84,600, 3차 76,300
[2025-10-31 20:10:32] INFO:   \U0001f4c8 기존 엔벨로프: 94,068원 (참고용)
[2025-10-31 20:10:33] INFO: \u2713 Summary 저장 완료: 80개 종목
[2025-10-31 20:10:33] INFO: 
================================================================================
[2025-10-31 20:10:33] INFO: \U0001f514 알람: 0개
[2025-10-31 20:10:33] INFO: ================================================================================
[2025-10-31 20:10:34] INFO: \u2713 텔레그램 전송 성공: me
[2025-10-31 20:10:35] INFO: \u2713 텔레그램 전송 성공: yoonjoo
[2025-10-31 20:10:36] INFO: \u2713 텔레그램 전송 성공: minjeong
[2025-10-31 20:10:37] INFO: \u2713 텔레그램 전송 성공: jumeoni
[2025-10-31 20:10:37] INFO: \u2713 텔레그램 일일 리포트 전송 완료
[2025-10-31 20:10:37] INFO: 
================================================================================
[2025-10-31 20:10:37] INFO: 완료
[2025-10-31 20:10:37] INFO: 분석: 80개 종목
[2025-10-31 20:10:37] INFO: 알람: 0개
[2025-10-31 20:10:37] INFO: ================================================================================
Step 2 completed successfully 
Completion Time: 2025-10-31 20:10:37.77 
======================================== 
SUCCESS: All steps completed successfully 
