======================================== 
S12 Trading System - Daily Run (20:10) 
Start Time: 2025-10-28 20:10:01.97 
======================================== 
Completion Time: 2025-10-28 20:10:01.99 
======================================== 
SUCCESS: All steps completed successfully 
======================================== 
S12 Trading System - Daily Run (20:10) 
Start Time: 2025-10-28 22:48:19.87 
======================================== 
[1/2] Daily Turnover Tracking... 
[2025-10-28 22:48:20] INFO: \u2713 API 토큰 획득 완료
[2025-10-28 22:48:20] INFO: ============================================================
[2025-10-28 22:48:20] INFO: 날짜: 2025-10-28
[2025-10-28 22:48:20] INFO: 임계값: 5,000억 이상
[2025-10-28 22:48:20] INFO: ============================================================
[2025-10-28 22:48:20] INFO: [KRX] 거래대금 순위 조회 중...
[2025-10-28 22:48:21] INFO:   \u2713 100개 종목 수신
[2025-10-28 22:48:21] INFO: [KOSDAQ] 거래대금 순위 조회 중...
[2025-10-28 22:48:21] INFO:   \u2713 100개 종목 수신
[2025-10-28 22:48:21] INFO: 
============================================================
[2025-10-28 22:48:21] INFO: 거래대금 5,000억 이상: 11개 종목
[2025-10-28 22:48:21] INFO: ============================================================
[2025-10-28 22:48:21] INFO: 
상위 10개:
[2025-10-28 22:48:21] INFO:    1. 000660 SK하이닉스                   44,492억
[2025-10-28 22:48:21] INFO:    2. 005930 삼성전자                     32,620억
[2025-10-28 22:48:21] INFO:    3. 006400 삼성SDI                    20,551억
[2025-10-28 22:48:21] INFO:    4. 034020 두산에너빌리티                  20,194억
[2025-10-28 22:48:21] INFO:    5. 010140 삼성중공업                    14,308억
[2025-10-28 22:48:21] INFO:    6. 042660 한화오션                     10,173억
[2025-10-28 22:48:21] INFO:    7. 086520 에코프로                      8,494억
[2025-10-28 22:48:21] INFO:    8. 035720 카카오                       6,924억
[2025-10-28 22:48:21] INFO:    9. 336260 두산퓨얼셀                     6,696억
[2025-10-28 22:48:21] INFO:   10. 003670 포스코퓨처엠                    5,494억
[2025-10-28 22:48:21] INFO: \u2713 데이터 저장 완료: 11개 종목 갱신 (오늘 이미 실행함, 누적횟수 유지)
[2025-10-28 22:48:21] INFO: 
============================================================
[2025-10-28 22:48:21] INFO: 완료: 11개 종목 저장됨
[2025-10-28 22:48:21] INFO: 파일: C:\Coding\S12\output\turnover_universe.xlsx
[2025-10-28 22:48:21] INFO: ============================================================
Step 1 completed successfully 
[2/2] Trading Signal Generation... 
[2025-10-28 22:48:22] INFO: ================================================================================
[2025-10-28 22:48:22] INFO: Trading Signal System 시작
[2025-10-28 22:48:22] INFO: 실행 시간: 2025-10-28 22:48:22
[2025-10-28 22:48:22] INFO: ================================================================================
[2025-10-28 22:48:22] INFO: \u2713 API 토큰 획득 완료
[2025-10-28 22:48:22] INFO: \u2713 추적 대상: 78개 종목
[2025-10-28 22:48:22] INFO: \u2713 기존 시그널 로드: Summary 76개, History 0개
[2025-10-28 22:48:22] INFO: 
================================================================================
[2025-10-28 22:48:22] INFO: 종목별 분석 시작
[2025-10-28 22:48:22] INFO: ================================================================================
[2025-10-28 22:48:22] INFO: 
[1/78] 삼성전자 (005930) 분석 중...
[2025-10-28 22:48:22] INFO:   [2025-10-28] 종가: 99,500원, 20일선: 92,925원
[2025-10-28 22:48:22] INFO:   \U0001f4ca S20: 1,858,500, Close_D_19: 85,400, S19_next: 1,773,100
[2025-10-28 22:48:22] INFO:   \U0001f3af 정확한 매수선: 1차 73,900, 2차 66,700, 3차 60,200
[2025-10-28 22:48:22] INFO:   \U0001f4c8 기존 엔벨로프: 74,340원 (참고용)
[2025-10-28 22:48:23] INFO: 
[2/78] SK하이닉스 (000660) 분석 중...
[2025-10-28 22:48:23] INFO:   [2025-10-28] 종가: 519,000원, 20일선: 430,750원
[2025-10-28 22:48:23] INFO:   \U0001f4ca S20: 8,615,000, Close_D_19: 357,500, S19_next: 8,257,500
[2025-10-28 22:48:23] INFO:   \U0001f3af 정확한 매수선: 1차 344,500, 2차 311,000, 3차 280,500
[2025-10-28 22:48:23] INFO:   \U0001f4c8 기존 엔벨로프: 344,600원 (참고용)
[2025-10-28 22:48:23] INFO: 
[3/78] 두산에너빌리티 (034020) 분석 중...
[2025-10-28 22:48:24] INFO:   [2025-10-28] 종가: 87,200원, 20일선: 74,480원
[2025-10-28 22:48:24] INFO:   \U0001f4ca S20: 1,489,600, Close_D_19: 66,300, S19_next: 1,423,300
[2025-10-28 22:48:24] INFO:   \U0001f3af 정확한 매수선: 1차 59,400, 2차 53,600, 3차 48,300
[2025-10-28 22:48:24] INFO:   \U0001f4c8 기존 엔벨로프: 59,584원 (참고용)
[2025-10-28 22:48:24] INFO: 
[4/78] 한화오션 (042660) 분석 중...
[2025-10-28 22:48:25] INFO:   [2025-10-28] 종가: 130,300원, 20일선: 115,935원
[2025-10-28 22:48:25] INFO:   \U0001f4ca S20: 2,318,700, Close_D_19: 110,700, S19_next: 2,208,000
[2025-10-28 22:48:25] INFO:   \U0001f3af 정확한 매수선: 1차 92,000, 2차 82,900, 3차 74,800
[2025-10-28 22:48:25] INFO:   \U0001f4c8 기존 엔벨로프: 92,748원 (참고용)
[2025-10-28 22:48:25] INFO: 
[5/78] NAVER (035420) 분석 중...
[2025-10-28 22:48:25] INFO:   [2025-10-28] 종가: 253,000원, 20일선: 255,650원
[2025-10-28 22:48:25] INFO:   \U0001f4ca S20: 5,113,000, Close_D_19: 227,500, S19_next: 4,885,500
[2025-10-28 22:48:25] INFO:   \U0001f3af 정확한 매수선: 1차 204,000, 2차 183,700, 3차 165,500
[2025-10-28 22:48:25] INFO:   \U0001f4c8 기존 엔벨로프: 204,520원 (참고용)
[2025-10-28 22:48:25] INFO: 
[6/78] 삼성SDI (006400) 분석 중...
[2025-10-28 22:48:26] INFO:   [2025-10-28] 종가: 309,000원, 20일선: 236,025원
[2025-10-28 22:48:26] INFO:   \U0001f4ca S20: 4,720,500, Close_D_19: 206,000, S19_next: 4,514,500
[2025-10-28 22:48:26] INFO:   \U0001f3af 정확한 매수선: 1차 188,200, 2차 169,500, 3차 152,700
[2025-10-28 22:48:26] INFO:   \U0001f4c8 기존 엔벨로프: 188,820원 (참고용)
[2025-10-28 22:48:26] INFO: 
[7/78] 에코프로 (086520) 분석 중...
[2025-10-28 22:48:26] INFO:   [2025-10-28] 종가: 95,500원, 20일선: 63,292원
[2025-10-28 22:48:26] INFO:   \U0001f4ca S20: 1,265,850, Close_D_19: 48,950, S19_next: 1,216,900
[2025-10-28 22:48:26] INFO:   \U0001f3af 정확한 매수선: 1차 50,800, 2차 45,800, 3차 41,300
[2025-10-28 22:48:26] INFO:   \U0001f4c8 기존 엔벨로프: 50,634원 (참고용)
[2025-10-28 22:48:26] INFO: 
[8/78] 한미반도체 (042700) 분석 중...
[2025-10-28 22:48:27] INFO:   [2025-10-28] 종가: 142,300원, 20일선: 125,520원
[2025-10-28 22:48:27] INFO:   \U0001f4ca S20: 2,510,400, Close_D_19: 96,200, S19_next: 2,414,200
[2025-10-28 22:48:27] INFO:   \U0001f3af 정확한 매수선: 1차 100,600, 2차 90,700, 3차 81,800
[2025-10-28 22:48:27] INFO:   \U0001f4c8 기존 엔벨로프: 100,416원 (참고용)
[2025-10-28 22:48:27] INFO: 
[9/78] 포스코퓨처엠 (003670) 분석 중...
[2025-10-28 22:48:27] INFO:   [2025-10-28] 종가: 238,500원, 20일선: 178,055원
[2025-10-28 22:48:27] INFO:   \U0001f4ca S20: 3,561,100, Close_D_19: 138,400, S19_next: 3,422,700
[2025-10-28 22:48:27] INFO:   \U0001f3af 정확한 매수선: 1차 142,700, 2차 128,600, 3차 115,900
[2025-10-28 22:48:27] INFO:   \U0001f4c8 기존 엔벨로프: 142,444원 (참고용)
[2025-10-28 22:48:27] INFO: 
[10/78] 에코프로비엠 (247540) 분석 중...
[2025-10-28 22:48:28] INFO:   [2025-10-28] 종가: 173,000원, 20일선: 137,410원
[2025-10-28 22:48:28] INFO:   \U0001f4ca S20: 2,748,200, Close_D_19: 115,300, S19_next: 2,632,900
[2025-10-28 22:48:28] INFO:   \U0001f3af 정확한 매수선: 1차 109,800, 2차 99,000, 3차 89,200
[2025-10-28 22:48:28] INFO:   \U0001f4c8 기존 엔벨로프: 109,928원 (참고용)
[2025-10-28 22:48:28] INFO: 
[11/78] 현대차 (005380) 분석 중...
[2025-10-28 22:48:28] INFO:   [2025-10-28] 종가: 251,500원, 20일선: 233,225원
[2025-10-28 22:48:28] INFO:   \U0001f4ca S20: 4,664,500, Close_D_19: 218,000, S19_next: 4,446,500
[2025-10-28 22:48:28] INFO:   \U0001f3af 정확한 매수선: 1차 185,300, 2차 166,900, 3차 150,400
[2025-10-28 22:48:28] INFO:   \U0001f4c8 기존 엔벨로프: 186,580원 (참고용)
[2025-10-28 22:48:28] INFO: 
[12/78] 삼성중공업 (010140) 분석 중...
[2025-10-28 22:48:29] INFO:   [2025-10-28] 종가: 29,600원, 20일선: 23,145원
[2025-10-28 22:48:29] INFO:   \U0001f4ca S20: 462,900, Close_D_19: 21,950, S19_next: 440,950
[2025-10-28 22:48:29] INFO:   \U0001f3af 정확한 매수선: 1차 18,380, 2차 16,560, 3차 14,920
[2025-10-28 22:48:29] INFO:   \U0001f4c8 기존 엔벨로프: 18,516원 (참고용)
[2025-10-28 22:48:29] INFO: 
[13/78] 카카오 (035720) 분석 중...
[2025-10-28 22:48:29] INFO:   [2025-10-28] 종가: 63,400원, 20일선: 60,440원
[2025-10-28 22:48:29] INFO:   \U0001f4ca S20: 1,208,800, Close_D_19: 62,900, S19_next: 1,145,900
[2025-10-28 22:48:29] INFO:   \U0001f3af 정확한 매수선: 1차 47,750, 2차 43,050, 3차 38,800
[2025-10-28 22:48:29] INFO:   \U0001f4c8 기존 엔벨로프: 48,352원 (참고용)
[2025-10-28 22:48:29] INFO: 
[14/78] LG화학 (051910) 분석 중...
[2025-10-28 22:48:30] INFO:   [2025-10-28] 종가: 413,500원, 20일선: 323,750원
[2025-10-28 22:48:30] INFO:   \U0001f4ca S20: 6,475,000, Close_D_19: 288,000, S19_next: 6,187,000
[2025-10-28 22:48:30] INFO:   \U0001f3af 정확한 매수선: 1차 258,000, 2차 233,000, 3차 210,500
[2025-10-28 22:48:30] INFO:   \U0001f4c8 기존 엔벨로프: 259,000원 (참고용)
[2025-10-28 22:48:30] INFO: 
[15/78] 에코프로머티 (450080) 분석 중...
[2025-10-28 22:48:31] INFO:   [2025-10-28] 종가: 67,200원, 20일선: 56,395원
[2025-10-28 22:48:31] INFO:   \U0001f4ca S20: 1,127,900, Close_D_19: 50,300, S19_next: 1,077,600
[2025-10-28 22:48:31] INFO:   \U0001f3af 정확한 매수선: 1차 44,900, 2차 40,500, 3차 36,500
[2025-10-28 22:48:31] INFO:   \U0001f4c8 기존 엔벨로프: 45,116원 (참고용)
[2025-10-28 22:48:31] INFO: 
[16/78] LG에너지솔루션 (373220) 분석 중...
[2025-10-28 22:48:31] INFO:   [2025-10-28] 종가: 507,000원, 20일선: 402,775원
[2025-10-28 22:48:31] INFO:   \U0001f4ca S20: 8,055,500, Close_D_19: 349,000, S19_next: 7,706,500
[2025-10-28 22:48:31] INFO:   \U0001f3af 정확한 매수선: 1차 321,500, 2차 290,000, 3차 261,500
[2025-10-28 22:48:31] INFO:   \U0001f4c8 기존 엔벨로프: 322,220원 (참고용)
[2025-10-28 22:48:31] INFO: 
[17/78] 한국전력 (015760) 분석 중...
[2025-10-28 22:48:32] INFO:   [2025-10-28] 종가: 43,900원, 20일선: 39,330원
[2025-10-28 22:48:32] INFO:   \U0001f4ca S20: 786,600, Close_D_19: 37,000, S19_next: 749,600
[2025-10-28 22:48:32] INFO:   \U0001f3af 정확한 매수선: 1차 31,250, 2차 28,200, 3차 25,450
[2025-10-28 22:48:32] INFO:   \U0001f4c8 기존 엔벨로프: 31,464원 (참고용)
[2025-10-28 22:48:32] INFO: 
[18/78] 알테오젠 (196170) 분석 중...
[2025-10-28 22:48:33] INFO:   [2025-10-28] 종가: 476,500원, 20일선: 454,425원
[2025-10-28 22:48:33] INFO:   \U0001f4ca S20: 9,088,500, Close_D_19: 465,500, S19_next: 8,623,000
[2025-10-28 22:48:33] INFO:   \U0001f3af 정확한 매수선: 1차 359,500, 2차 324,500, 3차 293,000
[2025-10-28 22:48:33] INFO:   \U0001f4c8 기존 엔벨로프: 363,540원 (참고용)
[2025-10-28 22:48:33] INFO: 
[19/78] HJ중공업 (097230) 분석 중...
[2025-10-28 22:48:33] INFO:   [2025-10-28] 종가: 29,900원, 20일선: 27,030원
[2025-10-28 22:48:33] INFO:   \U0001f4ca S20: 540,600, Close_D_19: 29,100, S19_next: 511,500
[2025-10-28 22:48:33] INFO:   \U0001f3af 정확한 매수선: 1차 21,350, 2차 19,230, 3차 17,320
[2025-10-28 22:48:33] INFO:   \U0001f4c8 기존 엔벨로프: 21,624원 (참고용)
[2025-10-28 22:48:33] INFO: 
[20/78] 현대로템 (064350) 분석 중...
[2025-10-28 22:48:34] INFO:   [2025-10-28] 종가: 236,500원, 20일선: 220,200원
[2025-10-28 22:48:34] INFO:   \U0001f4ca S20: 4,404,000, Close_D_19: 228,000, S19_next: 4,176,000
[2025-10-28 22:48:34] INFO:   \U0001f3af 정확한 매수선: 1차 174,000, 2차 156,700, 3차 141,200
[2025-10-28 22:48:34] INFO:   \U0001f4c8 기존 엔벨로프: 176,160원 (참고용)
[2025-10-28 22:48:34] INFO: 
[21/78] 엘앤에프 (066970) 분석 중...
[2025-10-28 22:48:34] INFO:   [2025-10-28] 종가: 145,300원, 20일선: 95,445원
[2025-10-28 22:48:34] INFO:   \U0001f4ca S20: 1,908,900, Close_D_19: 74,900, S19_next: 1,834,000
[2025-10-28 22:48:34] INFO:   \U0001f3af 정확한 매수선: 1차 76,500, 2차 69,000, 3차 62,200
[2025-10-28 22:48:34] INFO:   \U0001f4c8 기존 엔벨로프: 76,356원 (참고용)
[2025-10-28 22:48:34] INFO: 
[22/78] 두산 (000150) 분석 중...
[2025-10-28 22:48:34] INFO:   [2025-10-28] 종가: 881,000원, 20일선: 658,750원
[2025-10-28 22:48:34] INFO:   \U0001f4ca S20: 13,175,000, Close_D_19: 577,000, S19_next: 12,598,000
[2025-10-28 22:48:34] INFO:   \U0001f3af 정확한 매수선: 1차 525,000, 2차 473,000, 3차 426,500
[2025-10-28 22:48:34] INFO:   \U0001f4c8 기존 엔벨로프: 527,000원 (참고용)
[2025-10-28 22:48:35] INFO: 
[23/78] 한라캐스트 (125490) 분석 중...
[2025-10-28 22:48:35] INFO:   [2025-10-28] 종가: 12,730원, 20일선: 10,432원
[2025-10-28 22:48:35] INFO:   \U0001f4ca S20: 208,650, Close_D_19: 8,900, S19_next: 199,750
[2025-10-28 22:48:35] INFO:   \U0001f3af 정확한 매수선: 1차 8,330, 2차 7,510, 3차 6,770
[2025-10-28 22:48:35] INFO:   \U0001f4c8 기존 엔벨로프: 8,346원 (참고용)
[2025-10-28 22:48:35] INFO: 
[24/78] 두산퓨얼셀 (336260) 분석 중...
[2025-10-28 22:48:35] INFO:   [2025-10-28] 종가: 40,800원, 20일선: 31,662원
[2025-10-28 22:48:35] INFO:   \U0001f4ca S20: 633,250, Close_D_19: 29,700, S19_next: 603,550
[2025-10-28 22:48:35] INFO:   \U0001f3af 정확한 매수선: 1차 25,150, 2차 22,700, 3차 20,500
[2025-10-28 22:48:35] INFO:   \U0001f4c8 기존 엔벨로프: 25,330원 (참고용)
[2025-10-28 22:48:35] INFO: 
[25/78] SKC (011790) 분석 중...
[2025-10-28 22:48:35] INFO:   [2025-10-28] 종가: 121,800원, 20일선: 106,110원
[2025-10-28 22:48:35] INFO:   \U0001f4ca S20: 2,122,200, Close_D_19: 102,400, S19_next: 2,019,800
[2025-10-28 22:48:35] INFO:   \U0001f3af 정확한 매수선: 1차 84,200, 2차 75,900, 3차 68,500
[2025-10-28 22:48:35] INFO:   \U0001f4c8 기존 엔벨로프: 84,888원 (참고용)
[2025-10-28 22:48:35] INFO: 
[26/78] 현대건설 (000720) 분석 중...
[2025-10-28 22:48:36] INFO:   [2025-10-28] 종가: 71,200원, 20일선: 58,885원
[2025-10-28 22:48:36] INFO:   \U0001f4ca S20: 1,177,700, Close_D_19: 56,800, S19_next: 1,120,900
[2025-10-28 22:48:36] INFO:   \U0001f3af 정확한 매수선: 1차 46,750, 2차 42,150, 3차 38,000
[2025-10-28 22:48:36] INFO:   \U0001f4c8 기존 엔벨로프: 47,108원 (참고용)
[2025-10-28 22:48:36] INFO: 
[27/78] 한미약품 (128940) 분석 중...
[2025-10-28 22:48:36] INFO:   [2025-10-28] 종가: 403,500원, 20일선: 364,050원
[2025-10-28 22:48:36] INFO:   \U0001f4ca S20: 7,281,000, Close_D_19: 391,500, S19_next: 6,889,500
[2025-10-28 22:48:36] INFO:   \U0001f3af 정확한 매수선: 1차 287,500, 2차 259,500, 3차 234,500
[2025-10-28 22:48:36] INFO:   \U0001f4c8 기존 엔벨로프: 291,240원 (참고용)
[2025-10-28 22:48:36] INFO: 
[28/78] 하이브 (352820) 분석 중...
[2025-10-28 22:48:36] INFO:   [2025-10-28] 종가: 312,000원, 20일선: 278,850원
[2025-10-28 22:48:36] INFO:   \U0001f4ca S20: 5,577,000, Close_D_19: 276,000, S19_next: 5,301,000
[2025-10-28 22:48:36] INFO:   \U0001f3af 정확한 매수선: 1차 221,000, 2차 199,000, 3차 179,200
[2025-10-28 22:48:36] INFO:   \U0001f4c8 기존 엔벨로프: 223,080원 (참고용)
[2025-10-28 22:48:36] INFO: 
[29/78] 휴림로봇 (090710) 분석 중...
[2025-10-28 22:48:36] INFO:   [2025-10-28] 종가: 5,970원, 20일선: 4,431원
[2025-10-28 22:48:36] INFO:   \U0001f4ca S20: 88,625, Close_D_19: 3,310, S19_next: 85,315
[2025-10-28 22:48:36] INFO:   \U0001f3af 정확한 매수선: 1차 3,555, 2차 3,205, 3차 2,890
[2025-10-28 22:48:36] INFO:   \U0001f4c8 기존 엔벨로프: 3,545원 (참고용)
[2025-10-28 22:48:37] INFO: 
[30/78] 클로봇 (466100) 분석 중...
[2025-10-28 22:48:37] INFO:   [2025-10-28] 종가: 38,000원, 20일선: 36,472원
[2025-10-28 22:48:37] INFO:   \U0001f4ca S20: 729,450, Close_D_19: 30,250, S19_next: 699,200
[2025-10-28 22:48:37] INFO:   \U0001f3af 정확한 매수선: 1차 29,150, 2차 26,300, 3차 23,750
[2025-10-28 22:48:37] INFO:   \U0001f4c8 기존 엔벨로프: 29,178원 (참고용)
[2025-10-28 22:48:37] INFO: 
[31/78] 로보티즈 (108490) 분석 중...
[2025-10-28 22:48:37] INFO:   [2025-10-28] 종가: 191,400원, 20일선: 178,344원
[2025-10-28 22:48:37] INFO:   \U0001f4ca S20: 3,566,888, Close_D_19: 148,115, S19_next: 3,418,773
[2025-10-28 22:48:37] INFO:   \U0001f3af 정확한 매수선: 1차 142,500, 2차 128,400, 3차 115,700
[2025-10-28 22:48:37] INFO:   \U0001f4c8 기존 엔벨로프: 142,676원 (참고용)
[2025-10-28 22:48:37] INFO: 
[32/78] 삼성전자우 (005935) 분석 중...
[2025-10-28 22:48:37] INFO:   [2025-10-28] 종가: 77,700원, 20일선: 72,920원
[2025-10-28 22:48:37] INFO:   \U0001f4ca S20: 1,458,400, Close_D_19: 67,300, S19_next: 1,391,100
[2025-10-28 22:48:37] INFO:   \U0001f3af 정확한 매수선: 1차 58,000, 2차 52,300, 3차 47,150
[2025-10-28 22:48:37] INFO:   \U0001f4c8 기존 엔벨로프: 58,336원 (참고용)
[2025-10-28 22:48:37] INFO: 
[33/78] 일동제약 (249420) 분석 중...
[2025-10-28 22:48:38] INFO:   [2025-10-28] 종가: 23,800원, 20일선: 24,902원
[2025-10-28 22:48:38] INFO:   \U0001f4ca S20: 498,050, Close_D_19: 26,900, S19_next: 471,150
[2025-10-28 22:48:38] INFO:   \U0001f3af 정확한 매수선: 1차 19,640, 2차 17,690, 3차 15,940
[2025-10-28 22:48:38] INFO:   \U0001f4c8 기존 엔벨로프: 19,922원 (참고용)
[2025-10-28 22:48:38] INFO: 
[34/78] 우리기술투자 (041190) 분석 중...
[2025-10-28 22:48:38] INFO:   [2025-10-28] 종가: 9,140원, 20일선: 10,062원
[2025-10-28 22:48:38] INFO:   \U0001f4ca S20: 201,230, Close_D_19: 10,920, S19_next: 190,310
[2025-10-28 22:48:38] INFO:   \U0001f3af 정확한 매수선: 1차 7,930, 2차 7,150, 3차 6,450
[2025-10-28 22:48:38] INFO:   \U0001f4c8 기존 엔벨로프: 8,049원 (참고용)
[2025-10-28 22:48:38] INFO: 
[35/78] NHN KCP (060250) 분석 중...
[2025-10-28 22:48:38] INFO:   [2025-10-28] 종가: 16,590원, 20일선: 17,332원
[2025-10-28 22:48:38] INFO:   \U0001f4ca S20: 346,650, Close_D_19: 14,910, S19_next: 331,740
[2025-10-28 22:48:38] INFO:   \U0001f3af 정확한 매수선: 1차 13,830, 2차 12,460, 3차 11,230
[2025-10-28 22:48:38] INFO:   \U0001f4c8 기존 엔벨로프: 13,866원 (참고용)
[2025-10-28 22:48:38] INFO: 
[36/78] 레인보우로보틱스 (277810) 분석 중...
[2025-10-28 22:48:38] INFO:   [2025-10-28] 종가: 343,500원, 20일선: 329,250원
[2025-10-28 22:48:38] INFO:   \U0001f4ca S20: 6,585,000, Close_D_19: 295,000, S19_next: 6,290,000
[2025-10-28 22:48:38] INFO:   \U0001f3af 정확한 매수선: 1차 262,500, 2차 237,000, 3차 214,000
[2025-10-28 22:48:38] INFO:   \U0001f4c8 기존 엔벨로프: 263,400원 (참고용)
[2025-10-28 22:48:39] INFO: 
[37/78] 셀트리온 (068270) 분석 중...
[2025-10-28 22:48:39] INFO:   [2025-10-28] 종가: 179,200원, 20일선: 175,345원
[2025-10-28 22:48:39] INFO:   \U0001f4ca S20: 3,506,900, Close_D_19: 176,900, S19_next: 3,330,000
[2025-10-28 22:48:39] INFO:   \U0001f3af 정확한 매수선: 1차 138,800, 2차 125,100, 3차 112,700
[2025-10-28 22:48:39] INFO:   \U0001f4c8 기존 엔벨로프: 140,276원 (참고용)
[2025-10-28 22:48:39] INFO: 
[38/78] 디앤디파마텍 (347850) 분석 중...
[2025-10-28 22:48:39] INFO:   [2025-10-28] 종가: 187,100원, 20일선: 184,130원
[2025-10-28 22:48:39] INFO:   \U0001f4ca S20: 3,682,600, Close_D_19: 190,800, S19_next: 3,491,800
[2025-10-28 22:48:39] INFO:   \U0001f3af 정확한 매수선: 1차 145,500, 2차 131,100, 3차 118,100
[2025-10-28 22:48:39] INFO:   \U0001f4c8 기존 엔벨로프: 147,304원 (참고용)
[2025-10-28 22:48:39] INFO: 
[39/78] 삼천당제약 (000250) 분석 중...
[2025-10-28 22:48:39] INFO:   [2025-10-28] 종가: 220,000원, 20일선: 210,915원
[2025-10-28 22:48:39] INFO:   \U0001f4ca S20: 4,218,300, Close_D_19: 235,500, S19_next: 3,982,800
[2025-10-28 22:48:39] INFO:   \U0001f3af 정확한 매수선: 1차 166,000, 2차 149,500, 3차 134,700
[2025-10-28 22:48:39] INFO:   \U0001f4c8 기존 엔벨로프: 168,732원 (참고용)
[2025-10-28 22:48:39] INFO: 
[40/78] 다날 (064260) 분석 중...
[2025-10-28 22:48:40] INFO:   [2025-10-28] 종가: 8,960원, 20일선: 9,534원
[2025-10-28 22:48:40] INFO:   \U0001f4ca S20: 190,690, Close_D_19: 10,230, S19_next: 180,460
[2025-10-28 22:48:40] INFO:   \U0001f3af 정확한 매수선: 1차 7,520, 2차 6,780, 3차 6,120
[2025-10-28 22:48:40] INFO:   \U0001f4c8 기존 엔벨로프: 7,628원 (참고용)
[2025-10-28 22:48:40] INFO: 
[41/78] 로보스타 (090360) 분석 중...
[2025-10-28 22:48:40] INFO:   [2025-10-28] 종가: 85,600원, 20일선: 59,950원
[2025-10-28 22:48:40] INFO:   \U0001f4ca S20: 1,199,000, Close_D_19: 51,200, S19_next: 1,147,800
[2025-10-28 22:48:40] INFO:   \U0001f3af 정확한 매수선: 1차 47,850, 2차 43,150, 3차 38,900
[2025-10-28 22:48:40] INFO:   \U0001f4c8 기존 엔벨로프: 47,960원 (참고용)
[2025-10-28 22:48:40] INFO: 
[42/78] 한국항공우주 (047810) 분석 중...
[2025-10-28 22:48:40] INFO:   [2025-10-28] 종가: 103,700원, 20일선: 103,375원
[2025-10-28 22:48:40] INFO:   \U0001f4ca S20: 2,067,500, Close_D_19: 108,900, S19_next: 1,958,600
[2025-10-28 22:48:40] INFO:   \U0001f3af 정확한 매수선: 1차 81,700, 2차 73,700, 3차 66,500
[2025-10-28 22:48:40] INFO:   \U0001f4c8 기존 엔벨로프: 82,700원 (참고용)
[2025-10-28 22:48:40] INFO: 
[43/78] 지투지바이오 (456160) 분석 중...
[2025-10-28 22:48:40] INFO:   [2025-10-28] 종가: 175,800원, 20일선: 189,420원
[2025-10-28 22:48:40] INFO:   \U0001f4ca S20: 3,788,400, Close_D_19: 228,000, S19_next: 3,560,400
[2025-10-28 22:48:40] INFO:   \U0001f3af 정확한 매수선: 1차 148,400, 2차 133,700, 3차 120,500
[2025-10-28 22:48:40] INFO:   \U0001f4c8 기존 엔벨로프: 151,536원 (참고용)
[2025-10-28 22:48:41] INFO: 
[44/78] 농심 (004370) 분석 중...
[2025-10-28 22:48:41] INFO:   [2025-10-28] 종가: 440,500원, 20일선: 436,025원
[2025-10-28 22:48:41] INFO:   \U0001f4ca S20: 8,720,500, Close_D_19: 452,000, S19_next: 8,268,500
[2025-10-28 22:48:41] INFO:   \U0001f3af 정확한 매수선: 1차 345,000, 2차 311,000, 3차 280,500
[2025-10-28 22:48:41] INFO:   \U0001f4c8 기존 엔벨로프: 348,820원 (참고용)
[2025-10-28 22:48:41] INFO: 
[45/78] SK오션플랜트 (100090) 분석 중...
[2025-10-28 22:48:41] INFO:   [2025-10-28] 종가: 22,050원, 20일선: 23,285원
[2025-10-28 22:48:41] INFO:   \U0001f4ca S20: 465,700, Close_D_19: 27,700, S19_next: 438,000
[2025-10-28 22:48:41] INFO:   \U0001f3af 정확한 매수선: 1차 18,250, 2차 16,440, 3차 14,810
[2025-10-28 22:48:41] INFO:   \U0001f4c8 기존 엔벨로프: 18,628원 (참고용)
[2025-10-28 22:48:41] INFO: 
[46/78] 세진중공업 (075580) 분석 중...
[2025-10-28 22:48:41] INFO:   [2025-10-28] 종가: 23,000원, 20일선: 21,492원
[2025-10-28 22:48:41] INFO:   \U0001f4ca S20: 429,840, Close_D_19: 21,800, S19_next: 408,040
[2025-10-28 22:48:41] INFO:   \U0001f3af 정확한 매수선: 1차 17,010, 2차 15,320, 3차 13,800
[2025-10-28 22:48:41] INFO:   \U0001f4c8 기존 엔벨로프: 17,194원 (참고용)
[2025-10-28 22:48:41] INFO: 
[47/78] 엘앤씨바이오 (290650) 분석 중...
[2025-10-28 22:48:41] INFO:   [2025-10-28] 종가: 54,000원, 20일선: 51,635원
[2025-10-28 22:48:41] INFO:   \U0001f4ca S20: 1,032,700, Close_D_19: 59,600, S19_next: 973,100
[2025-10-28 22:48:41] INFO:   \U0001f3af 정확한 매수선: 1차 40,550, 2차 36,550, 3차 32,950
[2025-10-28 22:48:41] INFO:   \U0001f4c8 기존 엔벨로프: 41,308원 (참고용)
[2025-10-28 22:48:42] INFO: 
[48/78] 한화엔진 (082740) 분석 중...
[2025-10-28 22:48:42] INFO:   [2025-10-28] 종가: 48,200원, 20일선: 46,750원
[2025-10-28 22:48:42] INFO:   \U0001f4ca S20: 935,000, Close_D_19: 44,100, S19_next: 890,900
[2025-10-28 22:48:42] INFO:   \U0001f3af 정확한 매수선: 1차 37,150, 2차 33,500, 3차 30,200
[2025-10-28 22:48:42] INFO:   \U0001f4c8 기존 엔벨로프: 37,400원 (참고용)
[2025-10-28 22:48:42] INFO: 
[49/78] 현대힘스 (460930) 분석 중...
[2025-10-28 22:48:42] INFO:   [2025-10-28] 종가: 22,950원, 20일선: 24,160원
[2025-10-28 22:48:42] INFO:   \U0001f4ca S20: 483,200, Close_D_19: 26,050, S19_next: 457,150
[2025-10-28 22:48:42] INFO:   \U0001f3af 정확한 매수선: 1차 19,050, 2차 17,160, 3차 15,460
[2025-10-28 22:48:42] INFO:   \U0001f4c8 기존 엔벨로프: 19,328원 (참고용)
[2025-10-28 22:48:42] INFO: 
[50/78] HD한국조선해양 (009540) 분석 중...
[2025-10-28 22:48:42] INFO:   [2025-10-28] 종가: 461,500원, 20일선: 425,825원
[2025-10-28 22:48:42] INFO:   \U0001f4ca S20: 8,516,500, Close_D_19: 408,500, S19_next: 8,108,000
[2025-10-28 22:48:42] INFO:   \U0001f3af 정확한 매수선: 1차 338,000, 2차 305,000, 3차 275,000
[2025-10-28 22:48:42] INFO:   \U0001f4c8 기존 엔벨로프: 340,660원 (참고용)
[2025-10-28 22:48:43] INFO: 
[51/78] HD현대미포 (010620) 분석 중...
[2025-10-28 22:48:43] INFO:   [2025-10-28] 종가: 238,000원, 20일선: 211,310원
[2025-10-28 22:48:43] INFO:   \U0001f4ca S20: 4,226,200, Close_D_19: 199,400, S19_next: 4,026,800
[2025-10-28 22:48:43] INFO:   \U0001f3af 정확한 매수선: 1차 167,800, 2차 151,200, 3차 136,200
[2025-10-28 22:48:43] INFO:   \U0001f4c8 기존 엔벨로프: 169,048원 (참고용)
[2025-10-28 22:48:43] INFO: 
[52/78] 효성중공업 (298040) 분석 중...
[2025-10-28 22:48:43] INFO:   [2025-10-28] 종가: 1,918,000원, 20일선: 1,574,100원
[2025-10-28 22:48:43] INFO:   \U0001f4ca S20: 31,482,000, Close_D_19: 1,400,000, S19_next: 30,082,000
[2025-10-28 22:48:43] INFO:   \U0001f3af 정확한 매수선: 1차 1,254,000, 2차 1,130,000, 3차 1,018,000
[2025-10-28 22:48:43] INFO:   \U0001f4c8 기존 엔벨로프: 1,259,280원 (참고용)
[2025-10-28 22:48:43] INFO: 
[53/78] LIG넥스원 (079550) 분석 중...
[2025-10-28 22:48:43] INFO:   [2025-10-28] 종가: 503,000원, 20일선: 477,775원
[2025-10-28 22:48:43] INFO:   \U0001f4ca S20: 9,555,500, Close_D_19: 496,500, S19_next: 9,059,000
[2025-10-28 22:48:43] INFO:   \U0001f3af 정확한 매수선: 1차 377,500, 2차 340,500, 3차 307,000
[2025-10-28 22:48:43] INFO:   \U0001f4c8 기존 엔벨로프: 382,220원 (참고용)
[2025-10-28 22:48:43] INFO: 
[54/78] 에스엔시스 (0008Z0) 분석 중...
[2025-10-28 22:48:43] INFO:   [2025-10-28] 종가: 44,850원, 20일선: 41,782원
[2025-10-28 22:48:43] INFO:   \U0001f4ca S20: 835,650, Close_D_19: 42,150, S19_next: 793,500
[2025-10-28 22:48:43] INFO:   \U0001f3af 정확한 매수선: 1차 33,100, 2차 29,850, 3차 26,950
[2025-10-28 22:48:43] INFO:   \U0001f4c8 기존 엔벨로프: 33,426원 (참고용)
[2025-10-28 22:48:44] INFO: 
[55/78] 삼양컴텍 (484590) 분석 중...
[2025-10-28 22:48:44] INFO:   [2025-10-28] 종가: 16,840원, 20일선: 17,484원
[2025-10-28 22:48:44] INFO:   \U0001f4ca S20: 349,670, Close_D_19: 19,560, S19_next: 330,110
[2025-10-28 22:48:44] INFO:   \U0001f3af 정확한 매수선: 1차 13,760, 2차 12,400, 3차 11,170
[2025-10-28 22:48:44] INFO:   \U0001f4c8 기존 엔벨로프: 13,987원 (참고용)
[2025-10-28 22:48:44] INFO: 
[56/78] 에이비엘바이오 (298380) 분석 중...
[2025-10-28 22:48:44] INFO:   [2025-10-28] 종가: 95,600원, 20일선: 90,955원
[2025-10-28 22:48:44] INFO:   \U0001f4ca S20: 1,819,100, Close_D_19: 98,400, S19_next: 1,720,700
[2025-10-28 22:48:44] INFO:   \U0001f3af 정확한 매수선: 1차 71,700, 2차 64,700, 3차 58,400
[2025-10-28 22:48:44] INFO:   \U0001f4c8 기존 엔벨로프: 72,764원 (참고용)
[2025-10-28 22:48:44] INFO: 
[57/78] LG디스플레이 (034220) 분석 중...
[2025-10-28 22:48:44] INFO:   [2025-10-28] 종가: 14,320원, 20일선: 14,367원
[2025-10-28 22:48:44] INFO:   \U0001f4ca S20: 287,340, Close_D_19: 13,710, S19_next: 273,630
[2025-10-28 22:48:44] INFO:   \U0001f3af 정확한 매수선: 1차 11,410, 2차 10,280, 3차 9,270
[2025-10-28 22:48:44] INFO:   \U0001f4c8 기존 엔벨로프: 11,494원 (참고용)
[2025-10-28 22:48:44] INFO: 
[58/78] 대한조선 (439260) 분석 중...
[2025-10-28 22:48:45] INFO:   [2025-10-28] 종가: 78,100원, 20일선: 78,515원
[2025-10-28 22:48:45] INFO:   \U0001f4ca S20: 1,570,300, Close_D_19: 80,600, S19_next: 1,489,700
[2025-10-28 22:48:45] INFO:   \U0001f3af 정확한 매수선: 1차 62,100, 2차 56,000, 3차 50,500
[2025-10-28 22:48:45] INFO:   \U0001f4c8 기존 엔벨로프: 62,812원 (참고용)
[2025-10-28 22:48:45] INFO: 
[59/78] 에이피알 (278470) 분석 중...
[2025-10-28 22:48:45] INFO:   [2025-10-28] 종가: 245,500원, 20일선: 242,550원
[2025-10-28 22:48:45] INFO:   \U0001f4ca S20: 4,851,000, Close_D_19: 218,000, S19_next: 4,633,000
[2025-10-28 22:48:45] INFO:   \U0001f3af 정확한 매수선: 1차 193,100, 2차 173,900, 3차 156,700
[2025-10-28 22:48:45] INFO:   \U0001f4c8 기존 엔벨로프: 194,040원 (참고용)
[2025-10-28 22:48:45] INFO: 
[60/78] SK바이오팜 (326030) 분석 중...
[2025-10-28 22:48:45] INFO:   [2025-10-28] 종가: 116,200원, 20일선: 105,215원
[2025-10-28 22:48:45] INFO:   \U0001f4ca S20: 2,104,300, Close_D_19: 107,400, S19_next: 1,996,900
[2025-10-28 22:48:45] INFO:   \U0001f3af 정확한 매수선: 1차 83,300, 2차 75,100, 3차 67,700
[2025-10-28 22:48:45] INFO:   \U0001f4c8 기존 엔벨로프: 84,172원 (참고용)
[2025-10-28 22:48:45] INFO: 
[61/78] 한화에어로스페이스 (012450) 분석 중...
[2025-10-28 22:48:45] INFO:   [2025-10-28] 종가: 1,000,000원, 20일선: 1,017,350원
[2025-10-28 22:48:45] INFO:   \U0001f4ca S20: 20,347,000, Close_D_19: 1,057,000, S19_next: 19,290,000
[2025-10-28 22:48:45] INFO:   \U0001f3af 정확한 매수선: 1차 804,000, 2차 725,000, 3차 654,000
[2025-10-28 22:48:45] INFO:   \U0001f4c8 기존 엔벨로프: 813,880원 (참고용)
[2025-10-28 22:48:46] INFO: 
[62/78] 한화시스템 (272210) 분석 중...
[2025-10-28 22:48:46] INFO:   [2025-10-28] 종가: 55,800원, 20일선: 56,375원
[2025-10-28 22:48:46] INFO:   \U0001f4ca S20: 1,127,500, Close_D_19: 60,400, S19_next: 1,067,100
[2025-10-28 22:48:46] INFO:   \U0001f3af 정확한 매수선: 1차 44,500, 2차 40,100, 3차 36,150
[2025-10-28 22:48:46] INFO:   \U0001f4c8 기존 엔벨로프: 45,100원 (참고용)
[2025-10-28 22:48:46] INFO: 
[63/78] 한화솔루션 (009830) 분석 중...
[2025-10-28 22:48:46] INFO:   [2025-10-28] 종가: 32,300원, 20일선: 29,545원
[2025-10-28 22:48:46] INFO:   \U0001f4ca S20: 590,900, Close_D_19: 29,500, S19_next: 561,400
[2025-10-28 22:48:46] INFO:   \U0001f3af 정확한 매수선: 1차 23,400, 2차 21,150, 3차 19,050
[2025-10-28 22:48:46] INFO:   \U0001f4c8 기존 엔벨로프: 23,636원 (참고용)
[2025-10-28 22:48:47] INFO: 
[64/78] 삼성전기 (009150) 분석 중...
[2025-10-28 22:48:47] INFO:   [2025-10-28] 종가: 232,500원, 20일선: 206,850원
[2025-10-28 22:48:47] INFO:   \U0001f4ca S20: 4,137,000, Close_D_19: 202,000, S19_next: 3,935,000
[2025-10-28 22:48:47] INFO:   \U0001f3af 정확한 매수선: 1차 164,000, 2차 147,700, 3차 133,100
[2025-10-28 22:48:47] INFO:   \U0001f4c8 기존 엔벨로프: 165,480원 (참고용)
[2025-10-28 22:48:47] INFO: 
[65/78] 한화비전 (489790) 분석 중...
[2025-10-28 22:48:47] INFO:   [2025-10-28] 종가: 53,100원, 20일선: 53,415원
[2025-10-28 22:48:47] INFO:   \U0001f4ca S20: 1,068,300, Close_D_19: 57,800, S19_next: 1,010,500
[2025-10-28 22:48:47] INFO:   \U0001f3af 정확한 매수선: 1차 42,150, 2차 38,000, 3차 34,250
[2025-10-28 22:48:47] INFO:   \U0001f4c8 기존 엔벨로프: 42,732원 (참고용)
[2025-10-28 22:48:48] INFO: 
[66/78] HD현대인프라코어 (042670) 분석 중...
[2025-10-28 22:48:48] INFO:   [2025-10-28] 종가: 16,710원, 20일선: 15,557원
[2025-10-28 22:48:48] INFO:   \U0001f4ca S20: 311,140, Close_D_19: 15,990, S19_next: 295,150
[2025-10-28 22:48:48] INFO:   \U0001f3af 정확한 매수선: 1차 12,300, 2차 11,080, 3차 9,990
[2025-10-28 22:48:48] INFO:   \U0001f4c8 기존 엔벨로프: 12,446원 (참고용)
[2025-10-28 22:48:48] INFO: 
[67/78] 도우인시스 (484120) 분석 중...
[2025-10-28 22:48:49] INFO:   [2025-10-28] 종가: 29,300원, 20일선: 29,615원
[2025-10-28 22:48:49] INFO:   \U0001f4ca S20: 592,300, Close_D_19: 31,600, S19_next: 560,700
[2025-10-28 22:48:49] INFO:   \U0001f3af 정확한 매수선: 1차 23,400, 2차 21,150, 3차 19,050
[2025-10-28 22:48:49] INFO:   \U0001f4c8 기존 엔벨로프: 23,692원 (참고용)
[2025-10-28 22:48:49] INFO: 
[68/78] KBI동양철관 (008970) 분석 중...
[2025-10-28 22:48:49] INFO:   [2025-10-28] 종가: 2,570원, 20일선: 2,426원
[2025-10-28 22:48:49] INFO:   \U0001f4ca S20: 48,516, Close_D_19: 2,327, S19_next: 46,189
[2025-10-28 22:48:49] INFO:   \U0001f3af 정확한 매수선: 1차 1,925, 2차 1,734, 3차 1,562
[2025-10-28 22:48:49] INFO:   \U0001f4c8 기존 엔벨로프: 1,941원 (참고용)
[2025-10-28 22:48:49] INFO: 
[69/78] YG PLUS (037270) 분석 중...
[2025-10-28 22:48:50] INFO:   [2025-10-28] 종가: 7,280원, 20일선: 7,142원
[2025-10-28 22:48:50] INFO:   \U0001f4ca S20: 142,850, Close_D_19: 7,920, S19_next: 134,930
[2025-10-28 22:48:50] INFO:   \U0001f3af 정확한 매수선: 1차 5,630, 2차 5,080, 3차 4,580
[2025-10-28 22:48:50] INFO:   \U0001f4c8 기존 엔벨로프: 5,714원 (참고용)
[2025-10-28 22:48:50] INFO: 
[70/78] 리가켐바이오 (141080) 분석 중...
[2025-10-28 22:48:50] INFO:   [2025-10-28] 종가: 144,200원, 20일선: 142,480원
[2025-10-28 22:48:50] INFO:   \U0001f4ca S20: 2,849,600, Close_D_19: 156,300, S19_next: 2,693,300
[2025-10-28 22:48:50] INFO:   \U0001f3af 정확한 매수선: 1차 112,300, 2차 101,200, 3차 91,200
[2025-10-28 22:48:50] INFO:   \U0001f4c8 기존 엔벨로프: 113,984원 (참고용)
[2025-10-28 22:48:50] INFO: 
[71/78] 쿠콘 (294570) 분석 중...
[2025-10-28 22:48:51] INFO:   [2025-10-28] 종가: 37,750원, 20일선: 38,420원
[2025-10-28 22:48:51] INFO:   \U0001f4ca S20: 768,400, Close_D_19: 35,050, S19_next: 733,350
[2025-10-28 22:48:51] INFO:   \U0001f3af 정확한 매수선: 1차 30,600, 2차 27,600, 3차 24,900
[2025-10-28 22:48:51] INFO:   \U0001f4c8 기존 엔벨로프: 30,736원 (참고용)
[2025-10-28 22:48:51] INFO: 
[72/78] 파인엠텍 (441270) 분석 중...
[2025-10-28 22:48:51] INFO:   [2025-10-28] 종가: 9,040원, 20일선: 10,084원
[2025-10-28 22:48:51] INFO:   \U0001f4ca S20: 201,680, Close_D_19: 11,170, S19_next: 190,510
[2025-10-28 22:48:51] INFO:   \U0001f3af 정확한 매수선: 1차 7,940, 2차 7,160, 3차 6,460
[2025-10-28 22:48:51] INFO:   \U0001f4c8 기존 엔벨로프: 8,067원 (참고용)
[2025-10-28 22:48:51] INFO: 
[73/78] SK스퀘어 (402340) 분석 중...
[2025-10-28 22:48:52] INFO:   [2025-10-28] 종가: 272,000원, 20일선: 241,680원
[2025-10-28 22:48:52] INFO:   \U0001f4ca S20: 4,833,600, Close_D_19: 219,000, S19_next: 4,614,600
[2025-10-28 22:48:52] INFO:   \U0001f3af 정확한 매수선: 1차 192,300, 2차 173,200, 3차 156,000
[2025-10-28 22:48:52] INFO:   \U0001f4c8 기존 엔벨로프: 193,344원 (참고용)
[2025-10-28 22:48:52] INFO: 
[74/78] POSCO홀딩스 (005490) 분석 중...
[2025-10-28 22:48:52] INFO:   [2025-10-28] 종가: 321,500원, 20일선: 289,250원
[2025-10-28 22:48:52] INFO:   \U0001f4ca S20: 5,785,000, Close_D_19: 277,000, S19_next: 5,508,000
[2025-10-28 22:48:52] INFO:   \U0001f3af 정확한 매수선: 1차 229,500, 2차 207,500, 3차 186,900
[2025-10-28 22:48:52] INFO:   \U0001f4c8 기존 엔벨로프: 231,400원 (참고용)
[2025-10-28 22:48:52] INFO: 
[75/78] HD현대건설기계 (267270) 분석 중...
[2025-10-28 22:48:53] INFO:   [2025-10-28] 종가: 107,900원, 20일선: 98,495원
[2025-10-28 22:48:53] INFO:   \U0001f4ca S20: 1,969,900, Close_D_19: 98,500, S19_next: 1,871,400
[2025-10-28 22:48:53] INFO:   \U0001f3af 정확한 매수선: 1차 78,000, 2차 70,300, 3차 63,400
[2025-10-28 22:48:53] INFO:   \U0001f4c8 기존 엔벨로프: 78,796원 (참고용)
[2025-10-28 22:48:53] INFO: 
[76/78] 한화 (000880) 분석 중...
[2025-10-28 22:48:53] INFO:   [2025-10-28] 종가: 98,400원, 20일선: 88,310원
[2025-10-28 22:48:53] INFO:   \U0001f4ca S20: 1,766,200, Close_D_19: 87,400, S19_next: 1,678,800
[2025-10-28 22:48:53] INFO:   \U0001f3af 정확한 매수선: 1차 70,000, 2차 63,100, 3차 56,900
[2025-10-28 22:48:53] INFO:   \U0001f4c8 기존 엔벨로프: 70,648원 (참고용)
[2025-10-28 22:48:53] INFO: 
[77/78] SK (034730) 분석 중...
[2025-10-28 22:48:53] INFO:   [2025-10-28] 종가: 243,500원, 20일선: 223,100원
[2025-10-28 22:48:53] INFO:   \U0001f4ca S20: 4,462,000, Close_D_19: 211,500, S19_next: 4,250,500
[2025-10-28 22:48:53] INFO:   \U0001f3af 정확한 매수선: 1차 177,200, 2차 159,600, 3차 143,800
[2025-10-28 22:48:53] INFO:   \U0001f4c8 기존 엔벨로프: 178,480원 (참고용)
[2025-10-28 22:48:54] INFO: 
[78/78] SK이노베이션 (096770) 분석 중...
[2025-10-28 22:48:54] INFO:   [2025-10-28] 종가: 132,100원, 20일선: 112,835원
[2025-10-28 22:48:54] INFO:   \U0001f4ca S20: 2,256,700, Close_D_19: 102,400, S19_next: 2,154,300
[2025-10-28 22:48:54] INFO:   \U0001f3af 정확한 매수선: 1차 89,800, 2차 81,000, 3차 73,000
[2025-10-28 22:48:54] INFO:   \U0001f4c8 기존 엔벨로프: 90,268원 (참고용)
[2025-10-28 22:48:54] INFO: \u2713 Summary 저장 완료: 78개 종목
[2025-10-28 22:48:54] INFO: 
================================================================================
[2025-10-28 22:48:54] INFO: \U0001f514 알람: 0개
[2025-10-28 22:48:54] INFO: ================================================================================
[2025-10-28 22:48:56] INFO: \u2713 텔레그램 전송 성공: me
[2025-10-28 22:48:57] INFO: \u2713 텔레그램 전송 성공: yoonjoo
[2025-10-28 22:48:58] INFO: \u2713 텔레그램 전송 성공: minjeong
[2025-10-28 22:48:59] INFO: \u2713 텔레그램 전송 성공: jumeoni
[2025-10-28 22:48:59] INFO: \u2713 텔레그램 일일 리포트 전송 완료
[2025-10-28 22:48:59] INFO: 
================================================================================
[2025-10-28 22:48:59] INFO: 완료
[2025-10-28 22:48:59] INFO: 분석: 78개 종목
[2025-10-28 22:48:59] INFO: 알람: 0개
[2025-10-28 22:48:59] INFO: ================================================================================
Step 2 completed successfully 
