======================================== 
S12 Trading System - Daily Run (20:10) 
Start Time: 2025-10-22 20:10:01.60 
======================================== 
[1/2] Daily Turnover Tracking... 
Traceback (most recent call last):
  File "C:\Coding\S12\Daily_Turnover_Tracker.py", line 18, in <module>
    import requests
ModuleNotFoundError: No module named 'requests'
ERROR: Daily Turnover Tracker failed! 
ERROR: Process failed at 2025-10-22 20:10:01.75 
======================================== 
======================================== 
S12 Trading System - Daily Run (20:10) 
Start Time: 2025-10-22 22:55:07.79 
======================================== 
[1/2] Daily Turnover Tracking... 
[2025-10-22 22:55:11] INFO: \u2713 API 토큰 획득 완료
[2025-10-22 22:55:11] INFO: ============================================================
[2025-10-22 22:55:11] INFO: 날짜: 2025-10-22
[2025-10-22 22:55:11] INFO: 임계값: 5,000억 이상
[2025-10-22 22:55:11] INFO: ============================================================
[2025-10-22 22:55:11] INFO: [KRX] 거래대금 순위 조회 중...
[2025-10-22 22:55:11] INFO:   \u2713 100개 종목 수신
[2025-10-22 22:55:11] INFO: [KOSDAQ] 거래대금 순위 조회 중...
[2025-10-22 22:55:11] INFO:   \u2713 100개 종목 수신
[2025-10-22 22:55:11] INFO: 
============================================================
[2025-10-22 22:55:11] INFO: 거래대금 5,000억 이상: 8개 종목
[2025-10-22 22:55:11] INFO: ============================================================
[2025-10-22 22:55:11] INFO: 
상위 10개:
[2025-10-22 22:55:11] INFO:    1. 000660 SK하이닉스                   26,197억
[2025-10-22 22:55:11] INFO:    2. 005930 삼성전자                     24,644억
[2025-10-22 22:55:11] INFO:    3. 042660 한화오션                     18,406억
[2025-10-22 22:55:11] INFO:    4. 086520 에코프로                     16,325억
[2025-10-22 22:55:11] INFO:    5. 051910 LG화학                      9,405억
[2025-10-22 22:55:11] INFO:    6. 034020 두산에너빌리티                   8,626억
[2025-10-22 22:55:11] INFO:    7. 064350 현대로템                      6,134억
[2025-10-22 22:55:11] INFO:    8. 005380 현대차                       5,049억
[2025-10-22 22:55:12] INFO: \u2713 데이터 저장 완료: 8개 종목의 누적횟수 증가
[2025-10-22 22:55:12] INFO: 
============================================================
[2025-10-22 22:55:12] INFO: 완료: 8개 종목 저장됨
[2025-10-22 22:55:12] INFO: 파일: C:\Coding\S12\output\turnover_universe.xlsx
[2025-10-22 22:55:12] INFO: ============================================================
Step 1 completed successfully 
[2/2] Trading Signal Generation... 
[2025-10-22 22:55:13] INFO: ================================================================================
[2025-10-22 22:55:13] INFO: Trading Signal System 시작
[2025-10-22 22:55:13] INFO: 실행 시간: 2025-10-22 22:55:13
[2025-10-22 22:55:13] INFO: ================================================================================
[2025-10-22 22:55:13] INFO: \u2713 API 토큰 획득 완료
[2025-10-22 22:55:13] INFO: \u2713 추적 대상: 73개 종목
[2025-10-22 22:55:13] INFO: \u2713 기존 시그널 로드: Summary 73개, History 0개
[2025-10-22 22:55:13] INFO: 
================================================================================
[2025-10-22 22:55:13] INFO: 종목별 분석 시작
[2025-10-22 22:55:13] INFO: ================================================================================
[2025-10-22 22:55:13] INFO: 
[1/73] 삼성전자 (005930) 분석 중...
[2025-10-22 22:55:13] INFO:   [2025-10-22] 종가: 98,300원, 20일선: 89,555원
[2025-10-22 22:55:13] INFO:   \U0001f4ca S20: 1,791,100, Close_D_19: 80,600, S19_next: 1,710,500
[2025-10-22 22:55:13] INFO:   \U0001f3af 정확한 매수선: 1차 71,300, 2차 64,300, 3차 58,000
[2025-10-22 22:55:13] INFO:   \U0001f4c8 기존 엔벨로프: 71,644원 (참고용)
[2025-10-22 22:55:13] INFO: 
[2/73] SK하이닉스 (000660) 분석 중...
[2025-10-22 22:55:14] INFO:   [2025-10-22] 종가: 481,000원, 20일선: 398,875원
[2025-10-22 22:55:14] INFO:   \U0001f4ca S20: 7,977,500, Close_D_19: 357,000, S19_next: 7,620,500
[2025-10-22 22:55:14] INFO:   \U0001f3af 정확한 매수선: 1차 318,000, 2차 287,000, 3차 259,000
[2025-10-22 22:55:14] INFO:   \U0001f4c8 기존 엔벨로프: 319,100원 (참고용)
[2025-10-22 22:55:14] INFO: 
[3/73] 두산에너빌리티 (034020) 분석 중...
[2025-10-22 22:55:14] INFO:   [2025-10-22] 종가: 79,000원, 20일선: 70,535원
[2025-10-22 22:55:14] INFO:   \U0001f4ca S20: 1,410,700, Close_D_19: 61,000, S19_next: 1,349,700
[2025-10-22 22:55:14] INFO:   \U0001f3af 정확한 매수선: 1차 56,300, 2차 50,800, 3차 45,800
[2025-10-22 22:55:14] INFO:   \U0001f4c8 기존 엔벨로프: 56,428원 (참고용)
[2025-10-22 22:55:14] INFO: 
[4/73] NAVER (035420) 분석 중...
[2025-10-22 22:55:14] INFO:   [2025-10-22] 종가: 255,000원, 20일선: 252,900원
[2025-10-22 22:55:14] INFO:   \U0001f4ca S20: 5,058,000, Close_D_19: 239,500, S19_next: 4,818,500
[2025-10-22 22:55:14] INFO:   \U0001f3af 정확한 매수선: 1차 201,000, 2차 181,000, 3차 163,000
[2025-10-22 22:55:14] INFO:   \U0001f4c8 기존 엔벨로프: 202,320원 (참고용)
[2025-10-22 22:55:14] INFO: 
[5/73] 한미반도체 (042700) 분석 중...
[2025-10-22 22:55:15] INFO:   [2025-10-22] 종가: 150,800원, 20일선: 114,910원
[2025-10-22 22:55:15] INFO:   \U0001f4ca S20: 2,298,200, Close_D_19: 94,400, S19_next: 2,203,800
[2025-10-22 22:55:15] INFO:   \U0001f3af 정확한 매수선: 1차 91,900, 2차 82,900, 3차 74,800
[2025-10-22 22:55:15] INFO:   \U0001f4c8 기존 엔벨로프: 91,928원 (참고용)
[2025-10-22 22:55:15] INFO: 
[6/73] 에코프로 (086520) 분석 중...
[2025-10-22 22:55:15] INFO:   [2025-10-22] 종가: 88,200원, 20일선: 55,340원
[2025-10-22 22:55:15] INFO:   \U0001f4ca S20: 1,106,800, Close_D_19: 50,800, S19_next: 1,056,000
[2025-10-22 22:55:15] INFO:   \U0001f3af 정확한 매수선: 1차 44,000, 2차 39,650, 3차 35,750
[2025-10-22 22:55:15] INFO:   \U0001f4c8 기존 엔벨로프: 44,272원 (참고용)
[2025-10-22 22:55:15] INFO: 
[7/73] 한화오션 (042660) 분석 중...
[2025-10-22 22:55:15] INFO:   [2025-10-22] 종가: 130,000원, 20일선: 110,975원
[2025-10-22 22:55:15] INFO:   \U0001f4ca S20: 2,219,500, Close_D_19: 111,400, S19_next: 2,108,100
[2025-10-22 22:55:15] INFO:   \U0001f3af 정확한 매수선: 1차 87,900, 2차 79,300, 3차 71,500
[2025-10-22 22:55:15] INFO:   \U0001f4c8 기존 엔벨로프: 88,780원 (참고용)
[2025-10-22 22:55:15] INFO: 
[8/73] 현대차 (005380) 분석 중...
[2025-10-22 22:55:16] INFO:   [2025-10-22] 종가: 261,000원, 20일선: 226,125원
[2025-10-22 22:55:16] INFO:   \U0001f4ca S20: 4,522,500, Close_D_19: 218,000, S19_next: 4,304,500
[2025-10-22 22:55:16] INFO:   \U0001f3af 정확한 매수선: 1차 179,400, 2차 161,600, 3차 145,600
[2025-10-22 22:55:16] INFO:   \U0001f4c8 기존 엔벨로프: 180,900원 (참고용)
[2025-10-22 22:55:16] INFO: 
[9/73] 에코프로비엠 (247540) 분석 중...
[2025-10-22 22:55:16] INFO:   [2025-10-22] 종가: 164,800원, 20일선: 127,510원
[2025-10-22 22:55:16] INFO:   \U0001f4ca S20: 2,550,200, Close_D_19: 123,100, S19_next: 2,427,100
[2025-10-22 22:55:16] INFO:   \U0001f3af 정확한 매수선: 1차 101,200, 2차 91,200, 3차 82,200
[2025-10-22 22:55:16] INFO:   \U0001f4c8 기존 엔벨로프: 102,008원 (참고용)
[2025-10-22 22:55:16] INFO: 
[10/73] 삼성SDI (006400) 분석 중...
[2025-10-22 22:55:16] INFO:   [2025-10-22] 종가: 263,500원, 20일선: 220,450원
[2025-10-22 22:55:16] INFO:   \U0001f4ca S20: 4,409,000, Close_D_19: 210,000, S19_next: 4,199,000
[2025-10-22 22:55:16] INFO:   \U0001f3af 정확한 매수선: 1차 175,000, 2차 157,600, 3차 142,000
[2025-10-22 22:55:16] INFO:   \U0001f4c8 기존 엔벨로프: 176,360원 (참고용)
[2025-10-22 22:55:17] INFO: 
[11/73] LG화학 (051910) 분석 중...
[2025-10-22 22:55:17] INFO:   [2025-10-22] 종가: 398,000원, 20일선: 303,200원
[2025-10-22 22:55:17] INFO:   \U0001f4ca S20: 6,064,000, Close_D_19: 301,000, S19_next: 5,763,000
[2025-10-22 22:55:17] INFO:   \U0001f3af 정확한 매수선: 1차 240,500, 2차 217,000, 3차 195,400
[2025-10-22 22:55:17] INFO:   \U0001f4c8 기존 엔벨로프: 242,560원 (참고용)
[2025-10-22 22:55:17] INFO: 
[12/73] 에코프로머티 (450080) 분석 중...
[2025-10-22 22:55:17] INFO:   [2025-10-22] 종가: 68,900원, 20일선: 53,385원
[2025-10-22 22:55:17] INFO:   \U0001f4ca S20: 1,067,700, Close_D_19: 52,600, S19_next: 1,015,100
[2025-10-22 22:55:17] INFO:   \U0001f3af 정확한 매수선: 1차 42,300, 2차 38,150, 3차 34,400
[2025-10-22 22:55:17] INFO:   \U0001f4c8 기존 엔벨로프: 42,708원 (참고용)
[2025-10-22 22:55:17] INFO: 
[13/73] LG에너지솔루션 (373220) 분석 중...
[2025-10-22 22:55:17] INFO:   [2025-10-22] 종가: 453,000원, 20일선: 376,550원
[2025-10-22 22:55:17] INFO:   \U0001f4ca S20: 7,531,000, Close_D_19: 354,500, S19_next: 7,176,500
[2025-10-22 22:55:17] INFO:   \U0001f3af 정확한 매수선: 1차 299,500, 2차 270,500, 3차 244,000
[2025-10-22 22:55:17] INFO:   \U0001f4c8 기존 엔벨로프: 301,240원 (참고용)
[2025-10-22 22:55:18] INFO: 
[14/73] 한국전력 (015760) 분석 중...
[2025-10-22 22:55:18] INFO:   [2025-10-22] 종가: 43,650원, 20일선: 37,948원
[2025-10-22 22:55:18] INFO:   \U0001f4ca S20: 758,950, Close_D_19: 36,600, S19_next: 722,350
[2025-10-22 22:55:18] INFO:   \U0001f3af 정확한 매수선: 1차 30,100, 2차 27,150, 3차 24,500
[2025-10-22 22:55:18] INFO:   \U0001f4c8 기존 엔벨로프: 30,358원 (참고용)
[2025-10-22 22:55:18] INFO: 
[15/73] 포스코퓨처엠 (003670) 분석 중...
[2025-10-22 22:55:18] INFO:   [2025-10-22] 종가: 204,000원, 20일선: 160,130원
[2025-10-22 22:55:18] INFO:   \U0001f4ca S20: 3,202,600, Close_D_19: 139,900, S19_next: 3,062,700
[2025-10-22 22:55:18] INFO:   \U0001f3af 정확한 매수선: 1차 127,700, 2차 115,100, 3차 103,700
[2025-10-22 22:55:18] INFO:   \U0001f4c8 기존 엔벨로프: 128,104원 (참고용)
[2025-10-22 22:55:18] INFO: 
[16/73] 현대로템 (064350) 분석 중...
[2025-10-22 22:55:18] INFO:   [2025-10-22] 종가: 234,500원, 20일선: 217,025원
[2025-10-22 22:55:18] INFO:   \U0001f4ca S20: 4,340,500, Close_D_19: 214,500, S19_next: 4,126,000
[2025-10-22 22:55:18] INFO:   \U0001f3af 정확한 매수선: 1차 172,000, 2차 154,900, 3차 139,600
[2025-10-22 22:55:18] INFO:   \U0001f4c8 기존 엔벨로프: 173,620원 (참고용)
[2025-10-22 22:55:19] INFO: 
[17/73] 카카오 (035720) 분석 중...
[2025-10-22 22:55:19] INFO:   [2025-10-22] 종가: 60,800원, 20일선: 61,375원
[2025-10-22 22:55:19] INFO:   \U0001f4ca S20: 1,227,500, Close_D_19: 65,000, S19_next: 1,162,500
[2025-10-22 22:55:19] INFO:   \U0001f3af 정확한 매수선: 1차 48,450, 2차 43,700, 3차 39,400
[2025-10-22 22:55:19] INFO:   \U0001f4c8 기존 엔벨로프: 49,100원 (참고용)
[2025-10-22 22:55:19] INFO: 
[18/73] 엘앤에프 (066970) 분석 중...
[2025-10-22 22:55:19] INFO:   [2025-10-22] 종가: 117,500원, 20일선: 84,185원
[2025-10-22 22:55:19] INFO:   \U0001f4ca S20: 1,683,700, Close_D_19: 78,100, S19_next: 1,605,600
[2025-10-22 22:55:19] INFO:   \U0001f3af 정확한 매수선: 1차 66,900, 2차 60,400, 3차 54,500
[2025-10-22 22:55:19] INFO:   \U0001f4c8 기존 엔벨로프: 67,348원 (참고용)
[2025-10-22 22:55:19] INFO: 
[19/73] 두산 (000150) 분석 중...
[2025-10-22 22:55:19] INFO:   [2025-10-22] 종가: 787,000원, 20일선: 611,900원
[2025-10-22 22:55:19] INFO:   \U0001f4ca S20: 12,238,000, Close_D_19: 603,000, S19_next: 11,635,000
[2025-10-22 22:55:19] INFO:   \U0001f3af 정확한 매수선: 1차 485,000, 2차 437,000, 3차 394,000
[2025-10-22 22:55:19] INFO:   \U0001f4c8 기존 엔벨로프: 489,520원 (참고용)
[2025-10-22 22:55:20] INFO: 
[20/73] 한라캐스트 (125490) 분석 중...
[2025-10-22 22:55:20] INFO:   [2025-10-22] 종가: 12,660원, 20일선: 9,328원
[2025-10-22 22:55:20] INFO:   \U0001f4ca S20: 186,550, Close_D_19: 7,330, S19_next: 179,220
[2025-10-22 22:55:20] INFO:   \U0001f3af 정확한 매수선: 1차 7,470, 2차 6,740, 3차 6,080
[2025-10-22 22:55:20] INFO:   \U0001f4c8 기존 엔벨로프: 7,462원 (참고용)
[2025-10-22 22:55:20] INFO: 
[21/73] 휴림로봇 (090710) 분석 중...
[2025-10-22 22:55:20] INFO:   [2025-10-22] 종가: 5,990원, 20일선: 3,927원
[2025-10-22 22:55:20] INFO:   \U0001f4ca S20: 78,535, Close_D_19: 3,530, S19_next: 75,005
[2025-10-22 22:55:20] INFO:   \U0001f3af 정확한 매수선: 1차 3,130, 2차 2,825, 3차 2,550
[2025-10-22 22:55:20] INFO:   \U0001f4c8 기존 엔벨로프: 3,141원 (참고용)
[2025-10-22 22:55:20] INFO: 
[22/73] 클로봇 (466100) 분석 중...
[2025-10-22 22:55:20] INFO:   [2025-10-22] 종가: 40,200원, 20일선: 34,462원
[2025-10-22 22:55:20] INFO:   \U0001f4ca S20: 689,250, Close_D_19: 27,900, S19_next: 661,350
[2025-10-22 22:55:20] INFO:   \U0001f3af 정확한 매수선: 1차 27,600, 2차 24,900, 3차 22,500
[2025-10-22 22:55:20] INFO:   \U0001f4c8 기존 엔벨로프: 27,570원 (참고용)
[2025-10-22 22:55:21] INFO: 
[23/73] 로보티즈 (108490) 분석 중...
[2025-10-22 22:55:21] INFO:   [2025-10-22] 종가: 186,500원, 20일선: 167,144원
[2025-10-22 22:55:21] INFO:   \U0001f4ca S20: 3,342,887, Close_D_19: 109,163, S19_next: 3,233,724
[2025-10-22 22:55:21] INFO:   \U0001f3af 정확한 매수선: 1차 134,800, 2차 121,500, 3차 109,500
[2025-10-22 22:55:21] INFO:   \U0001f4c8 기존 엔벨로프: 133,715원 (참고용)
[2025-10-22 22:55:21] INFO: 
[24/73] 삼성전자우 (005935) 분석 중...
[2025-10-22 22:55:21] INFO:   [2025-10-22] 종가: 78,300원, 20일선: 70,460원
[2025-10-22 22:55:21] INFO:   \U0001f4ca S20: 1,409,200, Close_D_19: 64,500, S19_next: 1,344,700
[2025-10-22 22:55:21] INFO:   \U0001f3af 정확한 매수선: 1차 56,100, 2차 50,600, 3차 45,600
[2025-10-22 22:55:21] INFO:   \U0001f4c8 기존 엔벨로프: 56,368원 (참고용)
[2025-10-22 22:55:21] INFO: 
[25/73] 일동제약 (249420) 분석 중...
[2025-10-22 22:55:21] INFO:   [2025-10-22] 종가: 21,100원, 20일선: 26,040원
[2025-10-22 22:55:21] INFO:   \U0001f4ca S20: 520,800, Close_D_19: 27,850, S19_next: 492,950
[2025-10-22 22:55:21] INFO:   \U0001f3af 정확한 매수선: 1차 20,550, 2차 18,510, 3차 16,670
[2025-10-22 22:55:21] INFO:   \U0001f4c8 기존 엔벨로프: 20,832원 (참고용)
[2025-10-22 22:55:21] INFO:   \U0001f514 +3% 매도선까지 2.7%
[2025-10-22 22:55:22] INFO: 
[26/73] 우리기술투자 (041190) 분석 중...
[2025-10-22 22:55:22] INFO:   [2025-10-22] 종가: 9,010원, 20일선: 10,495원
[2025-10-22 22:55:22] INFO:   \U0001f4ca S20: 209,900, Close_D_19: 11,240, S19_next: 198,660
[2025-10-22 22:55:22] INFO:   \U0001f3af 정확한 매수선: 1차 8,280, 2차 7,470, 3차 6,740
[2025-10-22 22:55:22] INFO:   \U0001f4c8 기존 엔벨로프: 8,396원 (참고용)
[2025-10-22 22:55:22] INFO:   \U0001f514 1차 매수선까지 8.8% (접근 중!)
[2025-10-22 22:55:22] INFO: 
[27/73] NHN KCP (060250) 분석 중...
[2025-10-22 22:55:22] INFO:   [2025-10-22] 종가: 16,450원, 20일선: 17,084원
[2025-10-22 22:55:22] INFO:   \U0001f4ca S20: 341,670, Close_D_19: 14,340, S19_next: 327,330
[2025-10-22 22:55:22] INFO:   \U0001f3af 정확한 매수선: 1차 13,640, 2차 12,290, 3차 11,080
[2025-10-22 22:55:22] INFO:   \U0001f4c8 기존 엔벨로프: 13,667원 (참고용)
[2025-10-22 22:55:22] INFO: 
[28/73] 레인보우로보틱스 (277810) 분석 중...
[2025-10-22 22:55:22] INFO:   [2025-10-22] 종가: 340,500원, 20일선: 322,875원
[2025-10-22 22:55:22] INFO:   \U0001f4ca S20: 6,457,500, Close_D_19: 297,000, S19_next: 6,160,500
[2025-10-22 22:55:22] INFO:   \U0001f3af 정확한 매수선: 1차 257,000, 2차 232,000, 3차 209,500
[2025-10-22 22:55:22] INFO:   \U0001f4c8 기존 엔벨로프: 258,300원 (참고용)
[2025-10-22 22:55:23] INFO: 
[29/73] 알테오젠 (196170) 분석 중...
[2025-10-22 22:55:23] INFO:   [2025-10-22] 종가: 451,500원, 20일선: 457,975원
[2025-10-22 22:55:23] INFO:   \U0001f4ca S20: 9,159,500, Close_D_19: 474,500, S19_next: 8,685,000
[2025-10-22 22:55:23] INFO:   \U0001f3af 정확한 매수선: 1차 362,000, 2차 326,500, 3차 294,500
[2025-10-22 22:55:23] INFO:   \U0001f4c8 기존 엔벨로프: 366,380원 (참고용)
[2025-10-22 22:55:23] INFO: 
[30/73] 셀트리온 (068270) 분석 중...
[2025-10-22 22:55:23] INFO:   [2025-10-22] 종가: 178,300원, 20일선: 174,725원
[2025-10-22 22:55:23] INFO:   \U0001f4ca S20: 3,494,500, Close_D_19: 168,800, S19_next: 3,325,700
[2025-10-22 22:55:23] INFO:   \U0001f3af 정확한 매수선: 1차 138,600, 2차 124,900, 3차 112,600
[2025-10-22 22:55:23] INFO:   \U0001f4c8 기존 엔벨로프: 139,780원 (참고용)
[2025-10-22 22:55:23] INFO: 
[31/73] 디앤디파마텍 (347850) 분석 중...
[2025-10-22 22:55:24] INFO:   [2025-10-22] 종가: 170,100원, 20일선: 185,805원
[2025-10-22 22:55:24] INFO:   \U0001f4ca S20: 3,716,100, Close_D_19: 165,100, S19_next: 3,551,000
[2025-10-22 22:55:24] INFO:   \U0001f3af 정확한 매수선: 1차 148,000, 2차 133,300, 3차 120,100
[2025-10-22 22:55:24] INFO:   \U0001f4c8 기존 엔벨로프: 148,644원 (참고용)
[2025-10-22 22:55:24] INFO: 
[32/73] 삼천당제약 (000250) 분석 중...
[2025-10-22 22:55:24] INFO:   [2025-10-22] 종가: 205,000원, 20일선: 217,315원
[2025-10-22 22:55:24] INFO:   \U0001f4ca S20: 4,346,300, Close_D_19: 218,000, S19_next: 4,128,300
[2025-10-22 22:55:24] INFO:   \U0001f3af 정확한 매수선: 1차 172,100, 2차 155,000, 3차 139,600
[2025-10-22 22:55:24] INFO:   \U0001f4c8 기존 엔벨로프: 173,852원 (참고용)
[2025-10-22 22:55:24] INFO: 
[33/73] 다날 (064260) 분석 중...
[2025-10-22 22:55:24] INFO:   [2025-10-22] 종가: 8,960원, 20일선: 9,804원
[2025-10-22 22:55:24] INFO:   \U0001f4ca S20: 196,080, Close_D_19: 9,120, S19_next: 186,960
[2025-10-22 22:55:24] INFO:   \U0001f3af 정확한 매수선: 1차 7,790, 2차 7,030, 3차 6,340
[2025-10-22 22:55:24] INFO:   \U0001f4c8 기존 엔벨로프: 7,843원 (참고용)
[2025-10-22 22:55:24] INFO: 
[34/73] 로보스타 (090360) 분석 중...
[2025-10-22 22:55:24] INFO:   [2025-10-22] 종가: 68,100원, 20일선: 53,878원
[2025-10-22 22:55:24] INFO:   \U0001f4ca S20: 1,077,550, Close_D_19: 44,200, S19_next: 1,033,350
[2025-10-22 22:55:24] INFO:   \U0001f3af 정확한 매수선: 1차 43,100, 2차 38,850, 3차 35,050
[2025-10-22 22:55:24] INFO:   \U0001f4c8 기존 엔벨로프: 43,102원 (참고용)
[2025-10-22 22:55:25] INFO: 
[35/73] 한국항공우주 (047810) 분석 중...
[2025-10-22 22:55:25] INFO:   [2025-10-22] 종가: 100,600원, 20일선: 104,290원
[2025-10-22 22:55:25] INFO:   \U0001f4ca S20: 2,085,800, Close_D_19: 107,800, S19_next: 1,978,000
[2025-10-22 22:55:25] INFO:   \U0001f3af 정확한 매수선: 1차 82,500, 2차 74,400, 3차 67,100
[2025-10-22 22:55:25] INFO:   \U0001f4c8 기존 엔벨로프: 83,432원 (참고용)
[2025-10-22 22:55:25] INFO: 
[36/73] 지투지바이오 (456160) 분석 중...
[2025-10-22 22:55:25] INFO:   [2025-10-22] 종가: 170,500원, 20일선: 199,815원
[2025-10-22 22:55:25] INFO:   \U0001f4ca S20: 3,996,300, Close_D_19: 215,000, S19_next: 3,781,300
[2025-10-22 22:55:25] INFO:   \U0001f3af 정확한 매수선: 1차 157,600, 2차 142,000, 3차 127,900
[2025-10-22 22:55:25] INFO:   \U0001f4c8 기존 엔벨로프: 159,852원 (참고용)
[2025-10-22 22:55:25] INFO:   \U0001f4b0\U0001f4b0\U0001f4b0 +7% 도달! 전량 매도!
[2025-10-22 22:55:25] INFO:   \U0001f514 매도 완료
[2025-10-22 22:55:25] INFO: 
[37/73] 농심 (004370) 분석 중...
[2025-10-22 22:55:25] INFO:   [2025-10-22] 종가: 431,000원, 20일선: 442,725원
[2025-10-22 22:55:25] INFO:   \U0001f4ca S20: 8,854,500, Close_D_19: 479,500, S19_next: 8,375,000
[2025-10-22 22:55:25] INFO:   \U0001f3af 정확한 매수선: 1차 349,000, 2차 315,000, 3차 284,000
[2025-10-22 22:55:25] INFO:   \U0001f4c8 기존 엔벨로프: 354,180원 (참고용)
[2025-10-22 22:55:26] INFO: 
[38/73] SK오션플랜트 (100090) 분석 중...
[2025-10-22 22:55:26] INFO:   [2025-10-22] 종가: 22,050원, 20일선: 23,828원
[2025-10-22 22:55:26] INFO:   \U0001f4ca S20: 476,550, Close_D_19: 25,450, S19_next: 451,100
[2025-10-22 22:55:26] INFO:   \U0001f3af 정확한 매수선: 1차 18,800, 2차 16,930, 3차 15,250
[2025-10-22 22:55:26] INFO:   \U0001f4c8 기존 엔벨로프: 19,062원 (참고용)
[2025-10-22 22:55:26] INFO: 
[39/73] HJ중공업 (097230) 분석 중...
[2025-10-22 22:55:26] INFO:   [2025-10-22] 종가: 27,550원, 20일선: 26,910원
[2025-10-22 22:55:26] INFO:   \U0001f4ca S20: 538,200, Close_D_19: 29,000, S19_next: 509,200
[2025-10-22 22:55:26] INFO:   \U0001f3af 정확한 매수선: 1차 21,250, 2차 19,140, 3차 17,240
[2025-10-22 22:55:26] INFO:   \U0001f4c8 기존 엔벨로프: 21,528원 (참고용)
[2025-10-22 22:55:26] INFO: 
[40/73] 세진중공업 (075580) 분석 중...
[2025-10-22 22:55:26] INFO:   [2025-10-22] 종가: 24,000원, 20일선: 21,384원
[2025-10-22 22:55:26] INFO:   \U0001f4ca S20: 427,690, Close_D_19: 23,750, S19_next: 403,940
[2025-10-22 22:55:26] INFO:   \U0001f3af 정확한 매수선: 1차 16,840, 2차 15,170, 3차 13,670
[2025-10-22 22:55:26] INFO:   \U0001f4c8 기존 엔벨로프: 17,108원 (참고용)
[2025-10-22 22:55:27] INFO: 
[41/73] 엘앤씨바이오 (290650) 분석 중...
[2025-10-22 22:55:27] INFO:   [2025-10-22] 종가: 49,300원, 20일선: 52,730원
[2025-10-22 22:55:27] INFO:   \U0001f4ca S20: 1,054,600, Close_D_19: 61,200, S19_next: 993,400
[2025-10-22 22:55:27] INFO:   \U0001f3af 정확한 매수선: 1차 41,400, 2차 37,350, 3차 33,700
[2025-10-22 22:55:27] INFO:   \U0001f4c8 기존 엔벨로프: 42,184원 (참고용)
[2025-10-22 22:55:27] INFO: 
[42/73] 한화엔진 (082740) 분석 중...
[2025-10-22 22:55:27] INFO:   [2025-10-22] 종가: 49,100원, 20일선: 45,502원
[2025-10-22 22:55:27] INFO:   \U0001f4ca S20: 910,050, Close_D_19: 42,900, S19_next: 867,150
[2025-10-22 22:55:27] INFO:   \U0001f3af 정확한 매수선: 1차 36,150, 2차 32,600, 3차 29,400
[2025-10-22 22:55:27] INFO:   \U0001f4c8 기존 엔벨로프: 36,402원 (참고용)
[2025-10-22 22:55:27] INFO: 
[43/73] 현대힘스 (460930) 분석 중...
[2025-10-22 22:55:27] INFO:   [2025-10-22] 종가: 23,250원, 20일선: 24,942원
[2025-10-22 22:55:27] INFO:   \U0001f4ca S20: 498,850, Close_D_19: 27,900, S19_next: 470,950
[2025-10-22 22:55:27] INFO:   \U0001f3af 정확한 매수선: 1차 19,630, 2차 17,680, 3차 15,930
[2025-10-22 22:55:27] INFO:   \U0001f4c8 기존 엔벨로프: 19,954원 (참고용)
[2025-10-22 22:55:28] INFO: 
[44/73] HD한국조선해양 (009540) 분석 중...
[2025-10-22 22:55:28] INFO:   [2025-10-22] 종가: 461,000원, 20일선: 415,275원
[2025-10-22 22:55:28] INFO:   \U0001f4ca S20: 8,305,500, Close_D_19: 414,500, S19_next: 7,891,000
[2025-10-22 22:55:28] INFO:   \U0001f3af 정확한 매수선: 1차 329,000, 2차 297,000, 3차 268,000
[2025-10-22 22:55:28] INFO:   \U0001f4c8 기존 엔벨로프: 332,220원 (참고용)
[2025-10-22 22:55:28] INFO: 
[45/73] HD현대미포 (010620) 분석 중...
[2025-10-22 22:55:28] INFO:   [2025-10-22] 종가: 233,000원, 20일선: 202,950원
[2025-10-22 22:55:28] INFO:   \U0001f4ca S20: 4,059,000, Close_D_19: 198,300, S19_next: 3,860,700
[2025-10-22 22:55:28] INFO:   \U0001f3af 정확한 매수선: 1차 160,900, 2차 145,000, 3차 130,600
[2025-10-22 22:55:28] INFO:   \U0001f4c8 기존 엔벨로프: 162,360원 (참고용)
[2025-10-22 22:55:28] INFO: 
[46/73] 삼성중공업 (010140) 분석 중...
[2025-10-22 22:55:28] INFO:   [2025-10-22] 종가: 24,100원, 20일선: 21,995원
[2025-10-22 22:55:28] INFO:   \U0001f4ca S20: 439,900, Close_D_19: 21,550, S19_next: 418,350
[2025-10-22 22:55:28] INFO:   \U0001f3af 정확한 매수선: 1차 17,440, 2차 15,710, 3차 14,150
[2025-10-22 22:55:28] INFO:   \U0001f4c8 기존 엔벨로프: 17,596원 (참고용)
[2025-10-22 22:55:29] INFO: 
[47/73] 효성중공업 (298040) 분석 중...
[2025-10-22 22:55:29] INFO:   [2025-10-22] 종가: 1,729,000원, 20일선: 1,475,300원
[2025-10-22 22:55:29] INFO:   \U0001f4ca S20: 29,506,000, Close_D_19: 1,390,000, S19_next: 28,116,000
[2025-10-22 22:55:29] INFO:   \U0001f3af 정확한 매수선: 1차 1,172,000, 2차 1,056,000, 3차 952,000
[2025-10-22 22:55:29] INFO:   \U0001f4c8 기존 엔벨로프: 1,180,240원 (참고용)
[2025-10-22 22:55:29] INFO: 
[48/73] LIG넥스원 (079550) 분석 중...
[2025-10-22 22:55:29] INFO:   [2025-10-22] 종가: 451,000원, 20일선: 480,650원
[2025-10-22 22:55:29] INFO:   \U0001f4ca S20: 9,613,000, Close_D_19: 513,000, S19_next: 9,100,000
[2025-10-22 22:55:29] INFO:   \U0001f3af 정확한 매수선: 1차 379,500, 2차 342,500, 3차 309,000
[2025-10-22 22:55:29] INFO:   \U0001f4c8 기존 엔벨로프: 384,520원 (참고용)
[2025-10-22 22:55:29] INFO: 
[49/73] 에스엔시스 (0008Z0) 분석 중...
[2025-10-22 22:55:29] INFO:   [2025-10-22] 종가: 43,250원, 20일선: 41,458원
[2025-10-22 22:55:29] INFO:   \U0001f4ca S20: 829,150, Close_D_19: 43,400, S19_next: 785,750
[2025-10-22 22:55:29] INFO:   \U0001f3af 정확한 매수선: 1차 32,750, 2차 29,550, 3차 26,650
[2025-10-22 22:55:29] INFO:   \U0001f4c8 기존 엔벨로프: 33,166원 (참고용)
[2025-10-22 22:55:30] INFO: 
[50/73] 삼양컴텍 (484590) 분석 중...
[2025-10-22 22:55:30] INFO:   [2025-10-22] 종가: 17,720원, 20일선: 17,978원
[2025-10-22 22:55:30] INFO:   \U0001f4ca S20: 359,570, Close_D_19: 19,780, S19_next: 339,790
[2025-10-22 22:55:30] INFO:   \U0001f3af 정확한 매수선: 1차 14,160, 2차 12,760, 3차 11,500
[2025-10-22 22:55:30] INFO:   \U0001f4c8 기존 엔벨로프: 14,383원 (참고용)
[2025-10-22 22:55:30] INFO: 
[51/73] 에이비엘바이오 (298380) 분석 중...
[2025-10-22 22:55:30] INFO:   [2025-10-22] 종가: 86,400원, 20일선: 94,055원
[2025-10-22 22:55:30] INFO:   \U0001f4ca S20: 1,881,100, Close_D_19: 100,400, S19_next: 1,780,700
[2025-10-22 22:55:30] INFO:   \U0001f3af 정확한 매수선: 1차 74,200, 2차 66,900, 3차 60,400
[2025-10-22 22:55:30] INFO:   \U0001f4c8 기존 엔벨로프: 75,244원 (참고용)
[2025-10-22 22:55:30] INFO: 
[52/73] LG디스플레이 (034220) 분석 중...
[2025-10-22 22:55:30] INFO:   [2025-10-22] 종가: 14,170원, 20일선: 14,182원
[2025-10-22 22:55:30] INFO:   \U0001f4ca S20: 283,650, Close_D_19: 13,010, S19_next: 270,640
[2025-10-22 22:55:30] INFO:   \U0001f3af 정확한 매수선: 1차 11,280, 2차 10,170, 3차 9,170
[2025-10-22 22:55:30] INFO:   \U0001f4c8 기존 엔벨로프: 11,346원 (참고용)
[2025-10-22 22:55:31] INFO: 
[53/73] 대한조선 (439260) 분석 중...
[2025-10-22 22:55:31] INFO:   [2025-10-22] 종가: 78,700원, 20일선: 79,105원
[2025-10-22 22:55:31] INFO:   \U0001f4ca S20: 1,582,100, Close_D_19: 81,100, S19_next: 1,501,000
[2025-10-22 22:55:31] INFO:   \U0001f3af 정확한 매수선: 1차 62,600, 2차 56,500, 3차 51,000
[2025-10-22 22:55:31] INFO:   \U0001f4c8 기존 엔벨로프: 63,284원 (참고용)
[2025-10-22 22:55:31] INFO: 
[54/73] 에이피알 (278470) 분석 중...
[2025-10-22 22:55:31] INFO:   [2025-10-22] 종가: 237,000원, 20일선: 238,150원
[2025-10-22 22:55:31] INFO:   \U0001f4ca S20: 4,763,000, Close_D_19: 217,500, S19_next: 4,545,500
[2025-10-22 22:55:31] INFO:   \U0001f3af 정확한 매수선: 1차 189,400, 2차 170,600, 3차 153,700
[2025-10-22 22:55:31] INFO:   \U0001f4c8 기존 엔벨로프: 190,520원 (참고용)
[2025-10-22 22:55:31] INFO: 
[55/73] SK바이오팜 (326030) 분석 중...
[2025-10-22 22:55:31] INFO:   [2025-10-22] 종가: 107,800원, 20일선: 105,090원
[2025-10-22 22:55:31] INFO:   \U0001f4ca S20: 2,101,800, Close_D_19: 108,100, S19_next: 1,993,700
[2025-10-22 22:55:31] INFO:   \U0001f3af 정확한 매수선: 1차 83,100, 2차 74,900, 3차 67,600
[2025-10-22 22:55:31] INFO:   \U0001f4c8 기존 엔벨로프: 84,072원 (참고용)
[2025-10-22 22:55:32] INFO: 
[56/73] 한화에어로스페이스 (012450) 분석 중...
[2025-10-22 22:55:32] INFO:   [2025-10-22] 종가: 1,012,000원, 20일선: 1,015,550원
[2025-10-22 22:55:32] INFO:   \U0001f4ca S20: 20,311,000, Close_D_19: 1,024,000, S19_next: 19,287,000
[2025-10-22 22:55:32] INFO:   \U0001f3af 정확한 매수선: 1차 804,000, 2차 725,000, 3차 654,000
[2025-10-22 22:55:32] INFO:   \U0001f4c8 기존 엔벨로프: 812,440원 (참고용)
[2025-10-22 22:55:32] INFO: 
[57/73] 한화시스템 (272210) 분석 중...
[2025-10-22 22:55:32] INFO:   [2025-10-22] 종가: 55,100원, 20일선: 56,925원
[2025-10-22 22:55:32] INFO:   \U0001f4ca S20: 1,138,500, Close_D_19: 58,900, S19_next: 1,079,600
[2025-10-22 22:55:32] INFO:   \U0001f3af 정확한 매수선: 1차 45,000, 2차 40,550, 3차 36,550
[2025-10-22 22:55:32] INFO:   \U0001f4c8 기존 엔벨로프: 45,540원 (참고용)
[2025-10-22 22:55:32] INFO: 
[58/73] 한화솔루션 (009830) 분석 중...
[2025-10-22 22:55:32] INFO:   [2025-10-22] 종가: 30,250원, 20일선: 29,160원
[2025-10-22 22:55:32] INFO:   \U0001f4ca S20: 583,200, Close_D_19: 30,350, S19_next: 552,850
[2025-10-22 22:55:32] INFO:   \U0001f3af 정확한 매수선: 1차 23,050, 2차 20,800, 3차 18,730
[2025-10-22 22:55:32] INFO:   \U0001f4c8 기존 엔벨로프: 23,328원 (참고용)
[2025-10-22 22:55:33] INFO: 
[59/73] 삼성전기 (009150) 분석 중...
[2025-10-22 22:55:33] INFO:   [2025-10-22] 종가: 212,500원, 20일선: 201,755원
[2025-10-22 22:55:33] INFO:   \U0001f4ca S20: 4,035,100, Close_D_19: 194,900, S19_next: 3,840,200
[2025-10-22 22:55:33] INFO:   \U0001f3af 정확한 매수선: 1차 160,100, 2차 144,200, 3차 129,900
[2025-10-22 22:55:33] INFO:   \U0001f4c8 기존 엔벨로프: 161,404원 (참고용)
[2025-10-22 22:55:33] INFO: 
[60/73] 한화비전 (489790) 분석 중...
[2025-10-22 22:55:33] INFO:   [2025-10-22] 종가: 52,300원, 20일선: 54,755원
[2025-10-22 22:55:33] INFO:   \U0001f4ca S20: 1,095,100, Close_D_19: 61,900, S19_next: 1,033,200
[2025-10-22 22:55:33] INFO:   \U0001f3af 정확한 매수선: 1차 43,050, 2차 38,800, 3차 35,000
[2025-10-22 22:55:33] INFO:   \U0001f4c8 기존 엔벨로프: 43,804원 (참고용)
[2025-10-22 22:55:33] INFO: 
[61/73] HD현대인프라코어 (042670) 분석 중...
[2025-10-22 22:55:33] INFO:   [2025-10-22] 종가: 16,000원, 20일선: 15,416원
[2025-10-22 22:55:33] INFO:   \U0001f4ca S20: 308,330, Close_D_19: 16,400, S19_next: 291,930
[2025-10-22 22:55:33] INFO:   \U0001f3af 정확한 매수선: 1차 12,170, 2차 10,970, 3차 9,890
[2025-10-22 22:55:33] INFO:   \U0001f4c8 기존 엔벨로프: 12,333원 (참고용)
[2025-10-22 22:55:33] INFO: 
[62/73] 도우인시스 (484120) 분석 중...
[2025-10-22 22:55:34] INFO:   [2025-10-22] 종가: 29,100원, 20일선: 30,070원
[2025-10-22 22:55:34] INFO:   \U0001f4ca S20: 601,400, Close_D_19: 31,600, S19_next: 569,800
[2025-10-22 22:55:34] INFO:   \U0001f3af 정확한 매수선: 1차 23,750, 2차 21,450, 3차 19,320
[2025-10-22 22:55:34] INFO:   \U0001f4c8 기존 엔벨로프: 24,056원 (참고용)
[2025-10-22 22:55:34] INFO: 
[63/73] KBI동양철관 (008970) 분석 중...
[2025-10-22 22:55:34] INFO:   [2025-10-22] 종가: 2,715원, 20일선: 2,585원
[2025-10-22 22:55:34] INFO:   \U0001f4ca S20: 51,695, Close_D_19: 2,715, S19_next: 48,980
[2025-10-22 22:55:34] INFO:   \U0001f3af 정확한 매수선: 1차 2,045, 2차 1,842, 3차 1,659
[2025-10-22 22:55:34] INFO:   \U0001f4c8 기존 엔벨로프: 2,068원 (참고용)
[2025-10-22 22:55:34] INFO: 
[64/73] YG PLUS (037270) 분석 중...
[2025-10-22 22:55:34] INFO:   [2025-10-22] 종가: 6,610원, 20일선: 7,512원
[2025-10-22 22:55:34] INFO:   \U0001f4ca S20: 150,240, Close_D_19: 8,840, S19_next: 141,400
[2025-10-22 22:55:34] INFO:   \U0001f3af 정확한 매수선: 1차 5,900, 2차 5,320, 3차 4,795
[2025-10-22 22:55:34] INFO:   \U0001f4c8 기존 엔벨로프: 6,010원 (참고용)
[2025-10-22 22:55:34] INFO: 
[65/73] 리가켐바이오 (141080) 분석 중...
[2025-10-22 22:55:35] INFO:   [2025-10-22] 종가: 136,100원, 20일선: 145,520원
[2025-10-22 22:55:35] INFO:   \U0001f4ca S20: 2,910,400, Close_D_19: 148,000, S19_next: 2,762,400
[2025-10-22 22:55:35] INFO:   \U0001f3af 정확한 매수선: 1차 115,100, 2차 103,700, 3차 93,500
[2025-10-22 22:55:35] INFO:   \U0001f4c8 기존 엔벨로프: 116,416원 (참고용)
[2025-10-22 22:55:35] INFO: 
[66/73] 쿠콘 (294570) 분석 중...
[2025-10-22 22:55:35] INFO:   [2025-10-22] 종가: 37,600원, 20일선: 38,408원
[2025-10-22 22:55:35] INFO:   \U0001f4ca S20: 768,150, Close_D_19: 37,200, S19_next: 730,950
[2025-10-22 22:55:35] INFO:   \U0001f3af 정확한 매수선: 1차 30,500, 2차 27,500, 3차 24,800
[2025-10-22 22:55:35] INFO:   \U0001f4c8 기존 엔벨로프: 30,726원 (참고용)
[2025-10-22 22:55:35] INFO: 
[67/73] 파인엠텍 (441270) 분석 중...
[2025-10-22 22:55:35] INFO:   [2025-10-22] 종가: 9,140원, 20일선: 10,680원
[2025-10-22 22:55:35] INFO:   \U0001f4ca S20: 213,600, Close_D_19: 11,990, S19_next: 201,610
[2025-10-22 22:55:35] INFO:   \U0001f3af 정확한 매수선: 1차 8,410, 2차 7,580, 3차 6,840
[2025-10-22 22:55:35] INFO:   \U0001f4c8 기존 엔벨로프: 8,544원 (참고용)
[2025-10-22 22:55:35] INFO:   \U0001f514 1차 매수선까지 8.7% (접근 중!)
[2025-10-22 22:55:35] INFO: 
[68/73] SK스퀘어 (402340) 분석 중...
[2025-10-22 22:55:36] INFO:   [2025-10-22] 종가: 257,500원, 20일선: 229,630원
[2025-10-22 22:55:36] INFO:   \U0001f4ca S20: 4,592,600, Close_D_19: 209,000, S19_next: 4,383,600
[2025-10-22 22:55:36] INFO:   \U0001f3af 정확한 매수선: 1차 182,700, 2차 164,600, 3차 148,300
[2025-10-22 22:55:36] INFO:   \U0001f4c8 기존 엔벨로프: 183,704원 (참고용)
[2025-10-22 22:55:36] INFO: 
[69/73] POSCO홀딩스 (005490) 분석 중...
[2025-10-22 22:55:36] INFO:   [2025-10-22] 종가: 310,000원, 20일선: 281,800원
[2025-10-22 22:55:36] INFO:   \U0001f4ca S20: 5,636,000, Close_D_19: 285,000, S19_next: 5,351,000
[2025-10-22 22:55:36] INFO:   \U0001f3af 정확한 매수선: 1차 223,000, 2차 201,500, 3차 181,500
[2025-10-22 22:55:36] INFO:   \U0001f4c8 기존 엔벨로프: 225,440원 (참고용)
[2025-10-22 22:55:36] INFO: 
[70/73] HD현대건설기계 (267270) 분석 중...
[2025-10-22 22:55:36] INFO:   [2025-10-22] 종가: 104,000원, 20일선: 96,115원
[2025-10-22 22:55:36] INFO:   \U0001f4ca S20: 1,922,300, Close_D_19: 97,700, S19_next: 1,824,600
[2025-10-22 22:55:36] INFO:   \U0001f3af 정확한 매수선: 1차 76,100, 2차 68,600, 3차 61,900
[2025-10-22 22:55:36] INFO:   \U0001f4c8 기존 엔벨로프: 76,892원 (참고용)
[2025-10-22 22:55:36] INFO: 
[71/73] 한화 (000880) 분석 중...
[2025-10-22 22:55:37] INFO:   [2025-10-22] 종가: 96,000원, 20일선: 86,665원
[2025-10-22 22:55:37] INFO:   \U0001f4ca S20: 1,733,300, Close_D_19: 92,700, S19_next: 1,640,600
[2025-10-22 22:55:37] INFO:   \U0001f3af 정확한 매수선: 1차 68,400, 2차 61,700, 3차 55,700
[2025-10-22 22:55:37] INFO:   \U0001f4c8 기존 엔벨로프: 69,332원 (참고용)
[2025-10-22 22:55:37] INFO: 
[72/73] SK (034730) 분석 중...
[2025-10-22 22:55:37] INFO:   [2025-10-22] 종가: 234,000원, 20일선: 220,375원
[2025-10-22 22:55:37] INFO:   \U0001f4ca S20: 4,407,500, Close_D_19: 230,000, S19_next: 4,177,500
[2025-10-22 22:55:37] INFO:   \U0001f3af 정확한 매수선: 1차 174,100, 2차 156,800, 3차 141,300
[2025-10-22 22:55:37] INFO:   \U0001f4c8 기존 엔벨로프: 176,300원 (참고용)
[2025-10-22 22:55:37] INFO: 
[73/73] SK이노베이션 (096770) 분석 중...
[2025-10-22 22:55:37] INFO:   [2025-10-22] 종가: 126,300원, 20일선: 107,655원
[2025-10-22 22:55:37] INFO:   \U0001f4ca S20: 2,153,100, Close_D_19: 107,000, S19_next: 2,046,100
[2025-10-22 22:55:37] INFO:   \U0001f3af 정확한 매수선: 1차 85,300, 2차 76,900, 3차 69,400
[2025-10-22 22:55:37] INFO:   \U0001f4c8 기존 엔벨로프: 86,124원 (참고용)
[2025-10-22 22:55:37] INFO: \u2713 1개 종목을 History로 이동 (총 1개 기록)
[2025-10-22 22:55:38] INFO: \u2713 Summary 저장 완료: 72개 종목
[2025-10-22 22:55:38] INFO: \u2713 History 저장 완료: 1개 종목
[2025-10-22 22:55:38] INFO: 
================================================================================
[2025-10-22 22:55:38] INFO: \U0001f514 알람: 4개
[2025-10-22 22:55:38] INFO: ================================================================================
[2025-10-22 22:55:38] INFO: \U0001f534 일동제약 (249420): +3% 매도선까지 2.7%
[2025-10-22 22:55:38] INFO: \U0001f534 우리기술투자 (041190): 1차 매수선까지 8.8% (접근 중!)
[2025-10-22 22:55:38] INFO: \U0001f534 지투지바이오 (456160): 매도 완료
[2025-10-22 22:55:38] INFO: \U0001f534 파인엠텍 (441270): 1차 매수선까지 8.7% (접근 중!)
[2025-10-22 22:55:39] INFO: \u2713 텔레그램 전송 성공: me
[2025-10-22 22:55:40] INFO: \u2713 텔레그램 전송 성공: yoonjoo
[2025-10-22 22:55:41] INFO: \u2713 텔레그램 전송 성공: minjeong
[2025-10-22 22:55:42] INFO: \u2713 텔레그램 전송 성공: jumeoni
[2025-10-22 22:55:42] INFO: \u2713 텔레그램 일일 리포트 전송 완료
[2025-10-22 22:55:42] INFO: 
================================================================================
[2025-10-22 22:55:42] INFO: 완료
[2025-10-22 22:55:42] INFO: 분석: 73개 종목
[2025-10-22 22:55:42] INFO: 알람: 4개
[2025-10-22 22:55:42] INFO: ================================================================================
Step 2 completed successfully 
Completion Time: 2025-10-22 22:55:42.29 
======================================== 
SUCCESS: All steps completed successfully 
